../Middlewares/ST/STM32_USB_Device_Library/Class/MSC/Src/usbd_msc.c:543:11:USBD_MSC_GetHSCfgDesc	0	static
../Middlewares/ST/STM32_USB_Device_Library/Class/MSC/Src/usbd_msc.c:555:11:USBD_MSC_GetFSCfgDesc	0	static
../Middlewares/ST/STM32_USB_Device_Library/Class/MSC/Src/usbd_msc.c:567:11:USBD_MSC_GetOtherSpeedCfgDesc	0	static
../Middlewares/ST/STM32_USB_Device_Library/Class/MSC/Src/usbd_msc.c:578:11:USBD_MSC_GetDeviceQualifierDescriptor	0	static
../Middlewares/ST/STM32_USB_Device_Library/Class/MSC/Src/usbd_msc.c:301:10:USBD_MSC_Init	8	static
../Middlewares/ST/STM32_USB_Device_Library/Class/MSC/Src/usbd_msc.c:358:10:USBD_MSC_DeInit	8	static
../Middlewares/ST/STM32_USB_Device_Library/Class/MSC/Src/usbd_msc.c:388:10:USBD_MSC_Setup	24	static
../Middlewares/ST/STM32_USB_Device_Library/Class/MSC/Src/usbd_msc.c:516:10:USBD_MSC_DataIn	8	static
../Middlewares/ST/STM32_USB_Device_Library/Class/MSC/Src/usbd_msc.c:530:10:USBD_MSC_DataOut	8	static
../Middlewares/ST/STM32_USB_Device_Library/Class/MSC/Src/usbd_msc.c:589:10:USBD_MSC_RegisterStorage	0	static
