Archive member included to satisfy reference by file (symbol)

c:/st/stm32cubeide_1.9.0/stm32cubeide/plugins/com.st.stm32cube.ide.mcu.externaltools.gnu-tools-for-stm32.10.3-2021.10.win32_1.0.100.202210260954/tools/bin/../lib/gcc/arm-none-eabi/10.3.1/../../../../arm-none-eabi/lib/thumb/v7e-m+dp/hard\libc_nano.a(lib_a-errno.o)
                              ./src/syscalls.o (__errno)
c:/st/stm32cubeide_1.9.0/stm32cubeide/plugins/com.st.stm32cube.ide.mcu.externaltools.gnu-tools-for-stm32.10.3-2021.10.win32_1.0.100.202210260954/tools/bin/../lib/gcc/arm-none-eabi/10.3.1/../../../../arm-none-eabi/lib/thumb/v7e-m+dp/hard\libc_nano.a(lib_a-exit.o)
                              c:/st/stm32cubeide_1.9.0/stm32cubeide/plugins/com.st.stm32cube.ide.mcu.externaltools.gnu-tools-for-stm32.10.3-2021.10.win32_1.0.100.202210260954/tools/bin/../lib/gcc/arm-none-eabi/10.3.1/../../../../arm-none-eabi/lib/thumb/v7e-m+dp/hard/crt0.o (exit)
c:/st/stm32cubeide_1.9.0/stm32cubeide/plugins/com.st.stm32cube.ide.mcu.externaltools.gnu-tools-for-stm32.10.3-2021.10.win32_1.0.100.202210260954/tools/bin/../lib/gcc/arm-none-eabi/10.3.1/../../../../arm-none-eabi/lib/thumb/v7e-m+dp/hard\libc_nano.a(lib_a-impure.o)
                              c:/st/stm32cubeide_1.9.0/stm32cubeide/plugins/com.st.stm32cube.ide.mcu.externaltools.gnu-tools-for-stm32.10.3-2021.10.win32_1.0.100.202210260954/tools/bin/../lib/gcc/arm-none-eabi/10.3.1/../../../../arm-none-eabi/lib/thumb/v7e-m+dp/hard\libc_nano.a(lib_a-exit.o) (_global_impure_ptr)
c:/st/stm32cubeide_1.9.0/stm32cubeide/plugins/com.st.stm32cube.ide.mcu.externaltools.gnu-tools-for-stm32.10.3-2021.10.win32_1.0.100.202210260954/tools/bin/../lib/gcc/arm-none-eabi/10.3.1/../../../../arm-none-eabi/lib/thumb/v7e-m+dp/hard\libc_nano.a(lib_a-init.o)
                              c:/st/stm32cubeide_1.9.0/stm32cubeide/plugins/com.st.stm32cube.ide.mcu.externaltools.gnu-tools-for-stm32.10.3-2021.10.win32_1.0.100.202210260954/tools/bin/../lib/gcc/arm-none-eabi/10.3.1/../../../../arm-none-eabi/lib/thumb/v7e-m+dp/hard/crt0.o (__libc_init_array)
c:/st/stm32cubeide_1.9.0/stm32cubeide/plugins/com.st.stm32cube.ide.mcu.externaltools.gnu-tools-for-stm32.10.3-2021.10.win32_1.0.100.202210260954/tools/bin/../lib/gcc/arm-none-eabi/10.3.1/../../../../arm-none-eabi/lib/thumb/v7e-m+dp/hard\libc_nano.a(lib_a-memcmp.o)
                              ./Middlewares/Third_Party/LwIP/src/netif/etharp.o (memcmp)
c:/st/stm32cubeide_1.9.0/stm32cubeide/plugins/com.st.stm32cube.ide.mcu.externaltools.gnu-tools-for-stm32.10.3-2021.10.win32_1.0.100.202210260954/tools/bin/../lib/gcc/arm-none-eabi/10.3.1/../../../../arm-none-eabi/lib/thumb/v7e-m+dp/hard\libc_nano.a(lib_a-memcpy-stub.o)
                              ./LwIP_HTTP_Server_Netconn_RTOS/src/ethernetif.o (memcpy)
c:/st/stm32cubeide_1.9.0/stm32cubeide/plugins/com.st.stm32cube.ide.mcu.externaltools.gnu-tools-for-stm32.10.3-2021.10.win32_1.0.100.202210260954/tools/bin/../lib/gcc/arm-none-eabi/10.3.1/../../../../arm-none-eabi/lib/thumb/v7e-m+dp/hard\libc_nano.a(lib_a-memmove.o)
                              ./Middlewares/ST/STM32_USB_Device_Library/Class/AUDIO/Src/usbd_audio.o (memmove)
c:/st/stm32cubeide_1.9.0/stm32cubeide/plugins/com.st.stm32cube.ide.mcu.externaltools.gnu-tools-for-stm32.10.3-2021.10.win32_1.0.100.202210260954/tools/bin/../lib/gcc/arm-none-eabi/10.3.1/../../../../arm-none-eabi/lib/thumb/v7e-m+dp/hard\libc_nano.a(lib_a-memset.o)
                              c:/st/stm32cubeide_1.9.0/stm32cubeide/plugins/com.st.stm32cube.ide.mcu.externaltools.gnu-tools-for-stm32.10.3-2021.10.win32_1.0.100.202210260954/tools/bin/../lib/gcc/arm-none-eabi/10.3.1/../../../../arm-none-eabi/lib/thumb/v7e-m+dp/hard/crt0.o (memset)
c:/st/stm32cubeide_1.9.0/stm32cubeide/plugins/com.st.stm32cube.ide.mcu.externaltools.gnu-tools-for-stm32.10.3-2021.10.win32_1.0.100.202210260954/tools/bin/../lib/gcc/arm-none-eabi/10.3.1/../../../../arm-none-eabi/lib/thumb/v7e-m+dp/hard\libc_nano.a(lib_a-rand.o)
                              ./Middlewares/Third_Party/LwIP/src/core/ipv4/dhcp.o (rand)
c:/st/stm32cubeide_1.9.0/stm32cubeide/plugins/com.st.stm32cube.ide.mcu.externaltools.gnu-tools-for-stm32.10.3-2021.10.win32_1.0.100.202210260954/tools/bin/../lib/gcc/arm-none-eabi/10.3.1/../../../../arm-none-eabi/lib/thumb/v7e-m+dp/hard\libc_nano.a(lib_a-sprintf.o)
                              ./LwIP_HTTP_Server_Netconn_RTOS/src/httpserver-netconn.o (sprintf)
c:/st/stm32cubeide_1.9.0/stm32cubeide/plugins/com.st.stm32cube.ide.mcu.externaltools.gnu-tools-for-stm32.10.3-2021.10.win32_1.0.100.202210260954/tools/bin/../lib/gcc/arm-none-eabi/10.3.1/../../../../arm-none-eabi/lib/thumb/v7e-m+dp/hard\libc_nano.a(lib_a-sscanf.o)
                              ./src/uart_cmd.o (sscanf)
[...]
Memory Configuration

Name             Origin             Length             Attributes
ITCMRAM          0x0000000000000000 0x0000000000004000 xr
FLASH            0x0000000008000000 0x0000000000200000 xr
Memory_B1        0x0000000020000000 0x00000000000000a0 xrw
Memory_B2        0x00000000200000a0 0x00000000000000a0 xrw
Memory_B3        0x0000000020000140 0x0000000000001dc4 xrw
Memory_B4        0x0000000020001f04 0x0000000000001dc4 xrw
DTCMRAM          0x0000000020003cc8 0x000000000001c338 rw
RAM              0x0000000020020000 0x0000000000060000 xrw
*default*        0x0000000000000000 0xffffffffffffffff

Linker script and memory map

LOAD c:/st/stm32cubeide_1.9.0/stm32cubeide/plugins/com.st.stm32cube.ide.mcu.externaltools.gnu-tools-for-stm32.10.3-2021.10.win32_1.0.100.202210260954/tools/bin/../lib/gcc/arm-none-eabi/10.3.1/thumb/v7e-m+dp/hard/crti.o
LOAD c:/st/stm32cubeide_1.9.0/stm32cubeide/plugins/com.st.stm32cube.ide.mcu.externaltools.gnu-tools-for-stm32.10.3-2021.10.win32_1.0.100.202210260954/tools/bin/../lib/gcc/arm-none-eabi/10.3.1/thumb/v7e-m+dp/hard/crtbegin.o
LOAD c:/st/stm32cubeide_1.9.0/stm32cubeide/plugins/com.st.stm32cube.ide.mcu.externaltools.gnu-tools-for-stm32.10.3-2021.10.win32_1.0.100.202210260954/tools/bin/../lib/gcc/arm-none-eabi/10.3.1/../../../../arm-none-eabi/lib/thumb/v7e-m+dp/hard/crt0.o
LOAD ./CMSIS/DSP_Lib/Source/BasicMathFunctions/arm_abs_f32.o
LOAD ./CMSIS/DSP_Lib/Source/BasicMathFunctions/arm_abs_q15.o
LOAD ./CMSIS/DSP_Lib/Source/BasicMathFunctions/arm_abs_q31.o
LOAD ./CMSIS/DSP_Lib/Source/BasicMathFunctions/arm_abs_q7.o
LOAD ./CMSIS/DSP_Lib/Source/BasicMathFunctions/arm_add_f32.o
LOAD ./CMSIS/DSP_Lib/Source/BasicMathFunctions/arm_add_q15.o
LOAD ./CMSIS/DSP_Lib/Source/BasicMathFunctions/arm_add_q31.o
LOAD ./CMSIS/DSP_Lib/Source/BasicMathFunctions/arm_add_q7.o
LOAD ./CMSIS/DSP_Lib/Source/BasicMathFunctions/arm_dot_prod_f32.o
LOAD ./CMSIS/DSP_Lib/Source/BasicMathFunctions/arm_dot_prod_q15.o
LOAD ./CMSIS/DSP_Lib/Source/BasicMathFunctions/arm_dot_prod_q31.o
LOAD ./CMSIS/DSP_Lib/Source/BasicMathFunctions/arm_dot_prod_q7.o
LOAD ./CMSIS/DSP_Lib/Source/BasicMathFunctions/arm_mult_f32.o
LOAD ./CMSIS/DSP_Lib/Source/BasicMathFunctions/arm_mult_q15.o
LOAD ./CMSIS/DSP_Lib/Source/BasicMathFunctions/arm_mult_q31.o
LOAD ./CMSIS/DSP_Lib/Source/BasicMathFunctions/arm_mult_q7.o
LOAD ./CMSIS/DSP_Lib/Source/BasicMathFunctions/arm_negate_f32.o
LOAD ./CMSIS/DSP_Lib/Source/BasicMathFunctions/arm_negate_q15.o
LOAD ./CMSIS/DSP_Lib/Source/BasicMathFunctions/arm_negate_q31.o
LOAD ./CMSIS/DSP_Lib/Source/BasicMathFunctions/arm_negate_q7.o
LOAD ./CMSIS/DSP_Lib/Source/BasicMathFunctions/arm_offset_f32.o
LOAD ./CMSIS/DSP_Lib/Source/BasicMathFunctions/arm_offset_q15.o
LOAD ./CMSIS/DSP_Lib/Source/BasicMathFunctions/arm_offset_q31.o
LOAD ./CMSIS/DSP_Lib/Source/BasicMathFunctions/arm_offset_q7.o
LOAD ./CMSIS/DSP_Lib/Source/BasicMathFunctions/arm_scale_f32.o
LOAD ./CMSIS/DSP_Lib/Source/BasicMathFunctions/arm_scale_q15.o
LOAD ./CMSIS/DSP_Lib/Source/BasicMathFunctions/arm_scale_q31.o
LOAD ./CMSIS/DSP_Lib/Source/BasicMathFunctions/arm_scale_q7.o
LOAD ./CMSIS/DSP_Lib/Source/BasicMathFunctions/arm_shift_q15.o
LOAD ./CMSIS/DSP_Lib/Source/BasicMathFunctions/arm_shift_q31.o
LOAD ./CMSIS/DSP_Lib/Source/BasicMathFunctions/arm_shift_q7.o
LOAD ./CMSIS/DSP_Lib/Source/BasicMathFunctions/arm_sub_f32.o
LOAD ./CMSIS/DSP_Lib/Source/BasicMathFunctions/arm_sub_q15.o
LOAD ./CMSIS/DSP_Lib/Source/BasicMathFunctions/arm_sub_q31.o
LOAD ./CMSIS/DSP_Lib/Source/BasicMathFunctions/arm_sub_q7.o
LOAD ./CMSIS/DSP_Lib/Source/CommonTables/arm_common_tables.o
LOAD ./CMSIS/DSP_Lib/Source/CommonTables/arm_const_structs.o
LOAD ./CMSIS/DSP_Lib/Source/ComplexMathFunctions/arm_cmplx_conj_f32.o
LOAD ./CMSIS/DSP_Lib/Source/ComplexMathFunctions/arm_cmplx_conj_q15.o
LOAD ./CMSIS/DSP_Lib/Source/ComplexMathFunctions/arm_cmplx_conj_q31.o
LOAD ./CMSIS/DSP_Lib/Source/ComplexMathFunctions/arm_cmplx_dot_prod_f32.o
LOAD ./CMSIS/DSP_Lib/Source/ComplexMathFunctions/arm_cmplx_dot_prod_q15.o
LOAD ./CMSIS/DSP_Lib/Source/ComplexMathFunctions/arm_cmplx_dot_prod_q31.o
LOAD ./CMSIS/DSP_Lib/Source/ComplexMathFunctions/arm_cmplx_mag_f32.o
LOAD ./CMSIS/DSP_Lib/Source/ComplexMathFunctions/arm_cmplx_mag_q15.o
LOAD ./CMSIS/DSP_Lib/Source/ComplexMathFunctions/arm_cmplx_mag_q31.o
LOAD ./CMSIS/DSP_Lib/Source/ComplexMathFunctions/arm_cmplx_mag_squared_f32.o
LOAD ./CMSIS/DSP_Lib/Source/ComplexMathFunctions/arm_cmplx_mag_squared_q15.o
LOAD ./CMSIS/DSP_Lib/Source/ComplexMathFunctions/arm_cmplx_mag_squared_q31.o
LOAD ./CMSIS/DSP_Lib/Source/ComplexMathFunctions/arm_cmplx_mult_cmplx_f32.o
LOAD ./CMSIS/DSP_Lib/Source/ComplexMathFunctions/arm_cmplx_mult_cmplx_q15.o
LOAD ./CMSIS/DSP_Lib/Source/ComplexMathFunctions/arm_cmplx_mult_cmplx_q31.o
LOAD ./CMSIS/DSP_Lib/Source/ComplexMathFunctions/arm_cmplx_mult_real_f32.o
LOAD ./CMSIS/DSP_Lib/Source/ComplexMathFunctions/arm_cmplx_mult_real_q15.o
LOAD ./CMSIS/DSP_Lib/Source/ComplexMathFunctions/arm_cmplx_mult_real_q31.o
LOAD ./CMSIS/DSP_Lib/Source/ControllerFunctions/arm_pid_init_f32.o
LOAD ./CMSIS/DSP_Lib/Source/ControllerFunctions/arm_pid_init_q15.o
LOAD ./CMSIS/DSP_Lib/Source/ControllerFunctions/arm_pid_init_q31.o
LOAD ./CMSIS/DSP_Lib/Source/ControllerFunctions/arm_pid_reset_f32.o
LOAD ./CMSIS/DSP_Lib/Source/ControllerFunctions/arm_pid_reset_q15.o
LOAD ./CMSIS/DSP_Lib/Source/ControllerFunctions/arm_pid_reset_q31.o
LOAD ./CMSIS/DSP_Lib/Source/ControllerFunctions/arm_sin_cos_f32.o
LOAD ./CMSIS/DSP_Lib/Source/ControllerFunctions/arm_sin_cos_q31.o
LOAD ./CMSIS/DSP_Lib/Source/FastMathFunctions/arm_cos_f32.o
LOAD ./CMSIS/DSP_Lib/Source/FastMathFunctions/arm_cos_q15.o
LOAD ./CMSIS/DSP_Lib/Source/FastMathFunctions/arm_cos_q31.o
LOAD ./CMSIS/DSP_Lib/Source/FastMathFunctions/arm_sin_f32.o
LOAD ./CMSIS/DSP_Lib/Source/FastMathFunctions/arm_sin_q15.o
LOAD ./CMSIS/DSP_Lib/Source/FastMathFunctions/arm_sin_q31.o
LOAD ./CMSIS/DSP_Lib/Source/FastMathFunctions/arm_sqrt_q15.o
LOAD ./CMSIS/DSP_Lib/Source/FastMathFunctions/arm_sqrt_q31.o
LOAD ./CMSIS/DSP_Lib/Source/FilteringFunctions/arm_biquad_cascade_df1_32x64_init_q31.o
LOAD ./CMSIS/DSP_Lib/Source/FilteringFunctions/arm_biquad_cascade_df1_32x64_q31.o
LOAD ./CMSIS/DSP_Lib/Source/FilteringFunctions/arm_biquad_cascade_df1_f32.o
LOAD ./CMSIS/DSP_Lib/Source/FilteringFunctions/arm_biquad_cascade_df1_fast_q15.o
LOAD ./CMSIS/DSP_Lib/Source/FilteringFunctions/arm_biquad_cascade_df1_fast_q31.o
LOAD ./CMSIS/DSP_Lib/Source/FilteringFunctions/arm_biquad_cascade_df1_init_f32.o
LOAD ./CMSIS/DSP_Lib/Source/FilteringFunctions/arm_biquad_cascade_df1_init_q15.o
LOAD ./CMSIS/DSP_Lib/Source/FilteringFunctions/arm_biquad_cascade_df1_init_q31.o
LOAD ./CMSIS/DSP_Lib/Source/FilteringFunctions/arm_biquad_cascade_df1_q15.o
LOAD ./CMSIS/DSP_Lib/Source/FilteringFunctions/arm_biquad_cascade_df1_q31.o
LOAD ./CMSIS/DSP_Lib/Source/FilteringFunctions/arm_biquad_cascade_df2T_f32.o
LOAD ./CMSIS/DSP_Lib/Source/FilteringFunctions/arm_biquad_cascade_df2T_f64.o
LOAD ./CMSIS/DSP_Lib/Source/FilteringFunctions/arm_biquad_cascade_df2T_init_f32.o
LOAD ./CMSIS/DSP_Lib/Source/FilteringFunctions/arm_biquad_cascade_df2T_init_f64.o
LOAD ./CMSIS/DSP_Lib/Source/FilteringFunctions/arm_biquad_cascade_stereo_df2T_f32.o
LOAD ./CMSIS/DSP_Lib/Source/FilteringFunctions/arm_biquad_cascade_stereo_df2T_init_f32.o
LOAD ./CMSIS/DSP_Lib/Source/FilteringFunctions/arm_conv_f32.o
LOAD ./CMSIS/DSP_Lib/Source/FilteringFunctions/arm_conv_fast_opt_q15.o
LOAD ./CMSIS/DSP_Lib/Source/FilteringFunctions/arm_conv_fast_q15.o
LOAD ./CMSIS/DSP_Lib/Source/FilteringFunctions/arm_conv_fast_q31.o
LOAD ./CMSIS/DSP_Lib/Source/FilteringFunctions/arm_conv_opt_q15.o
LOAD ./CMSIS/DSP_Lib/Source/FilteringFunctions/arm_conv_opt_q7.o
LOAD ./CMSIS/DSP_Lib/Source/FilteringFunctions/arm_conv_partial_f32.o
LOAD ./CMSIS/DSP_Lib/Source/FilteringFunctions/arm_conv_partial_fast_opt_q15.o
LOAD ./CMSIS/DSP_Lib/Source/FilteringFunctions/arm_conv_partial_fast_q15.o
LOAD ./CMSIS/DSP_Lib/Source/FilteringFunctions/arm_conv_partial_fast_q31.o
LOAD ./CMSIS/DSP_Lib/Source/FilteringFunctions/arm_conv_partial_opt_q15.o
LOAD ./CMSIS/DSP_Lib/Source/FilteringFunctions/arm_conv_partial_opt_q7.o
LOAD ./CMSIS/DSP_Lib/Source/FilteringFunctions/arm_conv_partial_q15.o
LOAD ./CMSIS/DSP_Lib/Source/FilteringFunctions/arm_conv_partial_q31.o
LOAD ./CMSIS/DSP_Lib/Source/FilteringFunctions/arm_conv_partial_q7.o
LOAD ./CMSIS/DSP_Lib/Source/FilteringFunctions/arm_conv_q15.o
LOAD ./CMSIS/DSP_Lib/Source/FilteringFunctions/arm_conv_q31.o
LOAD ./CMSIS/DSP_Lib/Source/FilteringFunctions/arm_conv_q7.o
LOAD ./CMSIS/DSP_Lib/Source/FilteringFunctions/arm_correlate_f32.o
LOAD ./CMSIS/DSP_Lib/Source/FilteringFunctions/arm_correlate_fast_opt_q15.o
LOAD ./CMSIS/DSP_Lib/Source/FilteringFunctions/arm_correlate_fast_q15.o
LOAD ./CMSIS/DSP_Lib/Source/FilteringFunctions/arm_correlate_fast_q31.o
LOAD ./CMSIS/DSP_Lib/Source/FilteringFunctions/arm_correlate_opt_q15.o
LOAD ./CMSIS/DSP_Lib/Source/FilteringFunctions/arm_correlate_opt_q7.o
LOAD ./CMSIS/DSP_Lib/Source/FilteringFunctions/arm_correlate_q15.o
LOAD ./CMSIS/DSP_Lib/Source/FilteringFunctions/arm_correlate_q31.o
LOAD ./CMSIS/DSP_Lib/Source/FilteringFunctions/arm_correlate_q7.o
LOAD ./CMSIS/DSP_Lib/Source/FilteringFunctions/arm_fir_decimate_f32.o
LOAD ./CMSIS/DSP_Lib/Source/FilteringFunctions/arm_fir_decimate_fast_q15.o
LOAD ./CMSIS/DSP_Lib/Source/FilteringFunctions/arm_fir_decimate_fast_q31.o
LOAD ./CMSIS/DSP_Lib/Source/FilteringFunctions/arm_fir_decimate_init_f32.o
LOAD ./CMSIS/DSP_Lib/Source/FilteringFunctions/arm_fir_decimate_init_q15.o
LOAD ./CMSIS/DSP_Lib/Source/FilteringFunctions/arm_fir_decimate_init_q31.o
LOAD ./CMSIS/DSP_Lib/Source/FilteringFunctions/arm_fir_decimate_q15.o
LOAD ./CMSIS/DSP_Lib/Source/FilteringFunctions/arm_fir_decimate_q31.o
LOAD ./CMSIS/DSP_Lib/Source/FilteringFunctions/arm_fir_f32.o
LOAD ./CMSIS/DSP_Lib/Source/FilteringFunctions/arm_fir_fast_q15.o
LOAD ./CMSIS/DSP_Lib/Source/FilteringFunctions/arm_fir_fast_q31.o
LOAD ./CMSIS/DSP_Lib/Source/FilteringFunctions/arm_fir_init_f32.o
LOAD ./CMSIS/DSP_Lib/Source/FilteringFunctions/arm_fir_init_q15.o
LOAD ./CMSIS/DSP_Lib/Source/FilteringFunctions/arm_fir_init_q31.o
LOAD ./CMSIS/DSP_Lib/Source/FilteringFunctions/arm_fir_init_q7.o
LOAD ./CMSIS/DSP_Lib/Source/FilteringFunctions/arm_fir_interpolate_f32.o
LOAD ./CMSIS/DSP_Lib/Source/FilteringFunctions/arm_fir_interpolate_init_f32.o
LOAD ./CMSIS/DSP_Lib/Source/FilteringFunctions/arm_fir_interpolate_init_q15.o
LOAD ./CMSIS/DSP_Lib/Source/FilteringFunctions/arm_fir_interpolate_init_q31.o
LOAD ./CMSIS/DSP_Lib/Source/FilteringFunctions/arm_fir_interpolate_q15.o
LOAD ./CMSIS/DSP_Lib/Source/FilteringFunctions/arm_fir_interpolate_q31.o
LOAD ./CMSIS/DSP_Lib/Source/FilteringFunctions/arm_fir_lattice_f32.o
LOAD ./CMSIS/DSP_Lib/Source/FilteringFunctions/arm_fir_lattice_init_f32.o
LOAD ./CMSIS/DSP_Lib/Source/FilteringFunctions/arm_fir_lattice_init_q15.o
LOAD ./CMSIS/DSP_Lib/Source/FilteringFunctions/arm_fir_lattice_init_q31.o
LOAD ./CMSIS/DSP_Lib/Source/FilteringFunctions/arm_fir_lattice_q15.o
LOAD ./CMSIS/DSP_Lib/Source/FilteringFunctions/arm_fir_lattice_q31.o
LOAD ./CMSIS/DSP_Lib/Source/FilteringFunctions/arm_fir_q15.o
LOAD ./CMSIS/DSP_Lib/Source/FilteringFunctions/arm_fir_q31.o
LOAD ./CMSIS/DSP_Lib/Source/FilteringFunctions/arm_fir_q7.o
LOAD ./CMSIS/DSP_Lib/Source/FilteringFunctions/arm_fir_sparse_f32.o
LOAD ./CMSIS/DSP_Lib/Source/FilteringFunctions/arm_fir_sparse_init_f32.o
LOAD ./CMSIS/DSP_Lib/Source/FilteringFunctions/arm_fir_sparse_init_q15.o
LOAD ./CMSIS/DSP_Lib/Source/FilteringFunctions/arm_fir_sparse_init_q31.o
LOAD ./CMSIS/DSP_Lib/Source/FilteringFunctions/arm_fir_sparse_init_q7.o
LOAD ./CMSIS/DSP_Lib/Source/FilteringFunctions/arm_fir_sparse_q15.o
LOAD ./CMSIS/DSP_Lib/Source/FilteringFunctions/arm_fir_sparse_q31.o
LOAD ./CMSIS/DSP_Lib/Source/FilteringFunctions/arm_fir_sparse_q7.o
LOAD ./CMSIS/DSP_Lib/Source/FilteringFunctions/arm_iir_lattice_f32.o
LOAD ./CMSIS/DSP_Lib/Source/FilteringFunctions/arm_iir_lattice_init_f32.o
LOAD ./CMSIS/DSP_Lib/Source/FilteringFunctions/arm_iir_lattice_init_q15.o
LOAD ./CMSIS/DSP_Lib/Source/FilteringFunctions/arm_iir_lattice_init_q31.o
LOAD ./CMSIS/DSP_Lib/Source/FilteringFunctions/arm_iir_lattice_q15.o
LOAD ./CMSIS/DSP_Lib/Source/FilteringFunctions/arm_iir_lattice_q31.o
LOAD ./CMSIS/DSP_Lib/Source/FilteringFunctions/arm_lms_f32.o
LOAD ./CMSIS/DSP_Lib/Source/FilteringFunctions/arm_lms_init_f32.o
LOAD ./CMSIS/DSP_Lib/Source/FilteringFunctions/arm_lms_init_q15.o
LOAD ./CMSIS/DSP_Lib/Source/FilteringFunctions/arm_lms_init_q31.o
LOAD ./CMSIS/DSP_Lib/Source/FilteringFunctions/arm_lms_norm_f32.o
LOAD ./CMSIS/DSP_Lib/Source/FilteringFunctions/arm_lms_norm_init_f32.o
LOAD ./CMSIS/DSP_Lib/Source/FilteringFunctions/arm_lms_norm_init_q15.o
LOAD ./CMSIS/DSP_Lib/Source/FilteringFunctions/arm_lms_norm_init_q31.o
LOAD ./CMSIS/DSP_Lib/Source/FilteringFunctions/arm_lms_norm_q15.o
LOAD ./CMSIS/DSP_Lib/Source/FilteringFunctions/arm_lms_norm_q31.o
LOAD ./CMSIS/DSP_Lib/Source/FilteringFunctions/arm_lms_q15.o
LOAD ./CMSIS/DSP_Lib/Source/FilteringFunctions/arm_lms_q31.o
LOAD ./CMSIS/DSP_Lib/Source/MatrixFunctions/arm_mat_add_f32.o
LOAD ./CMSIS/DSP_Lib/Source/MatrixFunctions/arm_mat_add_q15.o
LOAD ./CMSIS/DSP_Lib/Source/MatrixFunctions/arm_mat_add_q31.o
LOAD ./CMSIS/DSP_Lib/Source/MatrixFunctions/arm_mat_cmplx_mult_f32.o
LOAD ./CMSIS/DSP_Lib/Source/MatrixFunctions/arm_mat_cmplx_mult_q15.o
LOAD ./CMSIS/DSP_Lib/Source/MatrixFunctions/arm_mat_cmplx_mult_q31.o
LOAD ./CMSIS/DSP_Lib/Source/MatrixFunctions/arm_mat_init_f32.o
LOAD ./CMSIS/DSP_Lib/Source/MatrixFunctions/arm_mat_init_q15.o
LOAD ./CMSIS/DSP_Lib/Source/MatrixFunctions/arm_mat_init_q31.o
LOAD ./CMSIS/DSP_Lib/Source/MatrixFunctions/arm_mat_inverse_f32.o
LOAD ./CMSIS/DSP_Lib/Source/MatrixFunctions/arm_mat_inverse_f64.o
LOAD ./CMSIS/DSP_Lib/Source/MatrixFunctions/arm_mat_mult_f32.o
LOAD ./CMSIS/DSP_Lib/Source/MatrixFunctions/arm_mat_mult_fast_q15.o
LOAD ./CMSIS/DSP_Lib/Source/MatrixFunctions/arm_mat_mult_fast_q31.o
LOAD ./CMSIS/DSP_Lib/Source/MatrixFunctions/arm_mat_mult_q15.o
LOAD ./CMSIS/DSP_Lib/Source/MatrixFunctions/arm_mat_mult_q31.o
LOAD ./CMSIS/DSP_Lib/Source/MatrixFunctions/arm_mat_scale_f32.o
LOAD ./CMSIS/DSP_Lib/Source/MatrixFunctions/arm_mat_scale_q15.o
LOAD ./CMSIS/DSP_Lib/Source/MatrixFunctions/arm_mat_scale_q31.o
LOAD ./CMSIS/DSP_Lib/Source/MatrixFunctions/arm_mat_sub_f32.o
LOAD ./CMSIS/DSP_Lib/Source/MatrixFunctions/arm_mat_sub_q15.o
LOAD ./CMSIS/DSP_Lib/Source/MatrixFunctions/arm_mat_sub_q31.o
LOAD ./CMSIS/DSP_Lib/Source/MatrixFunctions/arm_mat_trans_f32.o
LOAD ./CMSIS/DSP_Lib/Source/MatrixFunctions/arm_mat_trans_q15.o
LOAD ./CMSIS/DSP_Lib/Source/MatrixFunctions/arm_mat_trans_q31.o
LOAD ./CMSIS/DSP_Lib/Source/StatisticsFunctions/arm_max_f32.o
LOAD ./CMSIS/DSP_Lib/Source/StatisticsFunctions/arm_max_q15.o
LOAD ./CMSIS/DSP_Lib/Source/StatisticsFunctions/arm_max_q31.o
LOAD ./CMSIS/DSP_Lib/Source/StatisticsFunctions/arm_max_q7.o
LOAD ./CMSIS/DSP_Lib/Source/StatisticsFunctions/arm_mean_f32.o
LOAD ./CMSIS/DSP_Lib/Source/StatisticsFunctions/arm_mean_q15.o
LOAD ./CMSIS/DSP_Lib/Source/StatisticsFunctions/arm_mean_q31.o
LOAD ./CMSIS/DSP_Lib/Source/StatisticsFunctions/arm_mean_q7.o
LOAD ./CMSIS/DSP_Lib/Source/StatisticsFunctions/arm_min_f32.o
LOAD ./CMSIS/DSP_Lib/Source/StatisticsFunctions/arm_min_q15.o
LOAD ./CMSIS/DSP_Lib/Source/StatisticsFunctions/arm_min_q31.o
LOAD ./CMSIS/DSP_Lib/Source/StatisticsFunctions/arm_min_q7.o
LOAD ./CMSIS/DSP_Lib/Source/StatisticsFunctions/arm_power_f32.o
LOAD ./CMSIS/DSP_Lib/Source/StatisticsFunctions/arm_power_q15.o
LOAD ./CMSIS/DSP_Lib/Source/StatisticsFunctions/arm_power_q31.o
LOAD ./CMSIS/DSP_Lib/Source/StatisticsFunctions/arm_power_q7.o
LOAD ./CMSIS/DSP_Lib/Source/StatisticsFunctions/arm_rms_f32.o
LOAD ./CMSIS/DSP_Lib/Source/StatisticsFunctions/arm_rms_q15.o
LOAD ./CMSIS/DSP_Lib/Source/StatisticsFunctions/arm_rms_q31.o
LOAD ./CMSIS/DSP_Lib/Source/StatisticsFunctions/arm_std_f32.o
LOAD ./CMSIS/DSP_Lib/Source/StatisticsFunctions/arm_std_q15.o
LOAD ./CMSIS/DSP_Lib/Source/StatisticsFunctions/arm_std_q31.o
LOAD ./CMSIS/DSP_Lib/Source/StatisticsFunctions/arm_var_f32.o
LOAD ./CMSIS/DSP_Lib/Source/StatisticsFunctions/arm_var_q15.o
LOAD ./CMSIS/DSP_Lib/Source/StatisticsFunctions/arm_var_q31.o
LOAD ./CMSIS/DSP_Lib/Source/SupportFunctions/arm_copy_f32.o
LOAD ./CMSIS/DSP_Lib/Source/SupportFunctions/arm_copy_q15.o
LOAD ./CMSIS/DSP_Lib/Source/SupportFunctions/arm_copy_q31.o
LOAD ./CMSIS/DSP_Lib/Source/SupportFunctions/arm_copy_q7.o
LOAD ./CMSIS/DSP_Lib/Source/SupportFunctions/arm_fill_f32.o
LOAD ./CMSIS/DSP_Lib/Source/SupportFunctions/arm_fill_q15.o
LOAD ./CMSIS/DSP_Lib/Source/SupportFunctions/arm_fill_q31.o
LOAD ./CMSIS/DSP_Lib/Source/SupportFunctions/arm_fill_q7.o
LOAD ./CMSIS/DSP_Lib/Source/SupportFunctions/arm_float_to_q15.o
LOAD ./CMSIS/DSP_Lib/Source/SupportFunctions/arm_float_to_q31.o
LOAD ./CMSIS/DSP_Lib/Source/SupportFunctions/arm_float_to_q7.o
LOAD ./CMSIS/DSP_Lib/Source/SupportFunctions/arm_q15_to_float.o
LOAD ./CMSIS/DSP_Lib/Source/SupportFunctions/arm_q15_to_q31.o
LOAD ./CMSIS/DSP_Lib/Source/SupportFunctions/arm_q15_to_q7.o
LOAD ./CMSIS/DSP_Lib/Source/SupportFunctions/arm_q31_to_float.o
LOAD ./CMSIS/DSP_Lib/Source/SupportFunctions/arm_q31_to_q15.o
LOAD ./CMSIS/DSP_Lib/Source/SupportFunctions/arm_q31_to_q7.o
LOAD ./CMSIS/DSP_Lib/Source/SupportFunctions/arm_q7_to_float.o
LOAD ./CMSIS/DSP_Lib/Source/SupportFunctions/arm_q7_to_q15.o
LOAD ./CMSIS/DSP_Lib/Source/SupportFunctions/arm_q7_to_q31.o
LOAD ./CMSIS/DSP_Lib/Source/TransformFunctions/arm_bitreversal.o
LOAD ./CMSIS/DSP_Lib/Source/TransformFunctions/arm_bitreversal2.o
LOAD ./CMSIS/DSP_Lib/Source/TransformFunctions/arm_cfft_f32.o
LOAD ./CMSIS/DSP_Lib/Source/TransformFunctions/arm_cfft_q15.o
LOAD ./CMSIS/DSP_Lib/Source/TransformFunctions/arm_cfft_q31.o
LOAD ./CMSIS/DSP_Lib/Source/TransformFunctions/arm_cfft_radix2_f32.o
LOAD ./CMSIS/DSP_Lib/Source/TransformFunctions/arm_cfft_radix2_init_f32.o
LOAD ./CMSIS/DSP_Lib/Source/TransformFunctions/arm_cfft_radix2_init_q15.o
LOAD ./CMSIS/DSP_Lib/Source/TransformFunctions/arm_cfft_radix2_init_q31.o
LOAD ./CMSIS/DSP_Lib/Source/TransformFunctions/arm_cfft_radix2_q15.o
LOAD ./CMSIS/DSP_Lib/Source/TransformFunctions/arm_cfft_radix2_q31.o
LOAD ./CMSIS/DSP_Lib/Source/TransformFunctions/arm_cfft_radix4_f32.o
LOAD ./CMSIS/DSP_Lib/Source/TransformFunctions/arm_cfft_radix4_init_f32.o
LOAD ./CMSIS/DSP_Lib/Source/TransformFunctions/arm_cfft_radix4_init_q15.o
LOAD ./CMSIS/DSP_Lib/Source/TransformFunctions/arm_cfft_radix4_init_q31.o
LOAD ./CMSIS/DSP_Lib/Source/TransformFunctions/arm_cfft_radix4_q15.o
LOAD ./CMSIS/DSP_Lib/Source/TransformFunctions/arm_cfft_radix4_q31.o
LOAD ./CMSIS/DSP_Lib/Source/TransformFunctions/arm_cfft_radix8_f32.o
LOAD ./CMSIS/DSP_Lib/Source/TransformFunctions/arm_dct4_f32.o
LOAD ./CMSIS/DSP_Lib/Source/TransformFunctions/arm_dct4_init_f32.o
LOAD ./CMSIS/DSP_Lib/Source/TransformFunctions/arm_dct4_init_q15.o
LOAD ./CMSIS/DSP_Lib/Source/TransformFunctions/arm_dct4_init_q31.o
LOAD ./CMSIS/DSP_Lib/Source/TransformFunctions/arm_dct4_q15.o
LOAD ./CMSIS/DSP_Lib/Source/TransformFunctions/arm_dct4_q31.o
LOAD ./CMSIS/DSP_Lib/Source/TransformFunctions/arm_rfft_f32.o
LOAD ./CMSIS/DSP_Lib/Source/TransformFunctions/arm_rfft_fast_f32.o
LOAD ./CMSIS/DSP_Lib/Source/TransformFunctions/arm_rfft_fast_init_f32.o
LOAD ./CMSIS/DSP_Lib/Source/TransformFunctions/arm_rfft_init_f32.o
LOAD ./CMSIS/DSP_Lib/Source/TransformFunctions/arm_rfft_init_q15.o
LOAD ./CMSIS/DSP_Lib/Source/TransformFunctions/arm_rfft_init_q31.o
LOAD ./CMSIS/DSP_Lib/Source/TransformFunctions/arm_rfft_q15.o
LOAD ./CMSIS/DSP_Lib/Source/TransformFunctions/arm_rfft_q31.o
LOAD ./HAL_Driver/Src/stm32f7xx_hal.o
LOAD ./HAL_Driver/Src/stm32f7xx_hal_adc.o
LOAD ./HAL_Driver/Src/stm32f7xx_hal_adc_ex.o
LOAD ./HAL_Driver/Src/stm32f7xx_hal_can.o
LOAD ./HAL_Driver/Src/stm32f7xx_hal_cec.o
LOAD ./HAL_Driver/Src/stm32f7xx_hal_cortex.o
LOAD ./HAL_Driver/Src/stm32f7xx_hal_crc.o
LOAD ./HAL_Driver/Src/stm32f7xx_hal_crc_ex.o
LOAD ./HAL_Driver/Src/stm32f7xx_hal_cryp.o
LOAD ./HAL_Driver/Src/stm32f7xx_hal_cryp_ex.o
LOAD ./HAL_Driver/Src/stm32f7xx_hal_dac.o
LOAD ./HAL_Driver/Src/stm32f7xx_hal_dac_ex.o
LOAD ./HAL_Driver/Src/stm32f7xx_hal_dcmi.o
LOAD ./HAL_Driver/Src/stm32f7xx_hal_dcmi_ex.o
LOAD ./HAL_Driver/Src/stm32f7xx_hal_dfsdm.o
LOAD ./HAL_Driver/Src/stm32f7xx_hal_dma.o
LOAD ./HAL_Driver/Src/stm32f7xx_hal_dma2d.o
LOAD ./HAL_Driver/Src/stm32f7xx_hal_dma_ex.o
LOAD ./HAL_Driver/Src/stm32f7xx_hal_dsi.o
LOAD ./HAL_Driver/Src/stm32f7xx_hal_eth.o
LOAD ./HAL_Driver/Src/stm32f7xx_hal_flash.o
LOAD ./HAL_Driver/Src/stm32f7xx_hal_flash_ex.o
LOAD ./HAL_Driver/Src/stm32f7xx_hal_gpio.o
LOAD ./HAL_Driver/Src/stm32f7xx_hal_hash.o
LOAD ./HAL_Driver/Src/stm32f7xx_hal_hash_ex.o
LOAD ./HAL_Driver/Src/stm32f7xx_hal_hcd.o
LOAD ./HAL_Driver/Src/stm32f7xx_hal_i2c.o
LOAD ./HAL_Driver/Src/stm32f7xx_hal_i2c_ex.o
LOAD ./HAL_Driver/Src/stm32f7xx_hal_i2s.o
LOAD ./HAL_Driver/Src/stm32f7xx_hal_irda.o
LOAD ./HAL_Driver/Src/stm32f7xx_hal_iwdg.o
LOAD ./HAL_Driver/Src/stm32f7xx_hal_jpeg.o
LOAD ./HAL_Driver/Src/stm32f7xx_hal_lptim.o
LOAD ./HAL_Driver/Src/stm32f7xx_hal_ltdc.o
LOAD ./HAL_Driver/Src/stm32f7xx_hal_ltdc_ex.o
LOAD ./HAL_Driver/Src/stm32f7xx_hal_mdios.o
LOAD ./HAL_Driver/Src/stm32f7xx_hal_nand.o
LOAD ./HAL_Driver/Src/stm32f7xx_hal_nor.o
LOAD ./HAL_Driver/Src/stm32f7xx_hal_pcd.o
LOAD ./HAL_Driver/Src/stm32f7xx_hal_pcd_ex.o
LOAD ./HAL_Driver/Src/stm32f7xx_hal_pwr.o
LOAD ./HAL_Driver/Src/stm32f7xx_hal_pwr_ex.o
LOAD ./HAL_Driver/Src/stm32f7xx_hal_qspi.o
LOAD ./HAL_Driver/Src/stm32f7xx_hal_rcc.o
LOAD ./HAL_Driver/Src/stm32f7xx_hal_rcc_ex.o
LOAD ./HAL_Driver/Src/stm32f7xx_hal_rng.o
LOAD ./HAL_Driver/Src/stm32f7xx_hal_rtc.o
LOAD ./HAL_Driver/Src/stm32f7xx_hal_rtc_ex.o
LOAD ./HAL_Driver/Src/stm32f7xx_hal_sai.o
LOAD ./HAL_Driver/Src/stm32f7xx_hal_sai_ex.o
LOAD ./HAL_Driver/Src/stm32f7xx_hal_sd.o
LOAD ./HAL_Driver/Src/stm32f7xx_hal_sdram.o
LOAD ./HAL_Driver/Src/stm32f7xx_hal_smartcard.o
LOAD ./HAL_Driver/Src/stm32f7xx_hal_smartcard_ex.o
LOAD ./HAL_Driver/Src/stm32f7xx_hal_spdifrx.o
LOAD ./HAL_Driver/Src/stm32f7xx_hal_spi.o
LOAD ./HAL_Driver/Src/stm32f7xx_hal_sram.o
LOAD ./HAL_Driver/Src/stm32f7xx_hal_tim.o
LOAD ./HAL_Driver/Src/stm32f7xx_hal_tim_ex.o
LOAD ./HAL_Driver/Src/stm32f7xx_hal_uart.o
LOAD ./HAL_Driver/Src/stm32f7xx_hal_usart.o
LOAD ./HAL_Driver/Src/stm32f7xx_hal_wwdg.o
LOAD ./HAL_Driver/Src/stm32f7xx_ll_fmc.o
LOAD ./HAL_Driver/Src/stm32f7xx_ll_sdmmc.o
LOAD ./HAL_Driver/Src/stm32f7xx_ll_usb.o
LOAD ./LwIP_HTTP_Server_Netconn_RTOS/src/app_ethernet.o
LOAD ./LwIP_HTTP_Server_Netconn_RTOS/src/ethernetif.o
LOAD ./LwIP_HTTP_Server_Netconn_RTOS/src/fs.o
LOAD ./LwIP_HTTP_Server_Netconn_RTOS/src/httpserver-netconn.o
LOAD ./LwIP_HTTP_Server_Netconn_RTOS/src/main_http.o
LOAD ./Middlewares/ST/STM32_USB_Device_Library/Class/AUDIO/Src/usbd_audio.o
LOAD ./Middlewares/ST/STM32_USB_Device_Library/Class/AUDIO/Src/usbd_audio_if.o
LOAD ./Middlewares/ST/STM32_USB_Device_Library/Class/AUDIO/Src/usbd_conf.o
LOAD ./Middlewares/ST/STM32_USB_Device_Library/Class/AUDIO/Src/usbd_desc.o
LOAD ./Middlewares/ST/STM32_USB_Device_Library/Class/AUDIO/Src/usbd_main.o
LOAD ./Middlewares/ST/STM32_USB_Device_Library/Class/MSC/Src/usbd_msc.o
LOAD ./Middlewares/ST/STM32_USB_Device_Library/Class/MSC/Src/usbd_msc_bot.o
LOAD ./Middlewares/ST/STM32_USB_Device_Library/Class/MSC/Src/usbd_msc_data.o
LOAD ./Middlewares/ST/STM32_USB_Device_Library/Class/MSC/Src/usbd_msc_scsi.o
LOAD ./Middlewares/ST/STM32_USB_Device_Library/Core/Src/usbd_core.o
LOAD ./Middlewares/ST/STM32_USB_Device_Library/Core/Src/usbd_ctlreq.o
LOAD ./Middlewares/ST/STM32_USB_Device_Library/Core/Src/usbd_ioreq.o
LOAD ./Middlewares/Third_Party/FatFs/src/diskio.o
LOAD ./Middlewares/Third_Party/FatFs/src/ff.o
LOAD ./Middlewares/Third_Party/FatFs/src/ff_gen_drv.o
LOAD ./Middlewares/Third_Party/FatFs/src/drivers/sd_diskio.o
LOAD ./Middlewares/Third_Party/FatFs/src/option/syscall.o
LOAD ./Middlewares/Third_Party/FatFs/src/option/unicode.o
LOAD ./Middlewares/Third_Party/FreeRTOS/Source/CMSIS_RTOS/cmsis_os.o
LOAD ./Middlewares/Third_Party/FreeRTOS/Source/croutine.o
LOAD ./Middlewares/Third_Party/FreeRTOS/Source/event_groups.o
LOAD ./Middlewares/Third_Party/FreeRTOS/Source/list.o
LOAD ./Middlewares/Third_Party/FreeRTOS/Source/queue.o
LOAD ./Middlewares/Third_Party/FreeRTOS/Source/tasks.o
LOAD ./Middlewares/Third_Party/FreeRTOS/Source/timers.o
LOAD ./Middlewares/Third_Party/FreeRTOS/Source/portable/GCC/ARM_CM7/port.o
LOAD ./Middlewares/Third_Party/FreeRTOS/Source/portable/MemMang/heap_4.o
LOAD ./Middlewares/Third_Party/LwIP/src/api/api_lib.o
LOAD ./Middlewares/Third_Party/LwIP/src/api/api_msg.o
LOAD ./Middlewares/Third_Party/LwIP/src/api/err.o
LOAD ./Middlewares/Third_Party/LwIP/src/api/netbuf.o
LOAD ./Middlewares/Third_Party/LwIP/src/api/netdb.o
LOAD ./Middlewares/Third_Party/LwIP/src/api/netifapi.o
LOAD ./Middlewares/Third_Party/LwIP/src/api/pppapi.o
LOAD ./Middlewares/Third_Party/LwIP/src/api/sockets.o
LOAD ./Middlewares/Third_Party/LwIP/src/api/tcpip.o
LOAD ./Middlewares/Third_Party/LwIP/src/core/def.o
LOAD ./Middlewares/Third_Party/LwIP/src/core/dns.o
LOAD ./Middlewares/Third_Party/LwIP/src/core/inet_chksum.o
LOAD ./Middlewares/Third_Party/LwIP/src/core/init.o
LOAD ./Middlewares/Third_Party/LwIP/src/core/lwip_timers.o
LOAD ./Middlewares/Third_Party/LwIP/src/core/mem.o
LOAD ./Middlewares/Third_Party/LwIP/src/core/memp.o
LOAD ./Middlewares/Third_Party/LwIP/src/core/netif.o
LOAD ./Middlewares/Third_Party/LwIP/src/core/pbuf.o
LOAD ./Middlewares/Third_Party/LwIP/src/core/raw.o
LOAD ./Middlewares/Third_Party/LwIP/src/core/stats.o
LOAD ./Middlewares/Third_Party/LwIP/src/core/sys.o
LOAD ./Middlewares/Third_Party/LwIP/src/core/tcp.o
LOAD ./Middlewares/Third_Party/LwIP/src/core/tcp_in.o
LOAD ./Middlewares/Third_Party/LwIP/src/core/tcp_out.o
LOAD ./Middlewares/Third_Party/LwIP/src/core/udp.o
LOAD ./Middlewares/Third_Party/LwIP/src/core/ipv4/autoip.o
LOAD ./Middlewares/Third_Party/LwIP/src/core/ipv4/dhcp.o
LOAD ./Middlewares/Third_Party/LwIP/src/core/ipv4/icmp.o
LOAD ./Middlewares/Third_Party/LwIP/src/core/ipv4/igmp.o
LOAD ./Middlewares/Third_Party/LwIP/src/core/ipv4/ip4.o
LOAD ./Middlewares/Third_Party/LwIP/src/core/ipv4/ip4_addr.o
LOAD ./Middlewares/Third_Party/LwIP/src/core/ipv4/ip_frag.o
LOAD ./Middlewares/Third_Party/LwIP/src/netif/etharp.o
LOAD ./Middlewares/Third_Party/LwIP/src/netif/slipif.o
LOAD ./Middlewares/Third_Party/LwIP/src/netif/ppp/auth.o
LOAD ./Middlewares/Third_Party/LwIP/src/netif/ppp/ccp.o
LOAD ./Middlewares/Third_Party/LwIP/src/netif/ppp/chap-md5.o
LOAD ./Middlewares/Third_Party/LwIP/src/netif/ppp/chap-new.o
LOAD ./Middlewares/Third_Party/LwIP/src/netif/ppp/chap_ms.o
LOAD ./Middlewares/Third_Party/LwIP/src/netif/ppp/demand.o
LOAD ./Middlewares/Third_Party/LwIP/src/netif/ppp/eap.o
LOAD ./Middlewares/Third_Party/LwIP/src/netif/ppp/ecp.o
LOAD ./Middlewares/Third_Party/LwIP/src/netif/ppp/eui64.o
LOAD ./Middlewares/Third_Party/LwIP/src/netif/ppp/fsm.o
LOAD ./Middlewares/Third_Party/LwIP/src/netif/ppp/ipcp.o
LOAD ./Middlewares/Third_Party/LwIP/src/netif/ppp/ipv6cp.o
LOAD ./Middlewares/Third_Party/LwIP/src/netif/ppp/lcp.o
LOAD ./Middlewares/Third_Party/LwIP/src/netif/ppp/magic.o
LOAD ./Middlewares/Third_Party/LwIP/src/netif/ppp/mppe.o
LOAD ./Middlewares/Third_Party/LwIP/src/netif/ppp/multilink.o
LOAD ./Middlewares/Third_Party/LwIP/src/netif/ppp/ppp.o
LOAD ./Middlewares/Third_Party/LwIP/src/netif/ppp/pppcrypt.o
LOAD ./Middlewares/Third_Party/LwIP/src/netif/ppp/pppoe.o
LOAD ./Middlewares/Third_Party/LwIP/src/netif/ppp/pppol2tp.o
LOAD ./Middlewares/Third_Party/LwIP/src/netif/ppp/pppos.o
LOAD ./Middlewares/Third_Party/LwIP/src/netif/ppp/upap.o
LOAD ./Middlewares/Third_Party/LwIP/src/netif/ppp/utils.o
LOAD ./Middlewares/Third_Party/LwIP/src/netif/ppp/vj.o
LOAD ./Middlewares/Third_Party/LwIP/src/netif/ppp/polarssl/arc4.o
LOAD ./Middlewares/Third_Party/LwIP/src/netif/ppp/polarssl/des.o
LOAD ./Middlewares/Third_Party/LwIP/src/netif/ppp/polarssl/md4.o
LOAD ./Middlewares/Third_Party/LwIP/src/netif/ppp/polarssl/md5.o
LOAD ./Middlewares/Third_Party/LwIP/src/netif/ppp/polarssl/sha1.o
LOAD ./Middlewares/Third_Party/LwIP/system/OS/sys_arch.o
LOAD ./Utilities/Components/exc7200/exc7200.o
LOAD ./Utilities/Components/ft5336/ft5336.o
LOAD ./Utilities/Components/ft6x06/ft6x06.o
LOAD ./Utilities/Components/mfxstm32l152/mfxstm32l152.o
LOAD ./Utilities/Components/otm8009a/otm8009a.o
LOAD ./Utilities/Components/ov9655/ov9655.o
LOAD ./Utilities/Components/s5k5cag/s5k5cag.o
LOAD ./Utilities/Components/st7735/st7735.o
LOAD ./Utilities/Components/stmpe811/stmpe811.o
LOAD ./Utilities/Components/ts3510/ts3510.o
LOAD ./Utilities/Components/wm8994/wm8994.o
LOAD ./Utilities/Log/lcd_log.o
LOAD ./Utilities/STM32F769I-Discovery/stm32f769i_discovery.o
LOAD ./Utilities/STM32F769I-Discovery/stm32f769i_discovery_audio.o
LOAD ./Utilities/STM32F769I-Discovery/stm32f769i_discovery_eeprom.o
LOAD ./Utilities/STM32F769I-Discovery/stm32f769i_discovery_lcd.o
LOAD ./Utilities/STM32F769I-Discovery/stm32f769i_discovery_qspi.o
LOAD ./Utilities/STM32F769I-Discovery/stm32f769i_discovery_sd.o
LOAD ./Utilities/STM32F769I-Discovery/stm32f769i_discovery_sdram.o
LOAD ./Utilities/STM32F769I-Discovery/stm32f769i_discovery_ts.o
LOAD ./src/AudioPlayer.o
LOAD ./src/FFT.o
LOAD ./src/Mem2MemDMA.o
LOAD ./src/README.o
LOAD ./src/SDCard.o
LOAD ./src/SDPlay.o
LOAD ./src/SPDIF_Rx.o
LOAD ./src/SPDIF_Tx.o
LOAD ./src/SPKR_BassBoost.o
LOAD ./src/SRC_i2c.o
LOAD ./src/SRC_i2s_in.o
LOAD ./src/Tone_gen.o
LOAD ./src/VCP_UART.o
LOAD ./src/VUMeter.o
LOAD ./src/config.o
LOAD ./src/main.o
LOAD ./src/stm32f7xx_hal_msp.o
LOAD ./src/stm32f7xx_it.o
LOAD ./src/syscalls.o
LOAD ./src/system_stm32f7xx.o
LOAD ./src/uart_cmd.o
LOAD ./src/usbd_conf_msc.o
LOAD ./src/usbd_desc_msc.o
LOAD ./src/usbd_storage.o
LOAD ./startup/startup_stm32f769xx.o
START GROUP
LOAD c:/st/stm32cubeide_1.9.0/stm32cubeide/plugins/com.st.stm32cube.ide.mcu.externaltools.gnu-tools-for-stm32.10.3-2021.10.win32_1.0.100.202210260954/tools/bin/../lib/gcc/arm-none-eabi/10.3.1/../../../../arm-none-eabi/lib/thumb/v7e-m+dp/hard\libc_nano.a
LOAD c:/st/stm32cubeide_1.9.0/stm32cubeide/plugins/com.st.stm32cube.ide.mcu.externaltools.gnu-tools-for-stm32.10.3-2021.10.win32_1.0.100.202210260954/tools/bin/../lib/gcc/arm-none-eabi/10.3.1/../../../../arm-none-eabi/lib/thumb/v7e-m+dp/hard\libm.a
END GROUP
START GROUP
LOAD c:/st/stm32cubeide_1.9.0/stm32cubeide/plugins/com.st.stm32cube.ide.mcu.externaltools.gnu-tools-for-stm32.10.3-2021.10.win32_1.0.100.202210260954/tools/bin/../lib/gcc/arm-none-eabi/10.3.1/thumb/v7e-m+dp/hard\libgcc.a
LOAD c:/st/stm32cubeide_1.9.0/stm32cubeide/plugins/com.st.stm32cube.ide.mcu.externaltools.gnu-tools-for-stm32.10.3-2021.10.win32_1.0.100.202210260954/tools/bin/../lib/gcc/arm-none-eabi/10.3.1/../../../../arm-none-eabi/lib/thumb/v7e-m+dp/hard\libc_nano.a
END GROUP
START GROUP
LOAD c:/st/stm32cubeide_1.9.0/stm32cubeide/plugins/com.st.stm32cube.ide.mcu.externaltools.gnu-tools-for-stm32.10.3-2021.10.win32_1.0.100.202210260954/tools/bin/../lib/gcc/arm-none-eabi/10.3.1/thumb/v7e-m+dp/hard\libgcc.a
LOAD c:/st/stm32cubeide_1.9.0/stm32cubeide/plugins/com.st.stm32cube.ide.mcu.externaltools.gnu-tools-for-stm32.10.3-2021.10.win32_1.0.100.202210260954/tools/bin/../lib/gcc/arm-none-eabi/10.3.1/../../../../arm-none-eabi/lib/thumb/v7e-m+dp/hard\libc_nano.a
LOAD c:/st/stm32cubeide_1.9.0/stm32cubeide/plugins/com.st.stm32cube.ide.mcu.externaltools.gnu-tools-for-stm32.10.3-2021.10.win32_1.0.100.202210260954/tools/bin/../lib/gcc/arm-none-eabi/10.3.1/../../../../arm-none-eabi/lib/thumb/v7e-m+dp/hard\libnosys.a
END GROUP
START GROUP
LOAD c:/st/stm32cubeide_1.9.0/stm32cubeide/plugins/com.st.stm32cube.ide.mcu.externaltools.gnu-tools-for-stm32.10.3-2021.10.win32_1.0.100.202210260954/tools/bin/../lib/gcc/arm-none-eabi/10.3.1/thumb/v7e-m+dp/hard\libgcc.a
LOAD c:/st/stm32cubeide_1.9.0/stm32cubeide/plugins/com.st.stm32cube.ide.mcu.externaltools.gnu-tools-for-stm32.10.3-2021.10.win32_1.0.100.202210260954/tools/bin/../lib/gcc/arm-none-eabi/10.3.1/../../../../arm-none-eabi/lib/thumb/v7e-m+dp/hard\libc_nano.a
LOAD c:/st/stm32cubeide_1.9.0/stm32cubeide/plugins/com.st.stm32cube.ide.mcu.externaltools.gnu-tools-for-stm32.10.3-2021.10.win32_1.0.100.202210260954/tools/bin/../lib/gcc/arm-none-eabi/10.3.1/../../../../arm-none-eabi/lib/thumb/v7e-m+dp/hard\libnosys.a
END GROUP
LOAD c:/st/stm32cubeide_1.9.0/stm32cubeide/plugins/com.st.stm32cube.ide.mcu.externaltools.gnu-tools-for-stm32.10.3-2021.10.win32_1.0.100.202210260954/tools/bin/../lib/gcc/arm-none-eabi/10.3.1/thumb/v7e-m+dp/hard/crtend.o
LOAD c:/st/stm32cubeide_1.9.0/stm32cubeide/plugins/com.st.stm32cube.ide.mcu.externaltools.gnu-tools-for-stm32.10.3-2021.10.win32_1.0.100.202210260954/tools/bin/../lib/gcc/arm-none-eabi/10.3.1/thumb/v7e-m+dp/hard/crtn.o
                0x0000000000002000                _Min_Heap_Size = 0x2000
                0x0000000000002000                _Min_Stack_Size = 0x2000

.isr_vector     0x0000000008000000      0x1f8
                0x0000000008000000                . = ALIGN (0x4)
 *(.isr_vector)
 .isr_vector    0x0000000008000000      0x1f8 ./startup/startup_stm32f769xx.o
                0x0000000008000000                g_pfnVectors
                0x00000000080001f8                . = ALIGN (0x4)

.text           0x0000000008000200    0x232f8
                0x0000000008000200                . = ALIGN (0x4)
 *(.text)
 .text          0x0000000008000200       0x40 c:/st/stm32cubeide_1.9.0/stm32cubeide/plugins/com.st.stm32cube.ide.mcu.externaltools.gnu-tools-for-stm32.10.3-2021.10.win32_1.0.100.202210260954/tools/bin/../lib/gcc/arm-none-eabi/10.3.1/thumb/v7e-m+dp/hard/crtbegin.o
 .text          0x0000000008000240       0xc0 ./CMSIS/DSP_Lib/Source/TransformFunctions/arm_bitreversal2.o
                0x0000000008000240                arm_bitreversal_32
                0x00000000080002aa                arm_bitreversal_16
 .text          0x0000000008000300       0x14 c:/st/stm32cubeide_1.9.0/stm32cubeide/plugins/com.st.stm32cube.ide.mcu.externaltools.gnu-tools-for-stm32.10.3-2021.10.win32_1.0.100.202210260954/tools/bin/../lib/gcc/arm-none-eabi/10.3.1/../../../../arm-none-eabi/lib/thumb/v7e-m+dp/hard\libc_nano.a(lib_a-strcmp.o)
                0x0000000008000300                strcmp
 .text          0x0000000008000314       0x10 c:/st/stm32cubeide_1.9.0/stm32cubeide/plugins/com.st.stm32cube.ide.mcu.externaltools.gnu-tools-for-stm32.10.3-2021.10.win32_1.0.100.202210260954/tools/bin/../lib/gcc/arm-none-eabi/10.3.1/../../../../arm-none-eabi/lib/thumb/v7e-m+dp/hard\libc_nano.a(lib_a-strlen.o)
                0x0000000008000314                strlen
 *fill*         0x0000000008000324        0xc 
 .text          0x0000000008000330       0xa0 c:/st/stm32cubeide_1.9.0/stm32cubeide/plugins/com.st.stm32cube.ide.mcu.externaltools.gnu-tools-for-stm32.10.3-2021.10.win32_1.0.100.202210260954/tools/bin/../lib/gcc/arm-none-eabi/10.3.1/../../../../arm-none-eabi/lib/thumb/v7e-m+dp/hard\libc_nano.a(lib_a-memchr.o)
                0x0000000008000330                memchr
 *(.text*)
 .text.arm_cmplx_mag_f32
                0x00000000080003d0      0x23c ./CMSIS/DSP_Lib/Source/ComplexMathFunctions/arm_cmplx_mag_f32.o
                0x00000000080003d0                arm_cmplx_mag_f32
 .text.arm_max_f32
                0x000000000800060c       0xdc ./CMSIS/DSP_Lib/Source/StatisticsFunctions/arm_max_f32.o
                0x000000000800060c                arm_max_f32
 .text.arm_min_f32
                0x00000000080006e8       0xdc ./CMSIS/DSP_Lib/Source/StatisticsFunctions/arm_min_f32.o
                0x00000000080006e8                arm_min_f32
 .text.arm_q31_to_float
                0x00000000080007c4       0xb0 ./CMSIS/DSP_Lib/Source/SupportFunctions/arm_q31_to_float.o
                0x00000000080007c4                arm_q31_to_float
 .text.arm_cfft_radix8by2_f32
                0x0000000008000874      0x198 ./CMSIS/DSP_Lib/Source/TransformFunctions/arm_cfft_f32.o
                0x0000000008000874                arm_cfft_radix8by2_f32
 .text.arm_cfft_radix8by4_f32
                0x0000000008000a0c      0x494 ./CMSIS/DSP_Lib/Source/TransformFunctions/arm_cfft_f32.o
                0x0000000008000a0c                arm_cfft_radix8by4_f32
 .text.arm_cfft_f32
                0x0000000008000ea0       0xec ./CMSIS/DSP_Lib/Source/TransformFunctions/arm_cfft_f32.o
                0x0000000008000ea0                arm_cfft_f32
 .text.arm_radix8_butterfly_f32
                0x0000000008000f8c      0x528 ./CMSIS/DSP_Lib/Source/TransformFunctions/arm_cfft_radix8_f32.o
                0x0000000008000f8c                arm_radix8_butterfly_f32
 .text.HAL_MspInit
                0x00000000080014b4        0x4 ./HAL_Driver/Src/stm32f7xx_hal.o
                0x00000000080014b4                HAL_MspInit
 .text.HAL_InitTick
                0x00000000080014b8       0x34 ./HAL_Driver/Src/stm32f7xx_hal.o
                0x00000000080014b8                HAL_InitTick
 .text.HAL_Init
                0x00000000080014ec       0x24 ./HAL_Driver/Src/stm32f7xx_hal.o
                0x00000000080014ec                HAL_Init
 .text.HAL_IncTick
                0x0000000008001510       0x10 ./HAL_Driver/Src/stm32f7xx_hal.o
                0x0000000008001510                HAL_IncTick
 .text.HAL_GetTick
                0x0000000008001520        0xc ./HAL_Driver/Src/stm32f7xx_hal.o
                0x0000000008001520                HAL_GetTick
 .text.HAL_Delay
                0x000000000800152c       0x1c ./HAL_Driver/Src/stm32f7xx_hal.o
                0x000000000800152c                HAL_Delay
 .text.HAL_NVIC_SetPriorityGrouping
                0x0000000008001548       0x24 ./HAL_Driver/Src/stm32f7xx_hal_cortex.o
                0x0000000008001548                HAL_NVIC_SetPriorityGrouping
 .text.HAL_NVIC_SetPriority
                0x000000000800156c       0x7c ./HAL_Driver/Src/stm32f7xx_hal_cortex.o
                0x000000000800156c                HAL_NVIC_SetPriority
 .text.HAL_NVIC_EnableIRQ
                0x00000000080015e8       0x18 ./HAL_Driver/Src/stm32f7xx_hal_cortex.o
                0x00000000080015e8                HAL_NVIC_EnableIRQ
 .text.HAL_SYSTICK_Config
                0x0000000008001600       0x2c ./HAL_Driver/Src/stm32f7xx_hal_cortex.o
                0x0000000008001600                HAL_SYSTICK_Config
 .text.HAL_MPU_ConfigRegion
                0x000000000800162c       0x64 ./HAL_Driver/Src/stm32f7xx_hal_cortex.o
                0x000000000800162c                HAL_MPU_ConfigRegion
 .text.HAL_SYSTICK_Callback
                0x0000000008001690        0x4 ./HAL_Driver/Src/stm32f7xx_hal_cortex.o
                0x0000000008001690                HAL_SYSTICK_Callback
 .text.HAL_SYSTICK_IRQHandler
                0x0000000008001694        0x8 ./HAL_Driver/Src/stm32f7xx_hal_cortex.o
                0x0000000008001694                HAL_SYSTICK_IRQHandler
 .text.HAL_DFSDM_ChannelMspInit
                0x000000000800169c        0x4 ./HAL_Driver/Src/stm32f7xx_hal_dfsdm.o
                0x000000000800169c                HAL_DFSDM_ChannelMspInit
 .text.HAL_DFSDM_ChannelInit
                0x00000000080016a0      0x1cc ./HAL_Driver/Src/stm32f7xx_hal_dfsdm.o
                0x00000000080016a0                HAL_DFSDM_ChannelInit
 .text.HAL_DFSDM_FilterMspInit
                0x000000000800186c        0x4 ./HAL_Driver/Src/stm32f7xx_hal_dfsdm.o
                0x000000000800186c                HAL_DFSDM_FilterMspInit
 .text.HAL_DFSDM_FilterInit
                0x0000000008001870       0xf8 ./HAL_Driver/Src/stm32f7xx_hal_dfsdm.o
                0x0000000008001870                HAL_DFSDM_FilterInit
 .text.HAL_DFSDM_FilterConfigRegChannel
                0x0000000008001968       0x5c ./HAL_Driver/Src/stm32f7xx_hal_dfsdm.o
                0x0000000008001968                HAL_DFSDM_FilterConfigRegChannel
 .text.HAL_DFSDM_FilterRegularStart_DMA
                0x00000000080019c4       0xf8 ./HAL_Driver/Src/stm32f7xx_hal_dfsdm.o
                0x00000000080019c4                HAL_DFSDM_FilterRegularStart_DMA
 .text.DFSDM_DMARegularConvCplt
                0x0000000008001abc        0xc ./HAL_Driver/Src/stm32f7xx_hal_dfsdm.o
 .text.DFSDM_DMARegularHalfConvCplt
                0x0000000008001ac8        0xc ./HAL_Driver/Src/stm32f7xx_hal_dfsdm.o
 .text.HAL_DFSDM_FilterErrorCallback
                0x0000000008001ad4        0x4 ./HAL_Driver/Src/stm32f7xx_hal_dfsdm.o
                0x0000000008001ad4                HAL_DFSDM_FilterErrorCallback
 .text.DFSDM_DMAError
                0x0000000008001ad8       0x10 ./HAL_Driver/Src/stm32f7xx_hal_dfsdm.o
 .text.HAL_DMA_Init
                0x0000000008001ae8      0x134 ./HAL_Driver/Src/stm32f7xx_hal_dma.o
                0x0000000008001ae8                HAL_DMA_Init
 .text.HAL_DMA_DeInit
                0x0000000008001c1c       0x7c ./HAL_Driver/Src/stm32f7xx_hal_dma.o
                0x0000000008001c1c                HAL_DMA_DeInit
 .text.HAL_DMA_Start
                0x0000000008001c98       0x64 ./HAL_Driver/Src/stm32f7xx_hal_dma.o
                0x0000000008001c98                HAL_DMA_Start
 .text.HAL_DMA_Start_IT
                0x0000000008001cfc       0x90 ./HAL_Driver/Src/stm32f7xx_hal_dma.o
                0x0000000008001cfc                HAL_DMA_Start_IT
 .text.HAL_DMA_Abort
                0x0000000008001d8c       0x90 ./HAL_Driver/Src/stm32f7xx_hal_dma.o
                0x0000000008001d8c                HAL_DMA_Abort
 .text.HAL_DMA_Abort_IT
                0x0000000008001e1c       0x28 ./HAL_Driver/Src/stm32f7xx_hal_dma.o
                0x0000000008001e1c                HAL_DMA_Abort_IT
 .text.HAL_DMA_IRQHandler
                0x0000000008001e44      0x1e8 ./HAL_Driver/Src/stm32f7xx_hal_dma.o
                0x0000000008001e44                HAL_DMA_IRQHandler
 .text.HAL_DMA2D_MspInit
                0x000000000800202c        0x4 ./HAL_Driver/Src/stm32f7xx_hal_dma2d.o
                0x000000000800202c                HAL_DMA2D_MspInit
 .text.HAL_DMA2D_Init
                0x0000000008002030       0x98 ./HAL_Driver/Src/stm32f7xx_hal_dma2d.o
                0x0000000008002030                HAL_DMA2D_Init
 .text.HAL_DMA2D_Start
                0x00000000080020c8       0xbc ./HAL_Driver/Src/stm32f7xx_hal_dma2d.o
                0x00000000080020c8                HAL_DMA2D_Start
 .text.HAL_DMA2D_PollForTransfer
                0x0000000008002184      0x130 ./HAL_Driver/Src/stm32f7xx_hal_dma2d.o
                0x0000000008002184                HAL_DMA2D_PollForTransfer
 .text.HAL_DMA2D_ConfigLayer
                0x00000000080022b4      0x100 ./HAL_Driver/Src/stm32f7xx_hal_dma2d.o
                0x00000000080022b4                HAL_DMA2D_ConfigLayer
 .text.HAL_DSI_MspInit
                0x00000000080023b4        0x4 ./HAL_Driver/Src/stm32f7xx_hal_dsi.o
                0x00000000080023b4                HAL_DSI_MspInit
 .text.HAL_DSI_Init
                0x00000000080023b8      0x144 ./HAL_Driver/Src/stm32f7xx_hal_dsi.o
                0x00000000080023b8                HAL_DSI_Init
 .text.HAL_DSI_MspDeInit
                0x00000000080024fc        0x4 ./HAL_Driver/Src/stm32f7xx_hal_dsi.o
                0x00000000080024fc                HAL_DSI_MspDeInit
 .text.HAL_DSI_DeInit
                0x0000000008002500       0x58 ./HAL_Driver/Src/stm32f7xx_hal_dsi.o
                0x0000000008002500                HAL_DSI_DeInit
 .text.HAL_DSI_TearingEffectCallback
                0x0000000008002558        0x4 ./HAL_Driver/Src/stm32f7xx_hal_dsi.o
                0x0000000008002558                HAL_DSI_TearingEffectCallback
 .text.HAL_DSI_ErrorCallback
                0x000000000800255c        0x4 ./HAL_Driver/Src/stm32f7xx_hal_dsi.o
                0x000000000800255c                HAL_DSI_ErrorCallback
 .text.HAL_DSI_IRQHandler
                0x0000000008002560       0xec ./HAL_Driver/Src/stm32f7xx_hal_dsi.o
                0x0000000008002560                HAL_DSI_IRQHandler
 .text.HAL_DSI_ConfigAdaptedCommandMode
                0x000000000800264c       0xec ./HAL_Driver/Src/stm32f7xx_hal_dsi.o
                0x000000000800264c                HAL_DSI_ConfigAdaptedCommandMode
 .text.HAL_DSI_ConfigCommand
                0x0000000008002738       0x6c ./HAL_Driver/Src/stm32f7xx_hal_dsi.o
                0x0000000008002738                HAL_DSI_ConfigCommand
 .text.HAL_DSI_ConfigFlowControl
                0x00000000080027a4       0x28 ./HAL_Driver/Src/stm32f7xx_hal_dsi.o
                0x00000000080027a4                HAL_DSI_ConfigFlowControl
 .text.HAL_DSI_Start
                0x00000000080027cc       0x30 ./HAL_Driver/Src/stm32f7xx_hal_dsi.o
                0x00000000080027cc                HAL_DSI_Start
 .text.HAL_DSI_Refresh
                0x00000000080027fc       0x28 ./HAL_Driver/Src/stm32f7xx_hal_dsi.o
                0x00000000080027fc                HAL_DSI_Refresh
 .text.HAL_DSI_ShortWrite
                0x0000000008002824       0x60 ./HAL_Driver/Src/stm32f7xx_hal_dsi.o
                0x0000000008002824                HAL_DSI_ShortWrite
 .text.HAL_DSI_LongWrite
                0x0000000008002884       0xec ./HAL_Driver/Src/stm32f7xx_hal_dsi.o
                0x0000000008002884                HAL_DSI_LongWrite
 .text.ETH_MACDMAConfig
                0x0000000008002970      0x120 ./HAL_Driver/Src/stm32f7xx_hal_eth.o
 .text.HAL_ETH_DMATxDescListInit
                0x0000000008002a90      0x104 ./HAL_Driver/Src/stm32f7xx_hal_eth.o
                0x0000000008002a90                HAL_ETH_DMATxDescListInit
 .text.HAL_ETH_DMARxDescListInit
                0x0000000008002b94       0xa8 ./HAL_Driver/Src/stm32f7xx_hal_eth.o
                0x0000000008002b94                HAL_ETH_DMARxDescListInit
 .text.HAL_ETH_Init
                0x0000000008002c3c      0x3ac ./HAL_Driver/Src/stm32f7xx_hal_eth.o
                0x0000000008002c3c                HAL_ETH_Init
 .text.HAL_ETH_TransmitFrame
                0x0000000008002fe8      0x108 ./HAL_Driver/Src/stm32f7xx_hal_eth.o
                0x0000000008002fe8                HAL_ETH_TransmitFrame
 .text.HAL_ETH_GetReceivedFrame_IT
                0x00000000080030f0       0xa0 ./HAL_Driver/Src/stm32f7xx_hal_eth.o
                0x00000000080030f0                HAL_ETH_GetReceivedFrame_IT
 .text.HAL_ETH_TxCpltCallback
                0x0000000008003190        0x4 ./HAL_Driver/Src/stm32f7xx_hal_eth.o
                0x0000000008003190                HAL_ETH_TxCpltCallback
 .text.HAL_ETH_ErrorCallback
                0x0000000008003194        0x4 ./HAL_Driver/Src/stm32f7xx_hal_eth.o
                0x0000000008003194                HAL_ETH_ErrorCallback
 .text.HAL_ETH_IRQHandler
                0x0000000008003198       0x7c ./HAL_Driver/Src/stm32f7xx_hal_eth.o
                0x0000000008003198                HAL_ETH_IRQHandler
 .text.HAL_ETH_Start
                0x0000000008003214       0x98 ./HAL_Driver/Src/stm32f7xx_hal_eth.o
                0x0000000008003214                HAL_ETH_Start
 .text.HAL_GPIO_Init
                0x00000000080032ac      0x26c ./HAL_Driver/Src/stm32f7xx_hal_gpio.o
                0x00000000080032ac                HAL_GPIO_Init
 .text.HAL_GPIO_ReadPin
                0x0000000008003518        0xc ./HAL_Driver/Src/stm32f7xx_hal_gpio.o
                0x0000000008003518                HAL_GPIO_ReadPin
 .text.HAL_GPIO_WritePin
                0x0000000008003524        0x8 ./HAL_Driver/Src/stm32f7xx_hal_gpio.o
                0x0000000008003524                HAL_GPIO_WritePin
 .text.I2C_WaitOnTXISFlagUntilTimeout
                0x000000000800352c       0xc4 ./HAL_Driver/Src/stm32f7xx_hal_i2c.o
 .text.I2C_WaitOnSTOPFlagUntilTimeout
                0x00000000080035f0       0xc8 ./HAL_Driver/Src/stm32f7xx_hal_i2c.o
 .text.HAL_I2C_MspInit
                0x00000000080036b8        0x4 ./HAL_Driver/Src/stm32f7xx_hal_i2c.o
                0x00000000080036b8                HAL_I2C_MspInit
 .text.HAL_I2C_Init
                0x00000000080036bc       0xa4 ./HAL_Driver/Src/stm32f7xx_hal_i2c.o
                0x00000000080036bc                HAL_I2C_Init
 .text.HAL_I2C_MspDeInit
                0x0000000008003760        0x4 ./HAL_Driver/Src/stm32f7xx_hal_i2c.o
                0x0000000008003760                HAL_I2C_MspDeInit
 .text.HAL_I2C_DeInit
                0x0000000008003764       0x34 ./HAL_Driver/Src/stm32f7xx_hal_i2c.o
                0x0000000008003764                HAL_I2C_DeInit
 .text.HAL_I2C_Mem_Write
                0x0000000008003798      0x254 ./HAL_Driver/Src/stm32f7xx_hal_i2c.o
                0x0000000008003798                HAL_I2C_Mem_Write
 .text.HAL_I2C_Mem_Read
                0x00000000080039ec      0x288 ./HAL_Driver/Src/stm32f7xx_hal_i2c.o
                0x00000000080039ec                HAL_I2C_Mem_Read
 .text.HAL_I2C_GetState
                0x0000000008003c74        0x8 ./HAL_Driver/Src/stm32f7xx_hal_i2c.o
                0x0000000008003c74                HAL_I2C_GetState
 .text.HAL_LTDC_MspInit
                0x0000000008003c7c        0x4 ./HAL_Driver/Src/stm32f7xx_hal_ltdc.o
                0x0000000008003c7c                HAL_LTDC_MspInit
 .text.HAL_LTDC_Init
                0x0000000008003c80       0xe4 ./HAL_Driver/Src/stm32f7xx_hal_ltdc.o
                0x0000000008003c80                HAL_LTDC_Init
 .text.HAL_LTDC_MspDeInit
                0x0000000008003d64        0x4 ./HAL_Driver/Src/stm32f7xx_hal_ltdc.o
                0x0000000008003d64                HAL_LTDC_MspDeInit
 .text.HAL_LTDC_DeInit
                0x0000000008003d68       0x18 ./HAL_Driver/Src/stm32f7xx_hal_ltdc.o
                0x0000000008003d68                HAL_LTDC_DeInit
 .text.HAL_LTDC_ConfigLayer
                0x0000000008003d80      0x1a8 ./HAL_Driver/Src/stm32f7xx_hal_ltdc.o
                0x0000000008003d80                HAL_LTDC_ConfigLayer
 .text.HAL_PCD_Init
                0x0000000008003f28      0x350 ./HAL_Driver/Src/stm32f7xx_hal_pcd.o
                0x0000000008003f28                HAL_PCD_Init
 .text.HAL_PCD_Start
                0x0000000008004278       0x2c ./HAL_Driver/Src/stm32f7xx_hal_pcd.o
                0x0000000008004278                HAL_PCD_Start
 .text.HAL_PCD_IRQHandler
                0x00000000080042a4      0x674 ./HAL_Driver/Src/stm32f7xx_hal_pcd.o
                0x00000000080042a4                HAL_PCD_IRQHandler
 .text.HAL_PCD_SetAddress
                0x0000000008004918       0x28 ./HAL_Driver/Src/stm32f7xx_hal_pcd.o
                0x0000000008004918                HAL_PCD_SetAddress
 .text.HAL_PCD_EP_Open
                0x0000000008004940       0x84 ./HAL_Driver/Src/stm32f7xx_hal_pcd.o
                0x0000000008004940                HAL_PCD_EP_Open
 .text.HAL_PCD_EP_Close
                0x00000000080049c4       0x5c ./HAL_Driver/Src/stm32f7xx_hal_pcd.o
                0x00000000080049c4                HAL_PCD_EP_Close
 .text.HAL_PCD_EP_Receive
                0x0000000008004a20       0x68 ./HAL_Driver/Src/stm32f7xx_hal_pcd.o
                0x0000000008004a20                HAL_PCD_EP_Receive
 .text.HAL_PCD_EP_GetRxCount
                0x0000000008004a88       0x14 ./HAL_Driver/Src/stm32f7xx_hal_pcd.o
                0x0000000008004a88                HAL_PCD_EP_GetRxCount
 .text.HAL_PCD_EP_Transmit
                0x0000000008004a9c       0x60 ./HAL_Driver/Src/stm32f7xx_hal_pcd.o
                0x0000000008004a9c                HAL_PCD_EP_Transmit
 .text.HAL_PCD_EP_SetStall
                0x0000000008004afc       0x64 ./HAL_Driver/Src/stm32f7xx_hal_pcd.o
                0x0000000008004afc                HAL_PCD_EP_SetStall
 .text.HAL_PCD_EP_ClrStall
                0x0000000008004b60       0x50 ./HAL_Driver/Src/stm32f7xx_hal_pcd.o
                0x0000000008004b60                HAL_PCD_EP_ClrStall
 .text.HAL_PCD_EP_Flush
                0x0000000008004bb0       0x40 ./HAL_Driver/Src/stm32f7xx_hal_pcd.o
                0x0000000008004bb0                HAL_PCD_EP_Flush
 .text.HAL_PCDEx_SetTxFiFo
                0x0000000008004bf0       0x50 ./HAL_Driver/Src/stm32f7xx_hal_pcd_ex.o
                0x0000000008004bf0                HAL_PCDEx_SetTxFiFo
 .text.HAL_PCDEx_SetRxFiFo
                0x0000000008004c40        0xc ./HAL_Driver/Src/stm32f7xx_hal_pcd_ex.o
                0x0000000008004c40                HAL_PCDEx_SetRxFiFo
 .text.HAL_PCDEx_ActivateLPM
                0x0000000008004c4c       0x30 ./HAL_Driver/Src/stm32f7xx_hal_pcd_ex.o
                0x0000000008004c4c                HAL_PCDEx_ActivateLPM
 .text.HAL_PCDEx_LPM_Callback
                0x0000000008004c7c        0x4 ./HAL_Driver/Src/stm32f7xx_hal_pcd_ex.o
                0x0000000008004c7c                HAL_PCDEx_LPM_Callback
 .text.HAL_PWREx_EnableOverDrive
                0x0000000008004c80       0x74 ./HAL_Driver/Src/stm32f7xx_hal_pwr_ex.o
                0x0000000008004c80                HAL_PWREx_EnableOverDrive
 .text.QSPI_Config
                0x0000000008004cf4      0x174 ./HAL_Driver/Src/stm32f7xx_hal_qspi.o
 .text.HAL_QSPI_MspInit
                0x0000000008004e68        0x4 ./HAL_Driver/Src/stm32f7xx_hal_qspi.o
                0x0000000008004e68                HAL_QSPI_MspInit
 .text.HAL_QSPI_Init
                0x0000000008004e6c       0xd8 ./HAL_Driver/Src/stm32f7xx_hal_qspi.o
                0x0000000008004e6c                HAL_QSPI_Init
 .text.HAL_QSPI_MspDeInit
                0x0000000008004f44        0x4 ./HAL_Driver/Src/stm32f7xx_hal_qspi.o
                0x0000000008004f44                HAL_QSPI_MspDeInit
 .text.HAL_QSPI_DeInit
                0x0000000008004f48       0x3c ./HAL_Driver/Src/stm32f7xx_hal_qspi.o
                0x0000000008004f48                HAL_QSPI_DeInit
 .text.HAL_QSPI_Command
                0x0000000008004f84       0xd0 ./HAL_Driver/Src/stm32f7xx_hal_qspi.o
                0x0000000008004f84                HAL_QSPI_Command
 .text.HAL_QSPI_Transmit
                0x0000000008005054      0x104 ./HAL_Driver/Src/stm32f7xx_hal_qspi.o
                0x0000000008005054                HAL_QSPI_Transmit
 .text.HAL_QSPI_Receive
                0x0000000008005158      0x110 ./HAL_Driver/Src/stm32f7xx_hal_qspi.o
                0x0000000008005158                HAL_QSPI_Receive
 .text.HAL_QSPI_AutoPolling
                0x0000000008005268       0xec ./HAL_Driver/Src/stm32f7xx_hal_qspi.o
                0x0000000008005268                HAL_QSPI_AutoPolling
 .text.HAL_QSPI_MemoryMapped
                0x0000000008005354       0xc0 ./HAL_Driver/Src/stm32f7xx_hal_qspi.o
                0x0000000008005354                HAL_QSPI_MemoryMapped
 .text.HAL_RCC_GetSysClockFreq
                0x0000000008005414       0x74 ./HAL_Driver/Src/stm32f7xx_hal_rcc.o
                0x0000000008005414                HAL_RCC_GetSysClockFreq
 .text.HAL_RCC_ClockConfig
                0x0000000008005488      0x154 ./HAL_Driver/Src/stm32f7xx_hal_rcc.o
                0x0000000008005488                HAL_RCC_ClockConfig
 .text.HAL_RCC_GetHCLKFreq
                0x00000000080055dc        0xc ./HAL_Driver/Src/stm32f7xx_hal_rcc.o
                0x00000000080055dc                HAL_RCC_GetHCLKFreq
 .text.HAL_RCC_GetPCLK1Freq
                0x00000000080055e8       0x30 ./HAL_Driver/Src/stm32f7xx_hal_rcc.o
                0x00000000080055e8                HAL_RCC_GetPCLK1Freq
 .text.HAL_RCC_GetPCLK2Freq
                0x0000000008005618       0x30 ./HAL_Driver/Src/stm32f7xx_hal_rcc.o
                0x0000000008005618                HAL_RCC_GetPCLK2Freq
 .text.HAL_RCCEx_PeriphCLKConfig
                0x0000000008005648      0x7a4 ./HAL_Driver/Src/stm32f7xx_hal_rcc_ex.o
                0x0000000008005648                HAL_RCCEx_PeriphCLKConfig
 .text.HAL_RCCEx_GetPeriphCLKConfig
                0x0000000008005dec      0x208 ./HAL_Driver/Src/stm32f7xx_hal_rcc_ex.o
                0x0000000008005dec                HAL_RCCEx_GetPeriphCLKConfig
 .text.HAL_RCCEx_GetPeriphCLKFreq
                0x0000000008005ff4       0xf4 ./HAL_Driver/Src/stm32f7xx_hal_rcc_ex.o
                0x0000000008005ff4                HAL_RCCEx_GetPeriphCLKFreq
 .text.HAL_RCC_OscConfig
                0x00000000080060e8      0x398 ./HAL_Driver/Src/stm32f7xx_hal_rcc_ex.o
                0x00000000080060e8                HAL_RCC_OscConfig
 .text.HAL_SAI_Init
                0x0000000008006480      0x210 ./HAL_Driver/Src/stm32f7xx_hal_sai.o
                0x0000000008006480                HAL_SAI_Init
 .text.HAL_SAI_MspDeInit
                0x0000000008006690        0x4 ./HAL_Driver/Src/stm32f7xx_hal_sai.o
                0x0000000008006690                HAL_SAI_MspDeInit
 .text.HAL_SAI_DeInit
                0x0000000008006694       0x74 ./HAL_Driver/Src/stm32f7xx_hal_sai.o
                0x0000000008006694                HAL_SAI_DeInit
 .text.HAL_SAI_Transmit_DMA
                0x0000000008006708       0xcc ./HAL_Driver/Src/stm32f7xx_hal_sai.o
                0x0000000008006708                HAL_SAI_Transmit_DMA
 .text.HAL_SAI_Receive_DMA
                0x00000000080067d4       0xd0 ./HAL_Driver/Src/stm32f7xx_hal_sai.o
                0x00000000080067d4                HAL_SAI_Receive_DMA
 .text.SAI_DMATxCplt
                0x00000000080068a4       0x64 ./HAL_Driver/Src/stm32f7xx_hal_sai.o
 .text.SAI_DMATxHalfCplt
                0x0000000008006908        0xc ./HAL_Driver/Src/stm32f7xx_hal_sai.o
 .text.SAI_DMARxCplt
                0x0000000008006914       0x64 ./HAL_Driver/Src/stm32f7xx_hal_sai.o
 .text.SAI_DMARxHalfCplt
                0x0000000008006978        0xc ./HAL_Driver/Src/stm32f7xx_hal_sai.o
 .text.SAI_DMAError
                0x0000000008006984       0x78 ./HAL_Driver/Src/stm32f7xx_hal_sai.o
 .text.HAL_SAI_GetState
                0x00000000080069fc        0x8 ./HAL_Driver/Src/stm32f7xx_hal_sai.o
                0x00000000080069fc                HAL_SAI_GetState
 .text.SD_IsCardProgramming
                0x0000000008006a04      0x150 ./HAL_Driver/Src/stm32f7xx_hal_sd.o
 .text.SD_CmdResp1Error.part.0
                0x0000000008006b54       0xbc ./HAL_Driver/Src/stm32f7xx_hal_sd.o
 .text.SD_FindSCR
                0x0000000008006c10      0x178 ./HAL_Driver/Src/stm32f7xx_hal_sd.o
 .text.HAL_SD_MspInit
                0x0000000008006d88        0x4 ./HAL_Driver/Src/stm32f7xx_hal_sd.o
                0x0000000008006d88                HAL_SD_MspInit
 .text.HAL_SD_ReadBlocks
                0x0000000008006d8c      0x278 ./HAL_Driver/Src/stm32f7xx_hal_sd.o
                0x0000000008006d8c                HAL_SD_ReadBlocks
 .text.HAL_SD_WriteBlocks
                0x0000000008007004      0x334 ./HAL_Driver/Src/stm32f7xx_hal_sd.o
                0x0000000008007004                HAL_SD_WriteBlocks
 .text.HAL_SD_XferCpltCallback
                0x0000000008007338        0x4 ./HAL_Driver/Src/stm32f7xx_hal_sd.o
                0x0000000008007338                HAL_SD_XferCpltCallback
 .text.HAL_SD_XferErrorCallback
                0x000000000800733c        0x4 ./HAL_Driver/Src/stm32f7xx_hal_sd.o
                0x000000000800733c                HAL_SD_XferErrorCallback
 .text.HAL_SD_IRQHandler
                0x0000000008007340       0x84 ./HAL_Driver/Src/stm32f7xx_hal_sd.o
                0x0000000008007340                HAL_SD_IRQHandler
 .text.HAL_SD_Get_CardInfo
                0x00000000080073c4      0x294 ./HAL_Driver/Src/stm32f7xx_hal_sd.o
                0x00000000080073c4                HAL_SD_Get_CardInfo
 .text.HAL_SD_Init
                0x0000000008007658      0x4d4 ./HAL_Driver/Src/stm32f7xx_hal_sd.o
                0x0000000008007658                HAL_SD_Init
 .text.HAL_SD_WideBusOperation_Config
                0x0000000008007b2c      0x1c0 ./HAL_Driver/Src/stm32f7xx_hal_sd.o
                0x0000000008007b2c                HAL_SD_WideBusOperation_Config
 .text.HAL_SD_HighSpeed
                0x0000000008007cec      0x198 ./HAL_Driver/Src/stm32f7xx_hal_sd.o
                0x0000000008007cec                HAL_SD_HighSpeed
 .text.HAL_SD_GetStatus
                0x0000000008007e84       0x80 ./HAL_Driver/Src/stm32f7xx_hal_sd.o
                0x0000000008007e84                HAL_SD_GetStatus
 .text.HAL_SDRAM_MspInit
                0x0000000008007f04        0x4 ./HAL_Driver/Src/stm32f7xx_hal_sdram.o
                0x0000000008007f04                HAL_SDRAM_MspInit
 .text.HAL_SDRAM_Init
                0x0000000008007f08       0x44 ./HAL_Driver/Src/stm32f7xx_hal_sdram.o
                0x0000000008007f08                HAL_SDRAM_Init
 .text.HAL_SDRAM_SendCommand
                0x0000000008007f4c       0x30 ./HAL_Driver/Src/stm32f7xx_hal_sdram.o
                0x0000000008007f4c                HAL_SDRAM_SendCommand
 .text.HAL_SDRAM_ProgramRefreshRate
                0x0000000008007f7c       0x28 ./HAL_Driver/Src/stm32f7xx_hal_sdram.o
                0x0000000008007f7c                HAL_SDRAM_ProgramRefreshRate
 .text.HAL_SPDIFRX_Init
                0x0000000008007fa4       0x70 ./HAL_Driver/Src/stm32f7xx_hal_spdifrx.o
                0x0000000008007fa4                HAL_SPDIFRX_Init
 .text.HAL_SPDIFRX_ReceiveDataFlow_DMA
                0x0000000008008014      0x114 ./HAL_Driver/Src/stm32f7xx_hal_spdifrx.o
                0x0000000008008014                HAL_SPDIFRX_ReceiveDataFlow_DMA
 .text.HAL_SPDIFRX_RxHalfCpltCallback
                0x0000000008008128        0x4 ./HAL_Driver/Src/stm32f7xx_hal_spdifrx.o
                0x0000000008008128                HAL_SPDIFRX_RxHalfCpltCallback
 .text.SPDIFRX_DMARxHalfCplt
                0x000000000800812c        0xc ./HAL_Driver/Src/stm32f7xx_hal_spdifrx.o
 .text.HAL_SPDIFRX_RxCpltCallback
                0x0000000008008138        0x4 ./HAL_Driver/Src/stm32f7xx_hal_spdifrx.o
                0x0000000008008138                HAL_SPDIFRX_RxCpltCallback
 .text.SPDIFRX_DMARxCplt
                0x000000000800813c       0x2c ./HAL_Driver/Src/stm32f7xx_hal_spdifrx.o
 .text.HAL_SPDIFRX_ErrorCallback
                0x0000000008008168        0x4 ./HAL_Driver/Src/stm32f7xx_hal_spdifrx.o
                0x0000000008008168                HAL_SPDIFRX_ErrorCallback
 .text.SPDIFRX_DMAError
                0x000000000800816c       0x30 ./HAL_Driver/Src/stm32f7xx_hal_spdifrx.o
 .text.HAL_UART_Transmit_IT
                0x000000000800819c       0x54 ./HAL_Driver/Src/stm32f7xx_hal_uart.o
                0x000000000800819c                HAL_UART_Transmit_IT
 .text.HAL_UART_Receive_IT
                0x00000000080081f0       0xa4 ./HAL_Driver/Src/stm32f7xx_hal_uart.o
                0x00000000080081f0                HAL_UART_Receive_IT
 .text.UART_Receive_IT.isra.0
                0x0000000008008294       0x74 ./HAL_Driver/Src/stm32f7xx_hal_uart.o
 .text.HAL_UART_IRQHandler
                0x0000000008008308      0x17c ./HAL_Driver/Src/stm32f7xx_hal_uart.o
                0x0000000008008308                HAL_UART_IRQHandler
 .text.UART_DMAAbortOnError
                0x0000000008008484       0x14 ./HAL_Driver/Src/stm32f7xx_hal_uart.o
 .text.UART_SetConfig
                0x0000000008008498      0x2dc ./HAL_Driver/Src/stm32f7xx_hal_uart.o
                0x0000000008008498                UART_SetConfig
 .text.UART_AdvFeatureConfig
                0x0000000008008774       0xb0 ./HAL_Driver/Src/stm32f7xx_hal_uart.o
                0x0000000008008774                UART_AdvFeatureConfig
 .text.UART_CheckIdleState
                0x0000000008008824       0x84 ./HAL_Driver/Src/stm32f7xx_hal_uart.o
                0x0000000008008824                UART_CheckIdleState
 .text.HAL_UART_Init
                0x00000000080088a8       0x6c ./HAL_Driver/Src/stm32f7xx_hal_uart.o
                0x00000000080088a8                HAL_UART_Init
 .text.FMC_SDRAM_Init
                0x0000000008008914       0x78 ./HAL_Driver/Src/stm32f7xx_ll_fmc.o
                0x0000000008008914                FMC_SDRAM_Init
 .text.FMC_SDRAM_Timing_Init
                0x000000000800898c       0x9c ./HAL_Driver/Src/stm32f7xx_ll_fmc.o
                0x000000000800898c                FMC_SDRAM_Timing_Init
 .text.FMC_SDRAM_SendCommand
                0x0000000008008a28       0x58 ./HAL_Driver/Src/stm32f7xx_ll_fmc.o
                0x0000000008008a28                FMC_SDRAM_SendCommand
 .text.FMC_SDRAM_ProgramRefreshRate
                0x0000000008008a80       0x10 ./HAL_Driver/Src/stm32f7xx_ll_fmc.o
                0x0000000008008a80                FMC_SDRAM_ProgramRefreshRate
 .text.SDMMC_Init
                0x0000000008008a90       0x3c ./HAL_Driver/Src/stm32f7xx_ll_sdmmc.o
                0x0000000008008a90                SDMMC_Init
 .text.SDMMC_ReadFIFO
                0x0000000008008acc        0x8 ./HAL_Driver/Src/stm32f7xx_ll_sdmmc.o
                0x0000000008008acc                SDMMC_ReadFIFO
 .text.SDMMC_WriteFIFO
                0x0000000008008ad4        0xc ./HAL_Driver/Src/stm32f7xx_ll_sdmmc.o
                0x0000000008008ad4                SDMMC_WriteFIFO
 .text.SDMMC_PowerState_ON
                0x0000000008008ae0        0xc ./HAL_Driver/Src/stm32f7xx_ll_sdmmc.o
                0x0000000008008ae0                SDMMC_PowerState_ON
 .text.SDMMC_GetPowerState
                0x0000000008008aec        0x8 ./HAL_Driver/Src/stm32f7xx_ll_sdmmc.o
                0x0000000008008aec                SDMMC_GetPowerState
 .text.SDMMC_SendCommand
                0x0000000008008af4       0x2c ./HAL_Driver/Src/stm32f7xx_ll_sdmmc.o
                0x0000000008008af4                SDMMC_SendCommand
 .text.SDMMC_GetCommandResponse
                0x0000000008008b20        0x8 ./HAL_Driver/Src/stm32f7xx_ll_sdmmc.o
                0x0000000008008b20                SDMMC_GetCommandResponse
 .text.SDMMC_GetResponse
                0x0000000008008b28       0x14 ./HAL_Driver/Src/stm32f7xx_ll_sdmmc.o
                0x0000000008008b28                SDMMC_GetResponse
 .text.SDMMC_DataConfig
                0x0000000008008b3c       0x2c ./HAL_Driver/Src/stm32f7xx_ll_sdmmc.o
                0x0000000008008b3c                SDMMC_DataConfig
 .text.USB_CoreInit
                0x0000000008008b68       0xb4 ./HAL_Driver/Src/stm32f7xx_ll_usb.o
                0x0000000008008b68                USB_CoreInit
 .text.USB_EnableGlobalInt
                0x0000000008008c1c       0x10 ./HAL_Driver/Src/stm32f7xx_ll_usb.o
                0x0000000008008c1c                USB_EnableGlobalInt
 .text.USB_DisableGlobalInt
                0x0000000008008c2c       0x10 ./HAL_Driver/Src/stm32f7xx_ll_usb.o
                0x0000000008008c2c                USB_DisableGlobalInt
 .text.USB_SetCurrentMode
                0x0000000008008c3c       0x34 ./HAL_Driver/Src/stm32f7xx_ll_usb.o
                0x0000000008008c3c                USB_SetCurrentMode
 .text.USB_DevInit
                0x0000000008008c70      0x1b8 ./HAL_Driver/Src/stm32f7xx_ll_usb.o
                0x0000000008008c70                USB_DevInit
 .text.USB_FlushTxFifo
                0x0000000008008e28       0x24 ./HAL_Driver/Src/stm32f7xx_ll_usb.o
                0x0000000008008e28                USB_FlushTxFifo
 .text.USB_FlushRxFifo
                0x0000000008008e4c       0x20 ./HAL_Driver/Src/stm32f7xx_ll_usb.o
                0x0000000008008e4c                USB_FlushRxFifo
 .text.USB_GetDevSpeed
                0x0000000008008e6c       0x38 ./HAL_Driver/Src/stm32f7xx_ll_usb.o
                0x0000000008008e6c                USB_GetDevSpeed
 .text.USB_ActivateEndpoint
                0x0000000008008ea4       0x88 ./HAL_Driver/Src/stm32f7xx_ll_usb.o
                0x0000000008008ea4                USB_ActivateEndpoint
 .text.USB_DeactivateEndpoint
                0x0000000008008f2c       0x70 ./HAL_Driver/Src/stm32f7xx_ll_usb.o
                0x0000000008008f2c                USB_DeactivateEndpoint
 .text.USB_EPStartXfer
                0x0000000008008f9c      0x1a0 ./HAL_Driver/Src/stm32f7xx_ll_usb.o
                0x0000000008008f9c                USB_EPStartXfer
 .text.USB_EP0StartXfer
                0x000000000800913c      0x11c ./HAL_Driver/Src/stm32f7xx_ll_usb.o
                0x000000000800913c                USB_EP0StartXfer
 .text.USB_WritePacket
                0x0000000008009258       0x30 ./HAL_Driver/Src/stm32f7xx_ll_usb.o
                0x0000000008009258                USB_WritePacket
 .text.USB_ReadPacket
                0x0000000008009288       0x2c ./HAL_Driver/Src/stm32f7xx_ll_usb.o
                0x0000000008009288                USB_ReadPacket
 .text.USB_EPSetStall
                0x00000000080092b4       0x3c ./HAL_Driver/Src/stm32f7xx_ll_usb.o
                0x00000000080092b4                USB_EPSetStall
 .text.USB_EPClearStall
                0x00000000080092f0       0x30 ./HAL_Driver/Src/stm32f7xx_ll_usb.o
                0x00000000080092f0                USB_EPClearStall
 .text.USB_SetDevAddress
                0x0000000008009320       0x24 ./HAL_Driver/Src/stm32f7xx_ll_usb.o
                0x0000000008009320                USB_SetDevAddress
 .text.USB_DevConnect
                0x0000000008009344       0x1c ./HAL_Driver/Src/stm32f7xx_ll_usb.o
                0x0000000008009344                USB_DevConnect
 .text.USB_DevDisconnect
                0x0000000008009360       0x1c ./HAL_Driver/Src/stm32f7xx_ll_usb.o
                0x0000000008009360                USB_DevDisconnect
 .text.USB_ReadInterrupts
                0x000000000800937c        0x8 ./HAL_Driver/Src/stm32f7xx_ll_usb.o
                0x000000000800937c                USB_ReadInterrupts
 .text.USB_ReadDevAllOutEpInterrupt
                0x0000000008009384       0x10 ./HAL_Driver/Src/stm32f7xx_ll_usb.o
                0x0000000008009384                USB_ReadDevAllOutEpInterrupt
 .text.USB_ReadDevAllInEpInterrupt
                0x0000000008009394       0x10 ./HAL_Driver/Src/stm32f7xx_ll_usb.o
                0x0000000008009394                USB_ReadDevAllInEpInterrupt
 .text.USB_ReadDevOutEPInterrupt
                0x00000000080093a4       0x14 ./HAL_Driver/Src/stm32f7xx_ll_usb.o
                0x00000000080093a4                USB_ReadDevOutEPInterrupt
 .text.USB_ReadDevInEPInterrupt
                0x00000000080093b8       0x24 ./HAL_Driver/Src/stm32f7xx_ll_usb.o
                0x00000000080093b8                USB_ReadDevInEPInterrupt
 .text.USB_GetMode
                0x00000000080093dc        0x8 ./HAL_Driver/Src/stm32f7xx_ll_usb.o
                0x00000000080093dc                USB_GetMode
 .text.USB_ActivateSetup
                0x00000000080093e4       0x38 ./HAL_Driver/Src/stm32f7xx_ll_usb.o
                0x00000000080093e4                USB_ActivateSetup
 .text.USB_EP0_OutStart
                0x000000000800941c       0x44 ./HAL_Driver/Src/stm32f7xx_ll_usb.o
                0x000000000800941c                USB_EP0_OutStart
 .text.User_notification
                0x0000000008009460       0x50 ./LwIP_HTTP_Server_Netconn_RTOS/src/app_ethernet.o
                0x0000000008009460                User_notification
 .text.DHCP_thread
                0x00000000080094b0       0x94 ./LwIP_HTTP_Server_Netconn_RTOS/src/app_ethernet.o
                0x00000000080094b0                DHCP_thread
 .text.low_level_output
                0x0000000008009544       0xb8 ./LwIP_HTTP_Server_Netconn_RTOS/src/ethernetif.o
 .text.ethernetif_input
                0x00000000080095fc      0x110 ./LwIP_HTTP_Server_Netconn_RTOS/src/ethernetif.o
 .text.HAL_ETH_MspInit
                0x000000000800970c       0xcc ./LwIP_HTTP_Server_Netconn_RTOS/src/ethernetif.o
                0x000000000800970c                HAL_ETH_MspInit
 .text.HAL_ETH_RxCpltCallback
                0x00000000080097d8        0xc ./LwIP_HTTP_Server_Netconn_RTOS/src/ethernetif.o
                0x00000000080097d8                HAL_ETH_RxCpltCallback
 .text.ETHERNET_IRQHandler
                0x00000000080097e4        0xc ./LwIP_HTTP_Server_Netconn_RTOS/src/ethernetif.o
                0x00000000080097e4                ETHERNET_IRQHandler
 .text.ethernetif_init
                0x00000000080097f0       0xf8 ./LwIP_HTTP_Server_Netconn_RTOS/src/ethernetif.o
                0x00000000080097f0                ethernetif_init
 .text.fs_open  0x00000000080098e8      0x164 ./LwIP_HTTP_Server_Netconn_RTOS/src/fs.o
                0x00000000080098e8                fs_open
 .text.fs_close
                0x0000000008009a4c       0x88 ./LwIP_HTTP_Server_Netconn_RTOS/src/fs.o
                0x0000000008009a4c                fs_close
 .text.http_server_netconn_init
                0x0000000008009ad4       0x24 ./LwIP_HTTP_Server_Netconn_RTOS/src/httpserver-netconn.o
                0x0000000008009ad4                http_server_netconn_init
 .text.DynWebPage
                0x0000000008009af8      0x17c ./LwIP_HTTP_Server_Netconn_RTOS/src/httpserver-netconn.o
                0x0000000008009af8                DynWebPage
 .text.http_server_serve
                0x0000000008009c74      0x1a4 ./LwIP_HTTP_Server_Netconn_RTOS/src/httpserver-netconn.o
                0x0000000008009c74                http_server_serve
 .text.http_server_netconn_thread
                0x0000000008009e18       0x44 ./LwIP_HTTP_Server_Netconn_RTOS/src/httpserver-netconn.o
 .text.StartHTTPDThread
                0x0000000008009e5c       0xe0 ./LwIP_HTTP_Server_Netconn_RTOS/src/main_http.o
                0x0000000008009e5c                StartHTTPDThread
 .text.UDanteUDP_Receive
                0x0000000008009f3c       0x64 ./LwIP_HTTP_Server_Netconn_RTOS/src/main_http.o
                0x0000000008009f3c                UDanteUDP_Receive
 .text.http_taskCreate
                0x0000000008009fa0       0x30 ./LwIP_HTTP_Server_Netconn_RTOS/src/main_http.o
                0x0000000008009fa0                http_taskCreate
 .text.main_UDanteUDP
                0x0000000008009fd0       0x3c ./LwIP_HTTP_Server_Netconn_RTOS/src/main_http.o
                0x0000000008009fd0                main_UDanteUDP
 .text.Netif_AddUDANTE
                0x000000000800a00c       0x60 ./LwIP_HTTP_Server_Netconn_RTOS/src/main_http.o
                0x000000000800a00c                Netif_AddUDANTE
 .text.USBD_AUDIO_GetCfgDesc
                0x000000000800a06c       0x10 ./Middlewares/ST/STM32_USB_Device_Library/Class/AUDIO/Src/usbd_audio.o
 .text.USBD_AUDIO_EP0_RxReady
                0x000000000800a07c       0x38 ./Middlewares/ST/STM32_USB_Device_Library/Class/AUDIO/Src/usbd_audio.o
 .text.USBD_AUDIO_SOF
                0x000000000800a0b4        0x4 ./Middlewares/ST/STM32_USB_Device_Library/Class/AUDIO/Src/usbd_audio.o
 .text.USBD_AUDIO_IsoINIncomplete
                0x000000000800a0b8        0x4 ./Middlewares/ST/STM32_USB_Device_Library/Class/AUDIO/Src/usbd_audio.o
 .text.USBD_AUDIO_GetDeviceQualifierDesc
                0x000000000800a0bc       0x10 ./Middlewares/ST/STM32_USB_Device_Library/Class/AUDIO/Src/usbd_audio.o
 .text.USBD_AUDIO_DataOut
                0x000000000800a0cc       0x8c ./Middlewares/ST/STM32_USB_Device_Library/Class/AUDIO/Src/usbd_audio.o
 .text.USBD_AUDIO_Setup
                0x000000000800a158       0xd4 ./Middlewares/ST/STM32_USB_Device_Library/Class/AUDIO/Src/usbd_audio.o
 .text.USBD_AUDIO_DeInit
                0x000000000800a22c       0x2c ./Middlewares/ST/STM32_USB_Device_Library/Class/AUDIO/Src/usbd_audio.o
 .text.USBD_AUDIO_Init
                0x000000000800a258       0x64 ./Middlewares/ST/STM32_USB_Device_Library/Class/AUDIO/Src/usbd_audio.o
 .text.USBD_AUDIO_IsoOutIncomplete
                0x000000000800a2bc        0x4 ./Middlewares/ST/STM32_USB_Device_Library/Class/AUDIO/Src/usbd_audio.o
 .text.USBD_AUDIO_EP0_TxReady
                0x000000000800a2c0       0x70 ./Middlewares/ST/STM32_USB_Device_Library/Class/AUDIO/Src/usbd_audio.o
 .text.USBD_AUDIO_DataIn
                0x000000000800a330       0xac ./Middlewares/ST/STM32_USB_Device_Library/Class/AUDIO/Src/usbd_audio.o
 .text.USBD_AUDIO_RegisterInterface
                0x000000000800a3dc        0xc ./Middlewares/ST/STM32_USB_Device_Library/Class/AUDIO/Src/usbd_audio.o
                0x000000000800a3dc                USBD_AUDIO_RegisterInterface
 .text.USBD_AUDIO_SetMode
                0x000000000800a3e8       0x28 ./Middlewares/ST/STM32_USB_Device_Library/Class/AUDIO/Src/usbd_audio.o
                0x000000000800a3e8                USBD_AUDIO_SetMode
 .text.Audio_Init
                0x000000000800a410        0x4 ./Middlewares/ST/STM32_USB_Device_Library/Class/AUDIO/Src/usbd_audio_if.o
 .text.Audio_DeInit
                0x000000000800a414        0x4 ./Middlewares/ST/STM32_USB_Device_Library/Class/AUDIO/Src/usbd_audio_if.o
 .text.Audio_PlaybackCmd
                0x000000000800a418        0x4 ./Middlewares/ST/STM32_USB_Device_Library/Class/AUDIO/Src/usbd_audio_if.o
 .text.Audio_PeriodicTC
                0x000000000800a41c        0x4 ./Middlewares/ST/STM32_USB_Device_Library/Class/AUDIO/Src/usbd_audio_if.o
 .text.Audio_GetState
                0x000000000800a420        0x4 ./Middlewares/ST/STM32_USB_Device_Library/Class/AUDIO/Src/usbd_audio_if.o
 .text.Audio_MuteCtl
                0x000000000800a424        0xc ./Middlewares/ST/STM32_USB_Device_Library/Class/AUDIO/Src/usbd_audio_if.o
 .text.Audio_VolumeCtl
                0x000000000800a430        0xc ./Middlewares/ST/STM32_USB_Device_Library/Class/AUDIO/Src/usbd_audio_if.o
 .text.HAL_PCD_MspInit
                0x000000000800a43c      0x1f4 ./Middlewares/ST/STM32_USB_Device_Library/Class/AUDIO/Src/usbd_conf.o
                0x000000000800a43c                HAL_PCD_MspInit
 .text.HAL_PCD_SetupStageCallback
                0x000000000800a630        0xc ./Middlewares/ST/STM32_USB_Device_Library/Class/AUDIO/Src/usbd_conf.o
                0x000000000800a630                HAL_PCD_SetupStageCallback
 .text.HAL_PCD_DataOutStageCallback
                0x000000000800a63c       0x14 ./Middlewares/ST/STM32_USB_Device_Library/Class/AUDIO/Src/usbd_conf.o
                0x000000000800a63c                HAL_PCD_DataOutStageCallback
 .text.HAL_PCD_DataInStageCallback
                0x000000000800a650       0x14 ./Middlewares/ST/STM32_USB_Device_Library/Class/AUDIO/Src/usbd_conf.o
                0x000000000800a650                HAL_PCD_DataInStageCallback
 .text.HAL_PCD_SOFCallback
                0x000000000800a664        0x8 ./Middlewares/ST/STM32_USB_Device_Library/Class/AUDIO/Src/usbd_conf.o
                0x000000000800a664                HAL_PCD_SOFCallback
 .text.HAL_PCD_ResetCallback
                0x000000000800a66c       0x28 ./Middlewares/ST/STM32_USB_Device_Library/Class/AUDIO/Src/usbd_conf.o
                0x000000000800a66c                HAL_PCD_ResetCallback
 .text.HAL_PCD_SuspendCallback
                0x000000000800a694        0x8 ./Middlewares/ST/STM32_USB_Device_Library/Class/AUDIO/Src/usbd_conf.o
                0x000000000800a694                HAL_PCD_SuspendCallback
 .text.HAL_PCD_ResumeCallback
                0x000000000800a69c        0x8 ./Middlewares/ST/STM32_USB_Device_Library/Class/AUDIO/Src/usbd_conf.o
                0x000000000800a69c                HAL_PCD_ResumeCallback
 .text.HAL_PCD_ISOOUTIncompleteCallback
                0x000000000800a6a4        0x8 ./Middlewares/ST/STM32_USB_Device_Library/Class/AUDIO/Src/usbd_conf.o
                0x000000000800a6a4                HAL_PCD_ISOOUTIncompleteCallback
 .text.HAL_PCD_ISOINIncompleteCallback
                0x000000000800a6ac        0x8 ./Middlewares/ST/STM32_USB_Device_Library/Class/AUDIO/Src/usbd_conf.o
                0x000000000800a6ac                HAL_PCD_ISOINIncompleteCallback
 .text.HAL_PCD_ConnectCallback
                0x000000000800a6b4        0x8 ./Middlewares/ST/STM32_USB_Device_Library/Class/AUDIO/Src/usbd_conf.o
                0x000000000800a6b4                HAL_PCD_ConnectCallback
 .text.HAL_PCD_DisconnectCallback
                0x000000000800a6bc        0x8 ./Middlewares/ST/STM32_USB_Device_Library/Class/AUDIO/Src/usbd_conf.o
                0x000000000800a6bc                HAL_PCD_DisconnectCallback
 .text.USBD_LL_Init
                0x000000000800a6c4       0x60 ./Middlewares/ST/STM32_USB_Device_Library/Class/AUDIO/Src/usbd_conf.o
                0x000000000800a6c4                USBD_LL_Init
 .text.USBD_LL_Start
                0x000000000800a724       0x10 ./Middlewares/ST/STM32_USB_Device_Library/Class/AUDIO/Src/usbd_conf.o
                0x000000000800a724                USBD_LL_Start
 .text.USBD_LL_OpenEP
                0x000000000800a734       0x14 ./Middlewares/ST/STM32_USB_Device_Library/Class/AUDIO/Src/usbd_conf.o
                0x000000000800a734                USBD_LL_OpenEP
 .text.USBD_LL_CloseEP
                0x000000000800a748       0x10 ./Middlewares/ST/STM32_USB_Device_Library/Class/AUDIO/Src/usbd_conf.o
                0x000000000800a748                USBD_LL_CloseEP
 .text.USBD_LL_FlushEP
                0x000000000800a758       0x10 ./Middlewares/ST/STM32_USB_Device_Library/Class/AUDIO/Src/usbd_conf.o
                0x000000000800a758                USBD_LL_FlushEP
 .text.USBD_LL_StallEP
                0x000000000800a768       0x10 ./Middlewares/ST/STM32_USB_Device_Library/Class/AUDIO/Src/usbd_conf.o
                0x000000000800a768                USBD_LL_StallEP
 .text.USBD_LL_ClearStallEP
                0x000000000800a778       0x10 ./Middlewares/ST/STM32_USB_Device_Library/Class/AUDIO/Src/usbd_conf.o
                0x000000000800a778                USBD_LL_ClearStallEP
 .text.USBD_LL_IsStallEP
                0x000000000800a788       0x28 ./Middlewares/ST/STM32_USB_Device_Library/Class/AUDIO/Src/usbd_conf.o
                0x000000000800a788                USBD_LL_IsStallEP
 .text.USBD_LL_SetUSBAddress
                0x000000000800a7b0       0x10 ./Middlewares/ST/STM32_USB_Device_Library/Class/AUDIO/Src/usbd_conf.o
                0x000000000800a7b0                USBD_LL_SetUSBAddress
 .text.USBD_LL_Transmit
                0x000000000800a7c0       0x10 ./Middlewares/ST/STM32_USB_Device_Library/Class/AUDIO/Src/usbd_conf.o
                0x000000000800a7c0                USBD_LL_Transmit
 .text.USBD_LL_PrepareReceive
                0x000000000800a7d0       0x10 ./Middlewares/ST/STM32_USB_Device_Library/Class/AUDIO/Src/usbd_conf.o
                0x000000000800a7d0                USBD_LL_PrepareReceive
 .text.USBD_LL_GetRxDataSize
                0x000000000800a7e0        0xc ./Middlewares/ST/STM32_USB_Device_Library/Class/AUDIO/Src/usbd_conf.o
                0x000000000800a7e0                USBD_LL_GetRxDataSize
 .text.USBD_AUDIO_DeviceDescriptor
                0x000000000800a7ec        0xc ./Middlewares/ST/STM32_USB_Device_Library/Class/AUDIO/Src/usbd_desc.o
                0x000000000800a7ec                USBD_AUDIO_DeviceDescriptor
 .text.USBD_AUDIO_LangIDStrDescriptor
                0x000000000800a7f8        0xc ./Middlewares/ST/STM32_USB_Device_Library/Class/AUDIO/Src/usbd_desc.o
                0x000000000800a7f8                USBD_AUDIO_LangIDStrDescriptor
 .text.USBD_AUDIO_ManufacturerStrDescriptor
                0x000000000800a804       0x1c ./Middlewares/ST/STM32_USB_Device_Library/Class/AUDIO/Src/usbd_desc.o
                0x000000000800a804                USBD_AUDIO_ManufacturerStrDescriptor
 .text.USBD_AUDIO_ProductStrDescriptor
                0x000000000800a820       0x28 ./Middlewares/ST/STM32_USB_Device_Library/Class/AUDIO/Src/usbd_desc.o
                0x000000000800a820                USBD_AUDIO_ProductStrDescriptor
 .text.USBD_AUDIO_ConfigStrDescriptor
                0x000000000800a848       0x1c ./Middlewares/ST/STM32_USB_Device_Library/Class/AUDIO/Src/usbd_desc.o
                0x000000000800a848                USBD_AUDIO_ConfigStrDescriptor
 .text.USBD_AUDIO_InterfaceStrDescriptor
                0x000000000800a864       0x1c ./Middlewares/ST/STM32_USB_Device_Library/Class/AUDIO/Src/usbd_desc.o
                0x000000000800a864                USBD_AUDIO_InterfaceStrDescriptor
 .text.USBD_AUDIO_SerialStrDescriptor
                0x000000000800a880      0x148 ./Middlewares/ST/STM32_USB_Device_Library/Class/AUDIO/Src/usbd_desc.o
                0x000000000800a880                USBD_AUDIO_SerialStrDescriptor
 .text.USB_Interface
                0x000000000800a9c8       0x84 ./Middlewares/ST/STM32_USB_Device_Library/Class/AUDIO/Src/usbd_main.o
                0x000000000800a9c8                USB_Interface
 .text.USBD_MSC_GetHSCfgDesc
                0x000000000800aa4c       0x10 ./Middlewares/ST/STM32_USB_Device_Library/Class/MSC/Src/usbd_msc.o
                0x000000000800aa4c                USBD_MSC_GetHSCfgDesc
 .text.USBD_MSC_GetFSCfgDesc
                0x000000000800aa5c       0x10 ./Middlewares/ST/STM32_USB_Device_Library/Class/MSC/Src/usbd_msc.o
                0x000000000800aa5c                USBD_MSC_GetFSCfgDesc
 .text.USBD_MSC_GetOtherSpeedCfgDesc
                0x000000000800aa6c       0x10 ./Middlewares/ST/STM32_USB_Device_Library/Class/MSC/Src/usbd_msc.o
                0x000000000800aa6c                USBD_MSC_GetOtherSpeedCfgDesc
 .text.USBD_MSC_GetDeviceQualifierDescriptor
                0x000000000800aa7c       0x10 ./Middlewares/ST/STM32_USB_Device_Library/Class/MSC/Src/usbd_msc.o
                0x000000000800aa7c                USBD_MSC_GetDeviceQualifierDescriptor
 .text.USBD_MSC_Init
                0x000000000800aa8c       0x50 ./Middlewares/ST/STM32_USB_Device_Library/Class/MSC/Src/usbd_msc.o
                0x000000000800aa8c                USBD_MSC_Init
 .text.USBD_MSC_DeInit
                0x000000000800aadc       0x28 ./Middlewares/ST/STM32_USB_Device_Library/Class/MSC/Src/usbd_msc.o
                0x000000000800aadc                USBD_MSC_DeInit
 .text.USBD_MSC_Setup
                0x000000000800ab04      0x108 ./Middlewares/ST/STM32_USB_Device_Library/Class/MSC/Src/usbd_msc.o
                0x000000000800ab04                USBD_MSC_Setup
 .text.USBD_MSC_DataIn
                0x000000000800ac0c        0xc ./Middlewares/ST/STM32_USB_Device_Library/Class/MSC/Src/usbd_msc.o
                0x000000000800ac0c                USBD_MSC_DataIn
 .text.USBD_MSC_DataOut
                0x000000000800ac18        0xc ./Middlewares/ST/STM32_USB_Device_Library/Class/MSC/Src/usbd_msc.o
                0x000000000800ac18                USBD_MSC_DataOut
 .text.USBD_MSC_RegisterStorage
                0x000000000800ac24        0xc ./Middlewares/ST/STM32_USB_Device_Library/Class/MSC/Src/usbd_msc.o
                0x000000000800ac24                USBD_MSC_RegisterStorage
 .text.MSC_BOT_Init
                0x000000000800ac30       0x3c ./Middlewares/ST/STM32_USB_Device_Library/Class/MSC/Src/usbd_msc_bot.o
                0x000000000800ac30                MSC_BOT_Init
 .text.MSC_BOT_Reset
                0x000000000800ac6c       0x18 ./Middlewares/ST/STM32_USB_Device_Library/Class/MSC/Src/usbd_msc_bot.o
                0x000000000800ac6c                MSC_BOT_Reset
 .text.MSC_BOT_DeInit
                0x000000000800ac84        0xc ./Middlewares/ST/STM32_USB_Device_Library/Class/MSC/Src/usbd_msc_bot.o
                0x000000000800ac84                MSC_BOT_DeInit
 .text.MSC_BOT_DataIn
                0x000000000800ac90       0x78 ./Middlewares/ST/STM32_USB_Device_Library/Class/MSC/Src/usbd_msc_bot.o
                0x000000000800ac90                MSC_BOT_DataIn
 .text.MSC_BOT_SendCSW
                0x000000000800ad08       0x38 ./Middlewares/ST/STM32_USB_Device_Library/Class/MSC/Src/usbd_msc_bot.o
                0x000000000800ad08                MSC_BOT_SendCSW
 .text.MSC_BOT_DataOut
                0x000000000800ad40      0x150 ./Middlewares/ST/STM32_USB_Device_Library/Class/MSC/Src/usbd_msc_bot.o
                0x000000000800ad40                MSC_BOT_DataOut
 .text.MSC_BOT_CplClrFeature
                0x000000000800ae90       0x58 ./Middlewares/ST/STM32_USB_Device_Library/Class/MSC/Src/usbd_msc_bot.o
                0x000000000800ae90                MSC_BOT_CplClrFeature
 .text.SCSI_ProcessCmd
                0x000000000800aee8      0x768 ./Middlewares/ST/STM32_USB_Device_Library/Class/MSC/Src/usbd_msc_scsi.o
                0x000000000800aee8                SCSI_ProcessCmd
 .text.SCSI_SenseCode
                0x000000000800b650       0x2c ./Middlewares/ST/STM32_USB_Device_Library/Class/MSC/Src/usbd_msc_scsi.o
                0x000000000800b650                SCSI_SenseCode
 .text.USBD_Init
                0x000000000800b67c       0x2c ./Middlewares/ST/STM32_USB_Device_Library/Core/Src/usbd_core.o
                0x000000000800b67c                USBD_Init
 .text.USBD_RegisterClass
                0x000000000800b6a8       0x10 ./Middlewares/ST/STM32_USB_Device_Library/Core/Src/usbd_core.o
                0x000000000800b6a8                USBD_RegisterClass
 .text.USBD_Start
                0x000000000800b6b8        0xc ./Middlewares/ST/STM32_USB_Device_Library/Core/Src/usbd_core.o
                0x000000000800b6b8                USBD_Start
 .text.USBD_SetClassConfig
                0x000000000800b6c4       0x14 ./Middlewares/ST/STM32_USB_Device_Library/Core/Src/usbd_core.o
                0x000000000800b6c4                USBD_SetClassConfig
 .text.USBD_ClrClassConfig
                0x000000000800b6d8       0x10 ./Middlewares/ST/STM32_USB_Device_Library/Core/Src/usbd_core.o
                0x000000000800b6d8                USBD_ClrClassConfig
 .text.USBD_LL_SetupStage
                0x000000000800b6e8       0x5c ./Middlewares/ST/STM32_USB_Device_Library/Core/Src/usbd_core.o
                0x000000000800b6e8                USBD_LL_SetupStage
 .text.USBD_LL_DataOutStage
                0x000000000800b744       0x64 ./Middlewares/ST/STM32_USB_Device_Library/Core/Src/usbd_core.o
                0x000000000800b744                USBD_LL_DataOutStage
 .text.USBD_LL_DataInStage
                0x000000000800b7a8       0xb8 ./Middlewares/ST/STM32_USB_Device_Library/Core/Src/usbd_core.o
                0x000000000800b7a8                USBD_LL_DataInStage
 .text.USBD_LL_Reset
                0x000000000800b860       0x40 ./Middlewares/ST/STM32_USB_Device_Library/Core/Src/usbd_core.o
                0x000000000800b860                USBD_LL_Reset
 .text.USBD_LL_SetSpeed
                0x000000000800b8a0        0x8 ./Middlewares/ST/STM32_USB_Device_Library/Core/Src/usbd_core.o
                0x000000000800b8a0                USBD_LL_SetSpeed
 .text.USBD_LL_Suspend
                0x000000000800b8a8       0x14 ./Middlewares/ST/STM32_USB_Device_Library/Core/Src/usbd_core.o
                0x000000000800b8a8                USBD_LL_Suspend
 .text.USBD_LL_Resume
                0x000000000800b8bc       0x10 ./Middlewares/ST/STM32_USB_Device_Library/Core/Src/usbd_core.o
                0x000000000800b8bc                USBD_LL_Resume
 .text.USBD_LL_SOF
                0x000000000800b8cc       0x1c ./Middlewares/ST/STM32_USB_Device_Library/Core/Src/usbd_core.o
                0x000000000800b8cc                USBD_LL_SOF
 .text.USBD_LL_IsoINIncomplete
                0x000000000800b8e8        0x4 ./Middlewares/ST/STM32_USB_Device_Library/Core/Src/usbd_core.o
                0x000000000800b8e8                USBD_LL_IsoINIncomplete
 .text.USBD_LL_IsoOUTIncomplete
                0x000000000800b8ec        0x4 ./Middlewares/ST/STM32_USB_Device_Library/Core/Src/usbd_core.o
                0x000000000800b8ec                USBD_LL_IsoOUTIncomplete
 .text.USBD_LL_DevConnected
                0x000000000800b8f0        0x4 ./Middlewares/ST/STM32_USB_Device_Library/Core/Src/usbd_core.o
                0x000000000800b8f0                USBD_LL_DevConnected
 .text.USBD_LL_DevDisconnected
                0x000000000800b8f4       0x18 ./Middlewares/ST/STM32_USB_Device_Library/Core/Src/usbd_core.o
                0x000000000800b8f4                USBD_LL_DevDisconnected
 .text.USBD_StdDevReq
                0x000000000800b90c      0x298 ./Middlewares/ST/STM32_USB_Device_Library/Core/Src/usbd_ctlreq.o
                0x000000000800b90c                USBD_StdDevReq
 .text.USBD_StdItfReq
                0x000000000800bba4       0x3c ./Middlewares/ST/STM32_USB_Device_Library/Core/Src/usbd_ctlreq.o
                0x000000000800bba4                USBD_StdItfReq
 .text.USBD_StdEPReq
                0x000000000800bbe0       0xe0 ./Middlewares/ST/STM32_USB_Device_Library/Core/Src/usbd_ctlreq.o
                0x000000000800bbe0                USBD_StdEPReq
 .text.USBD_ParseSetupRequest
                0x000000000800bcc0       0x28 ./Middlewares/ST/STM32_USB_Device_Library/Core/Src/usbd_ctlreq.o
                0x000000000800bcc0                USBD_ParseSetupRequest
 .text.USBD_CtlError
                0x000000000800bce8       0x18 ./Middlewares/ST/STM32_USB_Device_Library/Core/Src/usbd_ctlreq.o
                0x000000000800bce8                USBD_CtlError
 .text.USBD_GetString
                0x000000000800bd00       0x54 ./Middlewares/ST/STM32_USB_Device_Library/Core/Src/usbd_ctlreq.o
                0x000000000800bd00                USBD_GetString
 .text.USBD_CtlSendData
                0x000000000800bd54       0x1c ./Middlewares/ST/STM32_USB_Device_Library/Core/Src/usbd_ioreq.o
                0x000000000800bd54                USBD_CtlSendData
 .text.USBD_CtlContinueSendData
                0x000000000800bd70       0x14 ./Middlewares/ST/STM32_USB_Device_Library/Core/Src/usbd_ioreq.o
                0x000000000800bd70                USBD_CtlContinueSendData
 .text.USBD_CtlPrepareRx
                0x000000000800bd84       0x1c ./Middlewares/ST/STM32_USB_Device_Library/Core/Src/usbd_ioreq.o
                0x000000000800bd84                USBD_CtlPrepareRx
 .text.USBD_CtlContinueRx
                0x000000000800bda0       0x14 ./Middlewares/ST/STM32_USB_Device_Library/Core/Src/usbd_ioreq.o
                0x000000000800bda0                USBD_CtlContinueRx
 .text.USBD_CtlSendStatus
                0x000000000800bdb4       0x18 ./Middlewares/ST/STM32_USB_Device_Library/Core/Src/usbd_ioreq.o
                0x000000000800bdb4                USBD_CtlSendStatus
 .text.USBD_CtlReceiveStatus
                0x000000000800bdcc       0x18 ./Middlewares/ST/STM32_USB_Device_Library/Core/Src/usbd_ioreq.o
                0x000000000800bdcc                USBD_CtlReceiveStatus
 .text.disk_status
                0x000000000800bde4       0x14 ./Middlewares/Third_Party/FatFs/src/diskio.o
                0x000000000800bde4                disk_status
 .text.disk_initialize
                0x000000000800bdf8       0x24 ./Middlewares/Third_Party/FatFs/src/diskio.o
                0x000000000800bdf8                disk_initialize
 .text.disk_read
                0x000000000800be1c       0x1c ./Middlewares/Third_Party/FatFs/src/diskio.o
                0x000000000800be1c                disk_read
 .text.disk_write
                0x000000000800be38       0x1c ./Middlewares/Third_Party/FatFs/src/diskio.o
                0x000000000800be38                disk_write
 .text.disk_ioctl
                0x000000000800be54       0x18 ./Middlewares/Third_Party/FatFs/src/diskio.o
                0x000000000800be54                disk_ioctl
 .text.get_fattime