../Middlewares/Third_Party/FreeRTOS/Source/event_groups.c:138:20:xEventGroupCreate	8	static
../Middlewares/Third_Party/FreeRTOS/Source/event_groups.c:274:13:xEventGroupWaitBits	32	static,ignoring_inline_asm
../Middlewares/Third_Party/FreeRTOS/Source/event_groups.c:422:13:xEventGroupClearBits	16	static,ignoring_inline_asm
../Middlewares/Third_Party/FreeRTOS/Source/event_groups.c:464:13:xEventGroupGetBitsFromISR	0	static,ignoring_inline_asm
../Middlewares/Third_Party/FreeRTOS/Source/event_groups.c:480:13:xEventGroupSetBits	24	static,ignoring_inline_asm
../Middlewares/Third_Party/FreeRTOS/Source/event_groups.c:158:13:xEventGroupSync	24	static,ignoring_inline_asm
../Middlewares/Third_Party/FreeRTOS/Source/event_groups.c:574:6:vEventGroupDelete	16	static,ignoring_inline_asm
../Middlewares/Third_Party/FreeRTOS/Source/event_groups.c:599:6:vEventGroupSetBitsCallback	24	static,ignoring_inline_asm
../Middlewares/Third_Party/FreeRTOS/Source/event_groups.c:607:6:vEventGroupClearBitsCallback	16	static,ignoring_inline_asm
../Middlewares/Third_Party/FreeRTOS/Source/event_groups.c:665:14:uxEventGroupGetNumber	0	static
