../Utilities/STM32F769I-Discovery/stm32f769i_discovery_sd.c:219:9:BSP_SD_ITConfig	32	static
../Utilities/STM32F769I-Discovery/stm32f769i_discovery_sd.c:241:9:BSP_SD_IsDetected	16	static
../Utilities/STM32F769I-Discovery/stm32f769i_discovery_sd.c:264:9:BSP_SD_ReadBlocks	16	static
../Utilities/STM32F769I-Discovery/stm32f769i_discovery_sd.c:284:9:BSP_SD_WriteBlocks	16	static
../Utilities/STM32F769I-Discovery/stm32f769i_discovery_sd.c:304:9:BSP_SD_ReadBlocks_DMA	16	static
../Utilities/STM32F769I-Discovery/stm32f769i_discovery_sd.c:338:9:BSP_SD_WriteBlocks_DMA	16	static
../Utilities/STM32F769I-Discovery/stm32f769i_discovery_sd.c:370:9:BSP_SD_Erase	32	static
../Utilities/STM32F769I-Discovery/stm32f769i_discovery_sd.c:387:13:BSP_SD_MspInit	88	static
../Utilities/STM32F769I-Discovery/stm32f769i_discovery_sd.c:493:13:BSP_SD_Detect_MspInit	40	static
../Utilities/STM32F769I-Discovery/stm32f769i_discovery_sd.c:144:9:BSP_SD_Init	16	static
../Utilities/STM32F769I-Discovery/stm32f769i_discovery_sd.c:512:13:BSP_SD_MspDeInit	8	static
../Utilities/STM32F769I-Discovery/stm32f769i_discovery_sd.c:196:9:BSP_SD_DeInit	16	static
../Utilities/STM32F769I-Discovery/stm32f769i_discovery_sd.c:550:29:BSP_SD_GetStatus	0	static
../Utilities/STM32F769I-Discovery/stm32f769i_discovery_sd.c:559:6:BSP_SD_GetCardInfo	0	static
