../Utilities/STM32F769I-Discovery/stm32f769i_discovery.c:345:13:I2Cx_MspInit	56	static
../Utilities/STM32F769I-Discovery/stm32f769i_discovery.c:158:10:BSP_GetVersion	0	static
../Utilities/STM32F769I-Discovery/stm32f769i_discovery.c:171:6:BSP_LED_Init	32	static
../Utilities/STM32F769I-Discovery/stm32f769i_discovery.c:196:6:BSP_LED_DeInit	16	static
../Utilities/STM32F769I-Discovery/stm32f769i_discovery.c:216:6:BSP_LED_On	0	static
../Utilities/STM32F769I-Discovery/stm32f769i_discovery.c:229:6:BSP_LED_Off	0	static
../Utilities/STM32F769I-Discovery/stm32f769i_discovery.c:242:6:BSP_LED_Toggle	0	static
../Utilities/STM32F769I-Discovery/stm32f769i_discovery.c:260:6:BSP_PB_Init	40	static
../Utilities/STM32F769I-Discovery/stm32f769i_discovery.c:303:6:BSP_PB_DeInit	8	static
../Utilities/STM32F769I-Discovery/stm32f769i_discovery.c:321:10:BSP_PB_GetState	8	static
../Utilities/STM32F769I-Discovery/stm32f769i_discovery.c:550:6:AUDIO_IO_Init	56	static
../Utilities/STM32F769I-Discovery/stm32f769i_discovery.c:558:6:AUDIO_IO_DeInit	0	static
../Utilities/STM32F769I-Discovery/stm32f769i_discovery.c:570:6:AUDIO_IO_Write	32	static
../Utilities/STM32F769I-Discovery/stm32f769i_discovery.c:587:10:AUDIO_IO_Read	40	static
../Utilities/STM32F769I-Discovery/stm32f769i_discovery.c:606:6:AUDIO_IO_Delay	0	static
../Utilities/STM32F769I-Discovery/stm32f769i_discovery.c:616:6:EEPROM_IO_Init	8	static
../Utilities/STM32F769I-Discovery/stm32f769i_discovery.c:629:19:EEPROM_IO_WriteData	32	static
../Utilities/STM32F769I-Discovery/stm32f769i_discovery.c:642:19:EEPROM_IO_ReadData	32	static
../Utilities/STM32F769I-Discovery/stm32f769i_discovery.c:654:19:EEPROM_IO_IsDeviceReady	0	static
../Utilities/STM32F769I-Discovery/stm32f769i_discovery.c:665:6:TS_IO_Init	56	static
../Utilities/STM32F769I-Discovery/stm32f769i_discovery.c:677:6:TS_IO_Write	40	static
../Utilities/STM32F769I-Discovery/stm32f769i_discovery.c:688:9:TS_IO_Read	40	static
../Utilities/STM32F769I-Discovery/stm32f769i_discovery.c:706:10:TS_IO_ReadMultiple	32	static
../Utilities/STM32F769I-Discovery/stm32f769i_discovery.c:720:6:TS_IO_WriteMultiple	32	static
../Utilities/STM32F769I-Discovery/stm32f769i_discovery.c:730:6:TS_IO_Delay	0	static
../Utilities/STM32F769I-Discovery/stm32f769i_discovery.c:740:6:OTM8009A_IO_Delay	0	static
