../Utilities/STM32F769I-Discovery/stm32f769i_discovery_lcd.c:1442:13:FillTriangle	104	static
../Utilities/STM32F769I-Discovery/stm32f769i_discovery_lcd.c:374:6:BSP_LCD_Reset	40	static
../Utilities/STM32F769I-Discovery/stm32f769i_discovery_lcd.c:404:10:BSP_LCD_GetXSize	0	static
../Utilities/STM32F769I-Discovery/stm32f769i_discovery_lcd.c:413:10:BSP_LCD_GetYSize	0	static
../Utilities/STM32F769I-Discovery/stm32f769i_discovery_lcd.c:423:6:BSP_LCD_SetXSize	0	static
../Utilities/STM32F769I-Discovery/stm32f769i_discovery_lcd.c:432:6:BSP_LCD_SetYSize	0	static
../Utilities/STM32F769I-Discovery/stm32f769i_discovery_lcd.c:444:6:BSP_LCD_LayerDefaultInit	72	static
../Utilities/STM32F769I-Discovery/stm32f769i_discovery_lcd.c:477:6:BSP_LCD_SelectLayer	0	static
../Utilities/STM32F769I-Discovery/stm32f769i_discovery_lcd.c:490:6:BSP_LCD_SetLayerVisible	0	static
../Utilities/STM32F769I-Discovery/stm32f769i_discovery_lcd.c:510:6:BSP_LCD_SetTransparency	0	static
../Utilities/STM32F769I-Discovery/stm32f769i_discovery_lcd.c:522:6:BSP_LCD_SetLayerAddress	0	static
../Utilities/STM32F769I-Discovery/stm32f769i_discovery_lcd.c:537:6:BSP_LCD_SetLayerWindow	24	static
../Utilities/STM32F769I-Discovery/stm32f769i_discovery_lcd.c:552:6:BSP_LCD_SetColorKeying	16	static
../Utilities/STM32F769I-Discovery/stm32f769i_discovery_lcd.c:563:6:BSP_LCD_ResetColorKeying	0	static
../Utilities/STM32F769I-Discovery/stm32f769i_discovery_lcd.c:573:6:BSP_LCD_SetTextColor	0	static
../Utilities/STM32F769I-Discovery/stm32f769i_discovery_lcd.c:582:10:BSP_LCD_GetTextColor	0	static
../Utilities/STM32F769I-Discovery/stm32f769i_discovery_lcd.c:591:6:BSP_LCD_SetBackColor	0	static
../Utilities/STM32F769I-Discovery/stm32f769i_discovery_lcd.c:600:10:BSP_LCD_GetBackColor	0	static
../Utilities/STM32F769I-Discovery/stm32f769i_discovery_lcd.c:609:6:BSP_LCD_SetFont	0	static
../Utilities/STM32F769I-Discovery/stm32f769i_discovery_lcd.c:618:8:BSP_LCD_GetFont	0	static
../Utilities/STM32F769I-Discovery/stm32f769i_discovery_lcd.c:629:10:BSP_LCD_ReadPixel	8	static
../Utilities/STM32F769I-Discovery/stm32f769i_discovery_lcd.c:663:6:BSP_LCD_Clear	40	static
../Utilities/STM32F769I-Discovery/stm32f769i_discovery_lcd.c:673:6:BSP_LCD_ClearStringLine	56	static
../Utilities/STM32F769I-Discovery/stm32f769i_discovery_lcd.c:692:6:BSP_LCD_DisplayChar	64	static
../Utilities/STM32F769I-Discovery/stm32f769i_discovery_lcd.c:709:6:BSP_LCD_DisplayStringAt	32	static
../Utilities/STM32F769I-Discovery/stm32f769i_discovery_lcd.c:771:6:BSP_LCD_DisplayStringAtLine	8	static
../Utilities/STM32F769I-Discovery/stm32f769i_discovery_lcd.c:782:6:BSP_LCD_DrawHLine	56	static
../Utilities/STM32F769I-Discovery/stm32f769i_discovery_lcd.c:799:6:BSP_LCD_DrawVLine	48	static
../Utilities/STM32F769I-Discovery/stm32f769i_discovery_lcd.c:817:6:BSP_LCD_DrawLine	56	static
../Utilities/STM32F769I-Discovery/stm32f769i_discovery_lcd.c:891:6:BSP_LCD_DrawRect	64	static
../Utilities/STM32F769I-Discovery/stm32f769i_discovery_lcd.c:908:6:BSP_LCD_DrawCircle	56	static
../Utilities/STM32F769I-Discovery/stm32f769i_discovery_lcd.c:954:6:BSP_LCD_DrawPolygon	72	static
../Utilities/STM32F769I-Discovery/stm32f769i_discovery_lcd.c:981:6:BSP_LCD_DrawEllipse	48	static
../Utilities/STM32F769I-Discovery/stm32f769i_discovery_lcd.c:1013:6:BSP_LCD_DrawBitmap	64	static
../Utilities/STM32F769I-Discovery/stm32f769i_discovery_lcd.c:1073:6:BSP_LCD_FillRect	56	static
../Utilities/STM32F769I-Discovery/stm32f769i_discovery_lcd.c:1093:6:BSP_LCD_FillCircle	40	static
../Utilities/STM32F769I-Discovery/stm32f769i_discovery_lcd.c:1140:6:BSP_LCD_FillPolygon	56	static
../Utilities/STM32F769I-Discovery/stm32f769i_discovery_lcd.c:1207:6:BSP_LCD_FillEllipse	80	static
../Utilities/STM32F769I-Discovery/stm32f769i_discovery_lcd.c:1237:6:BSP_LCD_DisplayOn	16	static
../Utilities/STM32F769I-Discovery/stm32f769i_discovery_lcd.c:1252:6:BSP_LCD_DisplayOff	16	static
../Utilities/STM32F769I-Discovery/stm32f769i_discovery_lcd.c:1267:6:BSP_LCD_SetBrightness	16	static
../Utilities/STM32F769I-Discovery/stm32f769i_discovery_lcd.c:1284:6:DSI_IO_WriteCmd	24	static
../Utilities/STM32F769I-Discovery/stm32f769i_discovery_lcd.c:1303:13:BSP_LCD_MspDeInit	8	static
../Utilities/STM32F769I-Discovery/stm32f769i_discovery_lcd.c:1329:13:BSP_LCD_MspInit	24	static
../Utilities/STM32F769I-Discovery/stm32f769i_discovery_lcd.c:187:9:BSP_LCD_InitEx	64	static
../Utilities/STM32F769I-Discovery/stm32f769i_discovery_lcd.c:172:9:BSP_LCD_Init	0	static
../Utilities/STM32F769I-Discovery/stm32f769i_discovery_lcd.c:1371:6:BSP_LCD_DrawPixel	4	static
