../Utilities/STM32F769I-Discovery/stm32f769i_discovery_audio.c:1750:16:DFSDMx_Init.isra	40	static
../Utilities/STM32F769I-Discovery/stm32f769i_discovery_audio.c:347:9:BSP_AUDIO_OUT_Play	16	static
../Utilities/STM32F769I-Discovery/stm32f769i_discovery_audio.c:363:6:BSP_AUDIO_OUT_Restart	0	static
../Utilities/STM32F769I-Discovery/stm32f769i_discovery_audio.c:374:6:BSP_AUDIO_OUT_ChangeBuffer	0	static
../Utilities/STM32F769I-Discovery/stm32f769i_discovery_audio.c:387:9:BSP_AUDIO_OUT_Pause	16	static
../Utilities/STM32F769I-Discovery/stm32f769i_discovery_audio.c:411:9:BSP_AUDIO_OUT_Resume	16	static
../Utilities/STM32F769I-Discovery/stm32f769i_discovery_audio.c:437:9:BSP_AUDIO_OUT_Stop	16	static
../Utilities/STM32F769I-Discovery/stm32f769i_discovery_audio.c:465:9:BSP_AUDIO_OUT_SetVolume	8	static
../Utilities/STM32F769I-Discovery/stm32f769i_discovery_audio.c:485:9:BSP_AUDIO_OUT_SetMute	8	static
../Utilities/STM32F769I-Discovery/stm32f769i_discovery_audio.c:506:9:BSP_AUDIO_OUT_SetOutputMode	8	static
../Utilities/STM32F769I-Discovery/stm32f769i_discovery_audio.c:551:6:BSP_AUDIO_OUT_SetAudioFrameSlot	8	static
../Utilities/STM32F769I-Discovery/stm32f769i_discovery_audio.c:628:13:BSP_AUDIO_OUT_TransferComplete_CallBack	0	static
../Utilities/STM32F769I-Discovery/stm32f769i_discovery_audio.c:580:6:HAL_SAI_TxCpltCallback	8	static
../Utilities/STM32F769I-Discovery/stm32f769i_discovery_audio.c:636:13:BSP_AUDIO_OUT_HalfTransfer_CallBack	0	static
../Utilities/STM32F769I-Discovery/stm32f769i_discovery_audio.c:596:6:HAL_SAI_TxHalfCpltCallback	8	static
../Utilities/STM32F769I-Discovery/stm32f769i_discovery_audio.c:644:13:BSP_AUDIO_OUT_Error_CallBack	0	static
../Utilities/STM32F769I-Discovery/stm32f769i_discovery_audio.c:653:13:BSP_AUDIO_OUT_MspInit	56	static
../Utilities/STM32F769I-Discovery/stm32f769i_discovery_audio.c:823:13:BSP_AUDIO_OUT_MspDeInit	8	static
../Utilities/STM32F769I-Discovery/stm32f769i_discovery_audio.c:568:6:BSP_AUDIO_OUT_DeInit	8	static
../Utilities/STM32F769I-Discovery/stm32f769i_discovery_audio.c:861:13:BSP_AUDIO_OUT_ClockConfig	152	static
../Utilities/STM32F769I-Discovery/stm32f769i_discovery_audio.c:295:9:BSP_AUDIO_OUT_Init	32	static
../Utilities/STM32F769I-Discovery/stm32f769i_discovery_audio.c:527:6:BSP_AUDIO_OUT_SetFrequency	16	static
../Utilities/STM32F769I-Discovery/stm32f769i_discovery_audio.c:1204:9:BSP_AUDIO_IN_AllocScratch	0	static
../Utilities/STM32F769I-Discovery/stm32f769i_discovery_audio.c:1224:9:BSP_AUDIO_IN_GetChannelNumber	0	static
../Utilities/STM32F769I-Discovery/stm32f769i_discovery_audio.c:1235:9:BSP_AUDIO_IN_Record	8	static
../Utilities/STM32F769I-Discovery/stm32f769i_discovery_audio.c:1288:9:BSP_AUDIO_IN_Stop	8	static
../Utilities/STM32F769I-Discovery/stm32f769i_discovery_audio.c:1349:9:BSP_AUDIO_IN_Pause	8	static
../Utilities/STM32F769I-Discovery/stm32f769i_discovery_audio.c:1385:9:BSP_AUDIO_IN_Resume	8	static
../Utilities/STM32F769I-Discovery/stm32f769i_discovery_audio.c:1620:13:BSP_AUDIO_IN_TransferComplete_CallBack	0	static
../Utilities/STM32F769I-Discovery/stm32f769i_discovery_audio.c:1608:6:HAL_SAI_RxCpltCallback	8	static
../Utilities/STM32F769I-Discovery/stm32f769i_discovery_audio.c:1631:13:BSP_AUDIO_IN_HalfTransfer_CallBack	0	static
../Utilities/STM32F769I-Discovery/stm32f769i_discovery_audio.c:1442:6:HAL_DFSDM_FilterRegConvCpltCallback	24	static
../Utilities/STM32F769I-Discovery/stm32f769i_discovery_audio.c:1518:6:HAL_DFSDM_FilterRegConvHalfCpltCallback	24	static
../Utilities/STM32F769I-Discovery/stm32f769i_discovery_audio.c:1594:6:HAL_SAI_RxHalfCpltCallback	8	static
../Utilities/STM32F769I-Discovery/stm32f769i_discovery_audio.c:1642:13:BSP_AUDIO_IN_Error_CallBack	0	static
../Utilities/STM32F769I-Discovery/stm32f769i_discovery_audio.c:612:6:HAL_SAI_ErrorCallback	8	static
../Utilities/STM32F769I-Discovery/stm32f769i_discovery_audio.c:1653:13:BSP_AUDIO_IN_MspInit	96	static
../Utilities/STM32F769I-Discovery/stm32f769i_discovery_audio.c:1673:13:BSP_AUDIO_IN_MspDeInit	8	static
../Utilities/STM32F769I-Discovery/stm32f769i_discovery_audio.c:1421:6:BSP_AUDIO_IN_DeInit	16	static
../Utilities/STM32F769I-Discovery/stm32f769i_discovery_audio.c:1696:13:BSP_AUDIO_IN_ClockConfig	152	static
../Utilities/STM32F769I-Discovery/stm32f769i_discovery_audio.c:1140:9:BSP_AUDIO_IN_InitEx	40	static
../Utilities/STM32F769I-Discovery/stm32f769i_discovery_audio.c:1127:9:BSP_AUDIO_IN_Init	16	static
