../HAL_Driver/Src/stm32f7xx_hal_dma2d.c:370:13:HAL_DMA2D_MspInit	0	static
../HAL_Driver/Src/stm32f7xx_hal_dma2d.c:231:19:HAL_DMA2D_Init	16	static,ignoring_inline_asm
../HAL_Driver/Src/stm32f7xx_hal_dma2d.c:386:13:HAL_DMA2D_MspDeInit	0	static
../HAL_Driver/Src/stm32f7xx_hal_dma2d.c:292:19:HAL_DMA2D_DeInit	16	static
../HAL_Driver/Src/stm32f7xx_hal_dma2d.c:449:19:HAL_DMA2D_Start	12	static,ignoring_inline_asm
../HAL_Driver/Src/stm32f7xx_hal_dma2d.c:483:19:HAL_DMA2D_Start_IT	12	static,ignoring_inline_asm
../HAL_Driver/Src/stm32f7xx_hal_dma2d.c:518:19:HAL_DMA2D_BlendingStart	8	static,ignoring_inline_asm
../HAL_Driver/Src/stm32f7xx_hal_dma2d.c:553:19:HAL_DMA2D_BlendingStart_IT	8	static,ignoring_inline_asm
../HAL_Driver/Src/stm32f7xx_hal_dma2d.c:586:19:HAL_DMA2D_Abort	16	static
../HAL_Driver/Src/stm32f7xx_hal_dma2d.c:635:19:HAL_DMA2D_Suspend	16	static
../HAL_Driver/Src/stm32f7xx_hal_dma2d.c:685:19:HAL_DMA2D_Resume	0	static
../HAL_Driver/Src/stm32f7xx_hal_dma2d.c:713:19:HAL_DMA2D_EnableCLUT	0	static
../HAL_Driver/Src/stm32f7xx_hal_dma2d.c:751:19:HAL_DMA2D_CLUTLoad	32	static,ignoring_inline_asm
../HAL_Driver/Src/stm32f7xx_hal_dma2d.c:805:19:HAL_DMA2D_CLUTLoad_IT	24	static,ignoring_inline_asm
../HAL_Driver/Src/stm32f7xx_hal_dma2d.c:863:19:HAL_DMA2D_CLUTLoading_Abort	16	static
../HAL_Driver/Src/stm32f7xx_hal_dma2d.c:920:19:HAL_DMA2D_CLUTLoading_Suspend	16	static
../HAL_Driver/Src/stm32f7xx_hal_dma2d.c:977:19:HAL_DMA2D_CLUTLoading_Resume	0	static
../HAL_Driver/Src/stm32f7xx_hal_dma2d.c:1016:19:HAL_DMA2D_PollForTransfer	24	static
../HAL_Driver/Src/stm32f7xx_hal_dma2d.c:1303:13:HAL_DMA2D_LineEventCallback	0	static
../HAL_Driver/Src/stm32f7xx_hal_dma2d.c:1319:13:HAL_DMA2D_CLUTLoadingCpltCallback	0	static
../HAL_Driver/Src/stm32f7xx_hal_dma2d.c:1142:6:HAL_DMA2D_IRQHandler	16	static
../HAL_Driver/Src/stm32f7xx_hal_dma2d.c:1362:19:HAL_DMA2D_ConfigLayer	12	static,ignoring_inline_asm
../HAL_Driver/Src/stm32f7xx_hal_dma2d.c:1461:19:HAL_DMA2D_ConfigCLUT	32	static,ignoring_inline_asm
../HAL_Driver/Src/stm32f7xx_hal_dma2d.c:1515:19:HAL_DMA2D_ProgramLineEvent	4	static
../HAL_Driver/Src/stm32f7xx_hal_dma2d.c:1553:19:HAL_DMA2D_EnableDeadTime	0	static
../HAL_Driver/Src/stm32f7xx_hal_dma2d.c:1576:19:HAL_DMA2D_DisableDeadTime	0	static
../HAL_Driver/Src/stm32f7xx_hal_dma2d.c:1602:19:HAL_DMA2D_ConfigDeadTime	8	static,ignoring_inline_asm
../HAL_Driver/Src/stm32f7xx_hal_dma2d.c:1647:24:HAL_DMA2D_GetState	0	static
../HAL_Driver/Src/stm32f7xx_hal_dma2d.c:1658:10:HAL_DMA2D_GetError	0	static
