../HAL_Driver/Src/stm32f7xx_hal_dcmi.c:814:13:DCMI_DMAXferCplt	8	static
../HAL_Driver/Src/stm32f7xx_hal_dcmi.c:247:13:HAL_DCMI_MspInit	0	static
../HAL_Driver/Src/stm32f7xx_hal_dcmi.c:151:19:HAL_DCMI_Init	16	static,ignoring_inline_asm
../HAL_Driver/Src/stm32f7xx_hal_dcmi.c:263:13:HAL_DCMI_MspDeInit	0	static
../HAL_Driver/Src/stm32f7xx_hal_dcmi.c:224:19:HAL_DCMI_DeInit	8	static
../HAL_Driver/Src/stm32f7xx_hal_dcmi.c:302:19:HAL_DCMI_Start_DMA	32	static
../HAL_Driver/Src/stm32f7xx_hal_dcmi.c:385:19:HAL_DCMI_Stop	16	static
../HAL_Driver/Src/stm32f7xx_hal_dcmi.c:438:19:HAL_DCMI_Suspend	4	static
../HAL_Driver/Src/stm32f7xx_hal_dcmi.c:484:19:HAL_DCMI_Resume	0	static
../HAL_Driver/Src/stm32f7xx_hal_dcmi.c:595:13:HAL_DCMI_ErrorCallback	0	static
../HAL_Driver/Src/stm32f7xx_hal_dcmi.c:871:13:DCMI_DMAError	8	static
../HAL_Driver/Src/stm32f7xx_hal_dcmi.c:611:13:HAL_DCMI_LineEventCallback	0	static
../HAL_Driver/Src/stm32f7xx_hal_dcmi.c:624:13:HAL_DCMI_VsyncEventCallback	0	static
../HAL_Driver/Src/stm32f7xx_hal_dcmi.c:640:13:HAL_DCMI_FrameEventCallback	0	static
../HAL_Driver/Src/stm32f7xx_hal_dcmi.c:510:6:HAL_DCMI_IRQHandler	16	static
../HAL_Driver/Src/stm32f7xx_hal_dcmi.c:680:19:HAL_DCMI_ConfigCrop	12	static,ignoring_inline_asm
../HAL_Driver/Src/stm32f7xx_hal_dcmi.c:713:19:HAL_DCMI_DisableCrop	0	static
../HAL_Driver/Src/stm32f7xx_hal_dcmi.c:739:19:HAL_DCMI_EnableCrop	0	static
../HAL_Driver/Src/stm32f7xx_hal_dcmi.c:785:23:HAL_DCMI_GetState	0	static
../HAL_Driver/Src/stm32f7xx_hal_dcmi.c:796:10:HAL_DCMI_GetError	0	static
