../HAL_Driver/Src/stm32f7xx_hal_jpeg.c:1992:26:JPEG_Bits_To_SizeCodes	32	static
../HAL_Driver/Src/stm32f7xx_hal_jpeg.c:2102:26:JPEG_DCHuff_BitsVals_To_SizeCodes	1320	static
../HAL_Driver/Src/stm32f7xx_hal_jpeg.c:2146:26:JPEG_Set_HuffDC_Mem	72	static
../HAL_Driver/Src/stm32f7xx_hal_jpeg.c:2203:26:JPEG_Set_HuffAC_Mem	2136	static
../HAL_Driver/Src/stm32f7xx_hal_jpeg.c:2528:27:JPEG_Set_Quantization_Mem	20	static
../HAL_Driver/Src/stm32f7xx_hal_jpeg.c:2734:13:JPEG_Init_Process	0	static
../HAL_Driver/Src/stm32f7xx_hal_jpeg.c:837:19:HAL_JPEG_GetInfo.part.0	24	static
../HAL_Driver/Src/stm32f7xx_hal_jpeg.c:3044:26:JPEG_DMA_StartProcess.isra	24	static
../HAL_Driver/Src/stm32f7xx_hal_jpeg.c:600:13:HAL_JPEG_MspInit	0	static
../HAL_Driver/Src/stm32f7xx_hal_jpeg.c:475:19:HAL_JPEG_Init	16	static
../HAL_Driver/Src/stm32f7xx_hal_jpeg.c:616:13:HAL_JPEG_MspDeInit	0	static
../HAL_Driver/Src/stm32f7xx_hal_jpeg.c:560:19:HAL_JPEG_DeInit	8	static
../HAL_Driver/Src/stm32f7xx_hal_jpeg.c:656:19:HAL_JPEG_ConfigEncoding	24	static
../HAL_Driver/Src/stm32f7xx_hal_jpeg.c:837:19:HAL_JPEG_GetInfo	0	static
../HAL_Driver/Src/stm32f7xx_hal_jpeg.c:904:19:HAL_JPEG_EnableHeaderParsing	0	static
../HAL_Driver/Src/stm32f7xx_hal_jpeg.c:940:19:HAL_JPEG_DisableHeaderParsing	0	static
../HAL_Driver/Src/stm32f7xx_hal_jpeg.c:987:20:HAL_JPEG_SetUserQuantTables	4	static
../HAL_Driver/Src/stm32f7xx_hal_jpeg.c:1264:20:HAL_JPEG_Encode_IT	16	static
../HAL_Driver/Src/stm32f7xx_hal_jpeg.c:1338:20:HAL_JPEG_Decode_IT	16	static
../HAL_Driver/Src/stm32f7xx_hal_jpeg.c:1402:20:HAL_JPEG_Encode_DMA	16	static
../HAL_Driver/Src/stm32f7xx_hal_jpeg.c:1475:20:HAL_JPEG_Decode_DMA	16	static
../HAL_Driver/Src/stm32f7xx_hal_jpeg.c:1538:20:HAL_JPEG_Pause	0	static
../HAL_Driver/Src/stm32f7xx_hal_jpeg.c:1590:20:HAL_JPEG_Resume	16	static
../HAL_Driver/Src/stm32f7xx_hal_jpeg.c:1654:6:HAL_JPEG_ConfigInputBuffer	0	static
../HAL_Driver/Src/stm32f7xx_hal_jpeg.c:1668:6:HAL_JPEG_ConfigOutputBuffer	0	static
../HAL_Driver/Src/stm32f7xx_hal_jpeg.c:1680:19:HAL_JPEG_Abort	16	static
../HAL_Driver/Src/stm32f7xx_hal_jpeg.c:1783:13:HAL_JPEG_InfoReadyCallback	0	static
../HAL_Driver/Src/stm32f7xx_hal_jpeg.c:1800:13:HAL_JPEG_EncodeCpltCallback	0	static
../HAL_Driver/Src/stm32f7xx_hal_jpeg.c:1816:13:HAL_JPEG_DecodeCpltCallback	0	static
../HAL_Driver/Src/stm32f7xx_hal_jpeg.c:1832:14:HAL_JPEG_ErrorCallback	0	static
../HAL_Driver/Src/stm32f7xx_hal_jpeg.c:3306:13:JPEG_DMAErrorCallback	8	static
../HAL_Driver/Src/stm32f7xx_hal_jpeg.c:1849:14:HAL_JPEG_GetDataCallback	0	static
../HAL_Driver/Src/stm32f7xx_hal_jpeg.c:3226:13:JPEG_DMAInCpltCallback	8	static
../HAL_Driver/Src/stm32f7xx_hal_jpeg.c:1868:13:HAL_JPEG_DataReadyCallback	0	static
../HAL_Driver/Src/stm32f7xx_hal_jpeg.c:3271:13:JPEG_DMAOutCpltCallback	8	static
../HAL_Driver/Src/stm32f7xx_hal_jpeg.c:3333:13:JPEG_DMAOutAbortCallback	24	static
../HAL_Driver/Src/stm32f7xx_hal_jpeg.c:2788:17:JPEG_Process	24	static
../HAL_Driver/Src/stm32f7xx_hal_jpeg.c:1061:20:HAL_JPEG_Encode	32	static
../HAL_Driver/Src/stm32f7xx_hal_jpeg.c:1167:20:HAL_JPEG_Decode	32	static
../HAL_Driver/Src/stm32f7xx_hal_jpeg.c:1905:6:HAL_JPEG_IRQHandler	24	static
../HAL_Driver/Src/stm32f7xx_hal_jpeg.c:1955:23:HAL_JPEG_GetState	0	static
../HAL_Driver/Src/stm32f7xx_hal_jpeg.c:1966:10:HAL_JPEG_GetError	0	static
