../HAL_Driver/Src/stm32f7xx_hal.c:208:13:HAL_MspInit	0	static
../HAL_Driver/Src/stm32f7xx_hal.c:219:13:HAL_MspDeInit	0	static
../HAL_Driver/Src/stm32f7xx_hal.c:179:19:HAL_DeInit	8	static
../HAL_Driver/Src/stm32f7xx_hal.c:242:26:HAL_InitTick	16	static
../HAL_Driver/Src/stm32f7xx_hal.c:154:19:HAL_Init	8	static
../HAL_Driver/Src/stm32f7xx_hal.c:290:13:HAL_IncTick	0	static
../HAL_Driver/Src/stm32f7xx_hal.c:301:17:HAL_GetTick	0	static
../HAL_Driver/Src/stm32f7xx_hal.c:317:13:HAL_Delay	16	static
../HAL_Driver/Src/stm32f7xx_hal.c:336:13:HAL_SuspendTick	0	static
../HAL_Driver/Src/stm32f7xx_hal.c:352:13:HAL_ResumeTick	0	static
../HAL_Driver/Src/stm32f7xx_hal.c:362:10:HAL_GetHalVersion	0	static
../HAL_Driver/Src/stm32f7xx_hal.c:371:10:HAL_GetREVID	0	static
../HAL_Driver/Src/stm32f7xx_hal.c:380:10:HAL_GetDEVID	0	static
../HAL_Driver/Src/stm32f7xx_hal.c:389:6:HAL_DBGMCU_EnableDBGSleepMode	0	static
../HAL_Driver/Src/stm32f7xx_hal.c:398:6:HAL_DBGMCU_DisableDBGSleepMode	0	static
../HAL_Driver/Src/stm32f7xx_hal.c:407:6:HAL_DBGMCU_EnableDBGStopMode	0	static
../HAL_Driver/Src/stm32f7xx_hal.c:416:6:HAL_DBGMCU_DisableDBGStopMode	0	static
../HAL_Driver/Src/stm32f7xx_hal.c:425:6:HAL_DBGMCU_EnableDBGStandbyMode	0	static
../HAL_Driver/Src/stm32f7xx_hal.c:434:6:HAL_DBGMCU_DisableDBGStandbyMode	0	static
../HAL_Driver/Src/stm32f7xx_hal.c:445:6:HAL_EnableCompensationCell	0	static
../HAL_Driver/Src/stm32f7xx_hal.c:456:6:HAL_DisableCompensationCell	0	static
../HAL_Driver/Src/stm32f7xx_hal.c:469:6:HAL_EnableFMCMemorySwapping	0	static
../HAL_Driver/Src/stm32f7xx_hal.c:482:6:HAL_DisableFMCMemorySwapping	0	static
../HAL_Driver/Src/stm32f7xx_hal.c:499:6:HAL_EnableMemorySwappingBank	0	static
../HAL_Driver/Src/stm32f7xx_hal.c:514:6:HAL_DisableMemorySwappingBank	0	static
