../HAL_Driver/Src/stm32f7xx_hal_i2s.c:380:14:HAL_I2S_MspInit	0	static
../HAL_Driver/Src/stm32f7xx_hal_i2s.c:216:19:HAL_I2S_Init	24	static
../HAL_Driver/Src/stm32f7xx_hal_i2s.c:396:14:HAL_I2S_MspDeInit	0	static
../HAL_Driver/Src/stm32f7xx_hal_i2s.c:349:19:HAL_I2S_DeInit	8	static
../HAL_Driver/Src/stm32f7xx_hal_i2s.c:674:19:HAL_I2S_Transmit_IT	0	static
../HAL_Driver/Src/stm32f7xx_hal_i2s.c:739:19:HAL_I2S_Receive_IT	0	static
../HAL_Driver/Src/stm32f7xx_hal_i2s.c:801:19:HAL_I2S_Transmit_DMA	8	static
../HAL_Driver/Src/stm32f7xx_hal_i2s.c:879:19:HAL_I2S_Receive_DMA	24	static
../HAL_Driver/Src/stm32f7xx_hal_i2s.c:956:19:HAL_I2S_DMAPause	0	static
../HAL_Driver/Src/stm32f7xx_hal_i2s.c:997:19:HAL_I2S_DMAResume	0	static
../HAL_Driver/Src/stm32f7xx_hal_i2s.c:1032:19:HAL_I2S_DMAStop	8	static
../HAL_Driver/Src/stm32f7xx_hal_i2s.c:1209:14:HAL_I2S_TxHalfCpltCallback	0	static
../HAL_Driver/Src/stm32f7xx_hal_i2s.c:1428:13:I2S_DMATxHalfCplt	8	static
../HAL_Driver/Src/stm32f7xx_hal_i2s.c:1225:14:HAL_I2S_TxCpltCallback	0	static
../HAL_Driver/Src/stm32f7xx_hal_i2s.c:1396:13:I2S_DMATxCplt	8	static
../HAL_Driver/Src/stm32f7xx_hal_i2s.c:1241:13:HAL_I2S_RxHalfCpltCallback	0	static
../HAL_Driver/Src/stm32f7xx_hal_i2s.c:1472:13:I2S_DMARxHalfCplt	8	static
../HAL_Driver/Src/stm32f7xx_hal_i2s.c:1257:13:HAL_I2S_RxCpltCallback	0	static
../HAL_Driver/Src/stm32f7xx_hal_i2s.c:1441:13:I2S_DMARxCplt	8	static
../HAL_Driver/Src/stm32f7xx_hal_i2s.c:1273:14:HAL_I2S_ErrorCallback	0	static
../HAL_Driver/Src/stm32f7xx_hal_i2s.c:467:19:HAL_I2S_Transmit	32	static
../HAL_Driver/Src/stm32f7xx_hal_i2s.c:574:19:HAL_I2S_Receive	40	static
../HAL_Driver/Src/stm32f7xx_hal_i2s.c:1485:13:I2S_DMAError	8	static
../HAL_Driver/Src/stm32f7xx_hal_i2s.c:1073:6:HAL_I2S_IRQHandler	24	static
../HAL_Driver/Src/stm32f7xx_hal_i2s.c:1308:22:HAL_I2S_GetState	0	static
../HAL_Driver/Src/stm32f7xx_hal_i2s.c:1319:10:HAL_I2S_GetError	0	static
