../HAL_Driver/Src/stm32f7xx_hal_rtc_ex.c:159:19:HAL_RTCEx_SetTimeStamp	4	static
../HAL_Driver/Src/stm32f7xx_hal_rtc_ex.c:219:19:HAL_RTCEx_SetTimeStamp_IT	8	static
../HAL_Driver/Src/stm32f7xx_hal_rtc_ex.c:273:19:HAL_RTCEx_DeactivateTimeStamp	4	static
../HAL_Driver/Src/stm32f7xx_hal_rtc_ex.c:312:19:HAL_RTCEx_SetInternalTimeStamp	0	static
../HAL_Driver/Src/stm32f7xx_hal_rtc_ex.c:343:19:HAL_RTCEx_DeactivateInternalTimeStamp	0	static
../HAL_Driver/Src/stm32f7xx_hal_rtc_ex.c:379:19:HAL_RTCEx_GetTimeStamp	24	static
../HAL_Driver/Src/stm32f7xx_hal_rtc_ex.c:431:19:HAL_RTCEx_SetTamper	24	static
../HAL_Driver/Src/stm32f7xx_hal_rtc_ex.c:519:19:HAL_RTCEx_SetTamper_IT	24	static
../HAL_Driver/Src/stm32f7xx_hal_rtc_ex.c:614:19:HAL_RTCEx_DeactivateTamper	4	static
../HAL_Driver/Src/stm32f7xx_hal_rtc_ex.c:729:13:HAL_RTCEx_TimeStampEventCallback	0	static
../HAL_Driver/Src/stm32f7xx_hal_rtc_ex.c:745:13:HAL_RTCEx_Tamper1EventCallback	0	static
../HAL_Driver/Src/stm32f7xx_hal_rtc_ex.c:761:13:HAL_RTCEx_Tamper2EventCallback	0	static
../HAL_Driver/Src/stm32f7xx_hal_rtc_ex.c:776:13:HAL_RTCEx_Tamper3EventCallback	0	static
../HAL_Driver/Src/stm32f7xx_hal_rtc_ex.c:656:6:HAL_RTCEx_TamperTimeStampIRQHandler	8	static
../HAL_Driver/Src/stm32f7xx_hal_rtc_ex.c:793:19:HAL_RTCEx_PollForTimeStampEvent	16	static
../HAL_Driver/Src/stm32f7xx_hal_rtc_ex.c:836:19:HAL_RTCEx_PollForTamper1Event	16	static
../HAL_Driver/Src/stm32f7xx_hal_rtc_ex.c:872:19:HAL_RTCEx_PollForTamper2Event	16	static
../HAL_Driver/Src/stm32f7xx_hal_rtc_ex.c:907:19:HAL_RTCEx_PollForTamper3Event	16	static
../HAL_Driver/Src/stm32f7xx_hal_rtc_ex.c:959:19:HAL_RTCEx_SetWakeUpTimer	24	static
../HAL_Driver/Src/stm32f7xx_hal_rtc_ex.c:1032:19:HAL_RTCEx_SetWakeUpTimer_IT	32	static
../HAL_Driver/Src/stm32f7xx_hal_rtc_ex.c:1111:10:HAL_RTCEx_DeactivateWakeUpTimer	16	static
../HAL_Driver/Src/stm32f7xx_hal_rtc_ex.c:1166:10:HAL_RTCEx_GetWakeUpTimer	0	static
../HAL_Driver/Src/stm32f7xx_hal_rtc_ex.c:1206:13:HAL_RTCEx_WakeUpTimerEventCallback	0	static
../HAL_Driver/Src/stm32f7xx_hal_rtc_ex.c:1178:6:HAL_RTCEx_WakeUpTimerIRQHandler	8	static
../HAL_Driver/Src/stm32f7xx_hal_rtc_ex.c:1223:19:HAL_RTCEx_PollForWakeUpTimerEvent	16	static
../HAL_Driver/Src/stm32f7xx_hal_rtc_ex.c:1293:6:HAL_RTCEx_BKUPWrite	0	static
../HAL_Driver/Src/stm32f7xx_hal_rtc_ex.c:1316:10:HAL_RTCEx_BKUPRead	0	static
../HAL_Driver/Src/stm32f7xx_hal_rtc_ex.c:1350:19:HAL_RTCEx_SetSmoothCalib	32	static
../HAL_Driver/Src/stm32f7xx_hal_rtc_ex.c:1420:19:HAL_RTCEx_SetSynchroShift	24	static
../HAL_Driver/Src/stm32f7xx_hal_rtc_ex.c:1515:19:HAL_RTCEx_SetCalibrationOutPut	4	static
../HAL_Driver/Src/stm32f7xx_hal_rtc_ex.c:1554:19:HAL_RTCEx_DeactivateCalibrationOutPut	0	static
../HAL_Driver/Src/stm32f7xx_hal_rtc_ex.c:1584:19:HAL_RTCEx_SetRefClock	16	static
../HAL_Driver/Src/stm32f7xx_hal_rtc_ex.c:1634:19:HAL_RTCEx_DeactivateRefClock	16	static
../HAL_Driver/Src/stm32f7xx_hal_rtc_ex.c:1686:19:HAL_RTCEx_EnableBypassShadow	0	static
../HAL_Driver/Src/stm32f7xx_hal_rtc_ex.c:1719:19:HAL_RTCEx_DisableBypassShadow	0	static
../HAL_Driver/Src/stm32f7xx_hal_rtc_ex.c:1769:13:HAL_RTCEx_AlarmBEventCallback	0	static
../HAL_Driver/Src/stm32f7xx_hal_rtc_ex.c:1786:19:HAL_RTCEx_PollForAlarmBEvent	16	static
