../HAL_Driver/Src/stm32f7xx_hal_pcd.c:236:13:HAL_PCD_MspInit	0	static
../HAL_Driver/Src/stm32f7xx_hal_pcd.c:135:19:HAL_PCD_Init	88	static
../HAL_Driver/Src/stm32f7xx_hal_pcd.c:251:13:HAL_PCD_MspDeInit	0	static
../HAL_Driver/Src/stm32f7xx_hal_pcd.c:210:19:HAL_PCD_DeInit	8	static
../HAL_Driver/Src/stm32f7xx_hal_pcd.c:285:19:HAL_PCD_Start	8	static
../HAL_Driver/Src/stm32f7xx_hal_pcd.c:299:19:HAL_PCD_Stop	8	static
../HAL_Driver/Src/stm32f7xx_hal_pcd.c:710:14:HAL_PCD_DataOutStageCallback	0	static
../HAL_Driver/Src/stm32f7xx_hal_pcd.c:726:14:HAL_PCD_DataInStageCallback	0	static
../HAL_Driver/Src/stm32f7xx_hal_pcd.c:740:14:HAL_PCD_SetupStageCallback	0	static
../HAL_Driver/Src/stm32f7xx_hal_pcd.c:755:14:HAL_PCD_SOFCallback	0	static
../HAL_Driver/Src/stm32f7xx_hal_pcd.c:770:14:HAL_PCD_ResetCallback	0	static
../HAL_Driver/Src/stm32f7xx_hal_pcd.c:785:14:HAL_PCD_SuspendCallback	0	static
../HAL_Driver/Src/stm32f7xx_hal_pcd.c:800:14:HAL_PCD_ResumeCallback	0	static
../HAL_Driver/Src/stm32f7xx_hal_pcd.c:816:14:HAL_PCD_ISOOUTIncompleteCallback	0	static
../HAL_Driver/Src/stm32f7xx_hal_pcd.c:832:14:HAL_PCD_ISOINIncompleteCallback	0	static
../HAL_Driver/Src/stm32f7xx_hal_pcd.c:847:14:HAL_PCD_ConnectCallback	0	static
../HAL_Driver/Src/stm32f7xx_hal_pcd.c:862:14:HAL_PCD_DisconnectCallback	0	static
../HAL_Driver/Src/stm32f7xx_hal_pcd.c:316:6:HAL_PCD_IRQHandler	64	static
../HAL_Driver/Src/stm32f7xx_hal_pcd.c:896:19:HAL_PCD_DevConnect	8	static
../HAL_Driver/Src/stm32f7xx_hal_pcd.c:909:19:HAL_PCD_DevDisconnect	8	static
../HAL_Driver/Src/stm32f7xx_hal_pcd.c:923:19:HAL_PCD_SetAddress	8	static
../HAL_Driver/Src/stm32f7xx_hal_pcd.c:938:19:HAL_PCD_EP_Open	8	static
../HAL_Driver/Src/stm32f7xx_hal_pcd.c:980:19:HAL_PCD_EP_Close	8	static
../HAL_Driver/Src/stm32f7xx_hal_pcd.c:1011:19:HAL_PCD_EP_Receive	16	static
../HAL_Driver/Src/stm32f7xx_hal_pcd.c:1050:10:HAL_PCD_EP_GetRxCount	0	static
../HAL_Driver/Src/stm32f7xx_hal_pcd.c:1062:19:HAL_PCD_EP_Transmit	16	static
../HAL_Driver/Src/stm32f7xx_hal_pcd.c:1102:19:HAL_PCD_EP_SetStall	16	static
../HAL_Driver/Src/stm32f7xx_hal_pcd.c:1137:19:HAL_PCD_EP_ClrStall	16	static
../HAL_Driver/Src/stm32f7xx_hal_pcd.c:1167:19:HAL_PCD_EP_Flush	8	static
../HAL_Driver/Src/stm32f7xx_hal_pcd.c:1190:19:HAL_PCD_ActivateRemoteWakeup	0	static
../HAL_Driver/Src/stm32f7xx_hal_pcd.c:1207:19:HAL_PCD_DeActivateRemoteWakeup	0	static
../HAL_Driver/Src/stm32f7xx_hal_pcd.c:1239:18:HAL_PCD_GetState	0	static
