../HAL_Driver/Src/stm32f7xx_hal_lptim.c:353:13:HAL_LPTIM_MspInit	0	static
../HAL_Driver/Src/stm32f7xx_hal_lptim.c:228:19:HAL_LPTIM_Init	16	static
../HAL_Driver/Src/stm32f7xx_hal_lptim.c:368:13:HAL_LPTIM_MspDeInit	0	static
../HAL_Driver/Src/stm32f7xx_hal_lptim.c:321:19:HAL_LPTIM_DeInit	8	static
../HAL_Driver/Src/stm32f7xx_hal_lptim.c:417:19:HAL_LPTIM_PWM_Start	8	static
../HAL_Driver/Src/stm32f7xx_hal_lptim.c:454:19:HAL_LPTIM_PWM_Stop	0	static
../HAL_Driver/Src/stm32f7xx_hal_lptim.c:481:19:HAL_LPTIM_PWM_Start_IT	8	static
../HAL_Driver/Src/stm32f7xx_hal_lptim.c:537:19:HAL_LPTIM_PWM_Stop_IT	0	static
../HAL_Driver/Src/stm32f7xx_hal_lptim.c:583:19:HAL_LPTIM_OnePulse_Start	8	static
../HAL_Driver/Src/stm32f7xx_hal_lptim.c:620:19:HAL_LPTIM_OnePulse_Stop	0	static
../HAL_Driver/Src/stm32f7xx_hal_lptim.c:647:19:HAL_LPTIM_OnePulse_Start_IT	8	static
../HAL_Driver/Src/stm32f7xx_hal_lptim.c:703:19:HAL_LPTIM_OnePulse_Stop_IT	0	static
../HAL_Driver/Src/stm32f7xx_hal_lptim.c:749:19:HAL_LPTIM_SetOnce_Start	8	static
../HAL_Driver/Src/stm32f7xx_hal_lptim.c:786:19:HAL_LPTIM_SetOnce_Stop	0	static
../HAL_Driver/Src/stm32f7xx_hal_lptim.c:813:19:HAL_LPTIM_SetOnce_Start_IT	8	static
../HAL_Driver/Src/stm32f7xx_hal_lptim.c:869:19:HAL_LPTIM_SetOnce_Stop_IT	0	static
../HAL_Driver/Src/stm32f7xx_hal_lptim.c:913:19:HAL_LPTIM_Encoder_Start	4	static
../HAL_Driver/Src/stm32f7xx_hal_lptim.c:963:19:HAL_LPTIM_Encoder_Stop	0	static
../HAL_Driver/Src/stm32f7xx_hal_lptim.c:991:19:HAL_LPTIM_Encoder_Start_IT	4	static
../HAL_Driver/Src/stm32f7xx_hal_lptim.c:1048:19:HAL_LPTIM_Encoder_Stop_IT	0	static
../HAL_Driver/Src/stm32f7xx_hal_lptim.c:1086:19:HAL_LPTIM_TimeOut_Start	8	static
../HAL_Driver/Src/stm32f7xx_hal_lptim.c:1123:19:HAL_LPTIM_TimeOut_Stop	0	static
../HAL_Driver/Src/stm32f7xx_hal_lptim.c:1155:19:HAL_LPTIM_TimeOut_Start_IT	4	static
../HAL_Driver/Src/stm32f7xx_hal_lptim.c:1201:19:HAL_LPTIM_TimeOut_Stop_IT	0	static
../HAL_Driver/Src/stm32f7xx_hal_lptim.c:1238:19:HAL_LPTIM_Counter_Start	0	static
../HAL_Driver/Src/stm32f7xx_hal_lptim.c:1277:19:HAL_LPTIM_Counter_Stop	0	static
../HAL_Driver/Src/stm32f7xx_hal_lptim.c:1302:19:HAL_LPTIM_Counter_Start_IT	0	static
../HAL_Driver/Src/stm32f7xx_hal_lptim.c:1353:19:HAL_LPTIM_Counter_Stop_IT	0	static
../HAL_Driver/Src/stm32f7xx_hal_lptim.c:1407:10:HAL_LPTIM_ReadCounter	0	static
../HAL_Driver/Src/stm32f7xx_hal_lptim.c:1420:10:HAL_LPTIM_ReadAutoReload	0	static
../HAL_Driver/Src/stm32f7xx_hal_lptim.c:1433:10:HAL_LPTIM_ReadCompare	0	static
../HAL_Driver/Src/stm32f7xx_hal_lptim.c:1559:13:HAL_LPTIM_CompareMatchCallback	0	static
../HAL_Driver/Src/stm32f7xx_hal_lptim.c:1574:13:HAL_LPTIM_AutoReloadMatchCallback	0	static
../HAL_Driver/Src/stm32f7xx_hal_lptim.c:1589:13:HAL_LPTIM_TriggerCallback	0	static
../HAL_Driver/Src/stm32f7xx_hal_lptim.c:1604:13:HAL_LPTIM_CompareWriteCallback	0	static
../HAL_Driver/Src/stm32f7xx_hal_lptim.c:1619:13:HAL_LPTIM_AutoReloadWriteCallback	0	static
../HAL_Driver/Src/stm32f7xx_hal_lptim.c:1634:13:HAL_LPTIM_DirectionUpCallback	0	static
../HAL_Driver/Src/stm32f7xx_hal_lptim.c:1649:13:HAL_LPTIM_DirectionDownCallback	0	static
../HAL_Driver/Src/stm32f7xx_hal_lptim.c:1465:6:HAL_LPTIM_IRQHandler	8	static
../HAL_Driver/Src/stm32f7xx_hal_lptim.c:1682:24:HAL_LPTIM_GetState	0	static
