../HAL_Driver/Src/stm32f7xx_hal_adc.c:383:13:HAL_ADC_MspInit	0	static
../HAL_Driver/Src/stm32f7xx_hal_adc.c:259:19:HAL_ADC_Init	16	static,ignoring_inline_asm
../HAL_Driver/Src/stm32f7xx_hal_adc.c:398:13:HAL_ADC_MspDeInit	0	static
../HAL_Driver/Src/stm32f7xx_hal_adc.c:336:19:HAL_ADC_DeInit	16	static
../HAL_Driver/Src/stm32f7xx_hal_adc.c:437:19:HAL_ADC_Start	16	static
../HAL_Driver/Src/stm32f7xx_hal_adc.c:538:19:HAL_ADC_Stop	0	static
../HAL_Driver/Src/stm32f7xx_hal_adc.c:581:19:HAL_ADC_PollForConversion	16	static
../HAL_Driver/Src/stm32f7xx_hal_adc.c:666:19:HAL_ADC_PollForEvent	24	static
../HAL_Driver/Src/stm32f7xx_hal_adc.c:728:19:HAL_ADC_Start_IT	16	static
../HAL_Driver/Src/stm32f7xx_hal_adc.c:831:19:HAL_ADC_Stop_IT	4	static
../HAL_Driver/Src/stm32f7xx_hal_adc.c:1013:19:HAL_ADC_Start_DMA	24	static
../HAL_Driver/Src/stm32f7xx_hal_adc.c:1132:19:HAL_ADC_Stop_DMA	8	static
../HAL_Driver/Src/stm32f7xx_hal_adc.c:1178:10:HAL_ADC_GetValue	0	static
../HAL_Driver/Src/stm32f7xx_hal_adc.c:1190:13:HAL_ADC_ConvCpltCallback	0	static
../HAL_Driver/Src/stm32f7xx_hal_adc.c:1594:13:ADC_DMAConvCplt	8	static
../HAL_Driver/Src/stm32f7xx_hal_adc.c:1205:13:HAL_ADC_ConvHalfCpltCallback	0	static
../HAL_Driver/Src/stm32f7xx_hal_adc.c:1647:13:ADC_DMAHalfConvCplt	8	static
../HAL_Driver/Src/stm32f7xx_hal_adc.c:1220:13:HAL_ADC_LevelOutOfWindowCallback	0	static
../HAL_Driver/Src/stm32f7xx_hal_adc.c:1241:13:HAL_ADC_ErrorCallback	0	static
../HAL_Driver/Src/stm32f7xx_hal_adc.c:868:6:HAL_ADC_IRQHandler	16	static
../HAL_Driver/Src/stm32f7xx_hal_adc.c:1660:13:ADC_DMAError	8	static
../HAL_Driver/Src/stm32f7xx_hal_adc.c:1279:19:HAL_ADC_ConfigChannel	24	static
../HAL_Driver/Src/stm32f7xx_hal_adc.c:1393:19:HAL_ADC_AnalogWDGConfig	8	static
../HAL_Driver/Src/stm32f7xx_hal_adc.c:1475:10:HAL_ADC_GetState	0	static
../HAL_Driver/Src/stm32f7xx_hal_adc.c:1487:10:HAL_ADC_GetError	0	static
