../HAL_Driver/Src/stm32f7xx_hal_nor.c:252:13:HAL_NOR_MspInit	0	static
../HAL_Driver/Src/stm32f7xx_hal_nor.c:179:19:HAL_NOR_Init	16	static
../HAL_Driver/Src/stm32f7xx_hal_nor.c:268:13:HAL_NOR_MspDeInit	0	static
../HAL_Driver/Src/stm32f7xx_hal_nor.c:229:19:HAL_NOR_DeInit	8	static
../HAL_Driver/Src/stm32f7xx_hal_nor.c:285:13:HAL_NOR_MspWait	0	static
../HAL_Driver/Src/stm32f7xx_hal_nor.c:321:19:HAL_NOR_Read_ID	16	static,ignoring_inline_asm
../HAL_Driver/Src/stm32f7xx_hal_nor.c:381:19:HAL_NOR_ReturnToReadMode	0	static,ignoring_inline_asm
../HAL_Driver/Src/stm32f7xx_hal_nor.c:431:19:HAL_NOR_Read	16	static,ignoring_inline_asm
../HAL_Driver/Src/stm32f7xx_hal_nor.c:490:19:HAL_NOR_Program	16	static,ignoring_inline_asm
../HAL_Driver/Src/stm32f7xx_hal_nor.c:550:19:HAL_NOR_ReadBuffer	20	static,ignoring_inline_asm
../HAL_Driver/Src/stm32f7xx_hal_nor.c:615:19:HAL_NOR_ProgramBuffer	24	static,ignoring_inline_asm
../HAL_Driver/Src/stm32f7xx_hal_nor.c:695:19:HAL_NOR_Erase_Block	16	static,ignoring_inline_asm
../HAL_Driver/Src/stm32f7xx_hal_nor.c:754:19:HAL_NOR_Erase_Chip	8	static,ignoring_inline_asm
../HAL_Driver/Src/stm32f7xx_hal_nor.c:812:19:HAL_NOR_Read_CFI	12	static,ignoring_inline_asm
../HAL_Driver/Src/stm32f7xx_hal_nor.c:889:19:HAL_NOR_WriteOperation_Enable	16	static
../HAL_Driver/Src/stm32f7xx_hal_nor.c:912:19:HAL_NOR_WriteOperation_Disable	8	static
../HAL_Driver/Src/stm32f7xx_hal_nor.c:957:22:HAL_NOR_GetState	0	static
../HAL_Driver/Src/stm32f7xx_hal_nor.c:971:23:HAL_NOR_GetStatus	24	static
