../HAL_Driver/Src/stm32f7xx_hal_pwr_ex.c:153:19:HAL_PWREx_EnableBkUpReg	16	static
../HAL_Driver/Src/stm32f7xx_hal_pwr_ex.c:182:19:HAL_PWREx_DisableBkUpReg	16	static
../HAL_Driver/Src/stm32f7xx_hal_pwr_ex.c:211:6:HAL_PWREx_EnableFlashPowerDown	0	static
../HAL_Driver/Src/stm32f7xx_hal_pwr_ex.c:221:6:HAL_PWREx_DisableFlashPowerDown	0	static
../HAL_Driver/Src/stm32f7xx_hal_pwr_ex.c:231:6:HAL_PWREx_EnableMainRegulatorLowVoltage	0	static
../HAL_Driver/Src/stm32f7xx_hal_pwr_ex.c:241:6:HAL_PWREx_DisableMainRegulatorLowVoltage	0	static
../HAL_Driver/Src/stm32f7xx_hal_pwr_ex.c:251:6:HAL_PWREx_EnableLowRegulatorLowVoltage	0	static
../HAL_Driver/Src/stm32f7xx_hal_pwr_ex.c:261:6:HAL_PWREx_DisableLowRegulatorLowVoltage	0	static
../HAL_Driver/Src/stm32f7xx_hal_pwr_ex.c:277:19:HAL_PWREx_EnableOverDrive	24	static
../HAL_Driver/Src/stm32f7xx_hal_pwr_ex.c:323:19:HAL_PWREx_DisableOverDrive	24	static
../HAL_Driver/Src/stm32f7xx_hal_pwr_ex.c:397:19:HAL_PWREx_EnterUnderDriveSTOPMode	32	static,ignoring_inline_asm
../HAL_Driver/Src/stm32f7xx_hal_pwr_ex.c:463:10:HAL_PWREx_GetVoltageRange	0	static
../HAL_Driver/Src/stm32f7xx_hal_pwr_ex.c:495:19:HAL_PWREx_ControlVoltageScaling	24	static
