../HAL_Driver/Src/stm32f7xx_hal_ltdc.c:277:13:HAL_LTDC_MspInit	0	static
../HAL_Driver/Src/stm32f7xx_hal_ltdc.c:161:19:HAL_LTDC_Init	16	static
../HAL_Driver/Src/stm32f7xx_hal_ltdc.c:293:13:HAL_LTDC_MspDeInit	0	static
../HAL_Driver/Src/stm32f7xx_hal_ltdc.c:254:19:HAL_LTDC_DeInit	8	static
../HAL_Driver/Src/stm32f7xx_hal_ltdc.c:426:13:HAL_LTDC_ErrorCallback	0	static
../HAL_Driver/Src/stm32f7xx_hal_ltdc.c:442:13:HAL_LTDC_LineEventCallback	0	static
../HAL_Driver/Src/stm32f7xx_hal_ltdc.c:458:13:HAL_LTDC_ReloadEventCallback	0	static
../HAL_Driver/Src/stm32f7xx_hal_ltdc.c:326:6:HAL_LTDC_IRQHandler	8	static
../HAL_Driver/Src/stm32f7xx_hal_ltdc.c:508:19:HAL_LTDC_ConfigLayer	48	static
../HAL_Driver/Src/stm32f7xx_hal_ltdc.c:557:19:HAL_LTDC_ConfigColorKeying	4	static
../HAL_Driver/Src/stm32f7xx_hal_ltdc.c:595:19:HAL_LTDC_ConfigCLUT	12	static
../HAL_Driver/Src/stm32f7xx_hal_ltdc.c:645:19:HAL_LTDC_EnableColorKeying	4	static
../HAL_Driver/Src/stm32f7xx_hal_ltdc.c:680:19:HAL_LTDC_DisableColorKeying	4	static
../HAL_Driver/Src/stm32f7xx_hal_ltdc.c:715:19:HAL_LTDC_EnableCLUT	4	static
../HAL_Driver/Src/stm32f7xx_hal_ltdc.c:751:19:HAL_LTDC_DisableCLUT	4	static
../HAL_Driver/Src/stm32f7xx_hal_ltdc.c:785:19:HAL_LTDC_EnableDither	0	static
../HAL_Driver/Src/stm32f7xx_hal_ltdc.c:812:19:HAL_LTDC_DisableDither	0	static
../HAL_Driver/Src/stm32f7xx_hal_ltdc.c:843:19:HAL_LTDC_SetWindowSize	28	static
../HAL_Driver/Src/stm32f7xx_hal_ltdc.c:905:19:HAL_LTDC_SetWindowPosition	32	static
../HAL_Driver/Src/stm32f7xx_hal_ltdc.c:958:19:HAL_LTDC_SetPixelFormat	32	static
../HAL_Driver/Src/stm32f7xx_hal_ltdc.c:1003:19:HAL_LTDC_SetAlpha	28	static
../HAL_Driver/Src/stm32f7xx_hal_ltdc.c:1047:19:HAL_LTDC_SetAddress	32	static
../HAL_Driver/Src/stm32f7xx_hal_ltdc.c:1094:19:HAL_LTDC_SetPitch	4	static
../HAL_Driver/Src/stm32f7xx_hal_ltdc.c:1162:19:HAL_LTDC_ProgramLineEvent	4	static
../HAL_Driver/Src/stm32f7xx_hal_ltdc.c:1197:20:HAL_LTDC_Reload	4	static
../HAL_Driver/Src/stm32f7xx_hal_ltdc.c:1235:19:HAL_LTDC_ConfigLayer_NoReload	48	static
../HAL_Driver/Src/stm32f7xx_hal_ltdc.c:1285:19:HAL_LTDC_SetWindowSize_NoReload	28	static
../HAL_Driver/Src/stm32f7xx_hal_ltdc.c:1347:19:HAL_LTDC_SetWindowPosition_NoReload	32	static
../HAL_Driver/Src/stm32f7xx_hal_ltdc.c:1400:19:HAL_LTDC_SetPixelFormat_NoReload	32	static
../HAL_Driver/Src/stm32f7xx_hal_ltdc.c:1445:19:HAL_LTDC_SetAlpha_NoReload	28	static
../HAL_Driver/Src/stm32f7xx_hal_ltdc.c:1490:19:HAL_LTDC_SetAddress_NoReload	32	static
../HAL_Driver/Src/stm32f7xx_hal_ltdc.c:1537:19:HAL_LTDC_SetPitch_NoReload	8	static
../HAL_Driver/Src/stm32f7xx_hal_ltdc.c:1606:19:HAL_LTDC_ConfigColorKeying_NoReload	4	static
../HAL_Driver/Src/stm32f7xx_hal_ltdc.c:1642:19:HAL_LTDC_EnableColorKeying_NoReload	8	static
../HAL_Driver/Src/stm32f7xx_hal_ltdc.c:1677:19:HAL_LTDC_DisableColorKeying_NoReload	8	static
../HAL_Driver/Src/stm32f7xx_hal_ltdc.c:1712:19:HAL_LTDC_EnableCLUT_NoReload	8	static
../HAL_Driver/Src/stm32f7xx_hal_ltdc.c:1748:19:HAL_LTDC_DisableCLUT_NoReload	8	static
../HAL_Driver/Src/stm32f7xx_hal_ltdc.c:1800:23:HAL_LTDC_GetState	0	static
../HAL_Driver/Src/stm32f7xx_hal_ltdc.c:1811:10:HAL_LTDC_GetError	0	static
