../HAL_Driver/Src/stm32f7xx_hal_qspi.c:2043:13:QSPI_DMARxCplt	0	static
../HAL_Driver/Src/stm32f7xx_hal_qspi.c:2057:13:QSPI_DMATxCplt	0	static
../HAL_Driver/Src/stm32f7xx_hal_qspi.c:2191:13:QSPI_Config	12	static
../HAL_Driver/Src/stm32f7xx_hal_qspi.c:2095:13:QSPI_DMAError	8	static
../HAL_Driver/Src/stm32f7xx_hal_qspi.c:364:14:HAL_QSPI_MspInit	0	static
../HAL_Driver/Src/stm32f7xx_hal_qspi.c:251:19:HAL_QSPI_Init	16	static
../HAL_Driver/Src/stm32f7xx_hal_qspi.c:379:14:HAL_QSPI_MspDeInit	0	static
../HAL_Driver/Src/stm32f7xx_hal_qspi.c:330:19:HAL_QSPI_DeInit	8	static
../HAL_Driver/Src/stm32f7xx_hal_qspi.c:645:19:HAL_QSPI_Command	24	static
../HAL_Driver/Src/stm32f7xx_hal_qspi.c:735:19:HAL_QSPI_Command_IT	24	static
../HAL_Driver/Src/stm32f7xx_hal_qspi.c:835:19:HAL_QSPI_Transmit	32	static
../HAL_Driver/Src/stm32f7xx_hal_qspi.c:921:19:HAL_QSPI_Receive	32	static
../HAL_Driver/Src/stm32f7xx_hal_qspi.c:1008:19:HAL_QSPI_Transmit_IT	4	static
../HAL_Driver/Src/stm32f7xx_hal_qspi.c:1068:19:HAL_QSPI_Receive_IT	8	static
../HAL_Driver/Src/stm32f7xx_hal_qspi.c:1136:19:HAL_QSPI_Transmit_DMA	16	static
../HAL_Driver/Src/stm32f7xx_hal_qspi.c:1270:19:HAL_QSPI_Receive_DMA	24	static
../HAL_Driver/Src/stm32f7xx_hal_qspi.c:1404:19:HAL_QSPI_AutoPolling	40	static
../HAL_Driver/Src/stm32f7xx_hal_qspi.c:1504:19:HAL_QSPI_AutoPolling_IT	32	static
../HAL_Driver/Src/stm32f7xx_hal_qspi.c:1608:19:HAL_QSPI_MemoryMapped	32	static
../HAL_Driver/Src/stm32f7xx_hal_qspi.c:1694:13:HAL_QSPI_ErrorCallback	0	static
../HAL_Driver/Src/stm32f7xx_hal_qspi.c:2119:13:QSPI_DMAAbortCplt	8	static
../HAL_Driver/Src/stm32f7xx_hal_qspi.c:1709:13:HAL_QSPI_AbortCpltCallback	0	static
../HAL_Driver/Src/stm32f7xx_hal_qspi.c:1724:13:HAL_QSPI_CmdCpltCallback	0	static
../HAL_Driver/Src/stm32f7xx_hal_qspi.c:1739:13:HAL_QSPI_RxCpltCallback	0	static
../HAL_Driver/Src/stm32f7xx_hal_qspi.c:1754:14:HAL_QSPI_TxCpltCallback	0	static
../HAL_Driver/Src/stm32f7xx_hal_qspi.c:1769:13:HAL_QSPI_RxHalfCpltCallback	0	static
../HAL_Driver/Src/stm32f7xx_hal_qspi.c:2071:13:QSPI_DMARxHalfCplt	8	static
../HAL_Driver/Src/stm32f7xx_hal_qspi.c:1784:14:HAL_QSPI_TxHalfCpltCallback	0	static
../HAL_Driver/Src/stm32f7xx_hal_qspi.c:2083:13:QSPI_DMATxHalfCplt	8	static
../HAL_Driver/Src/stm32f7xx_hal_qspi.c:1799:13:HAL_QSPI_FifoThresholdCallback	0	static
../HAL_Driver/Src/stm32f7xx_hal_qspi.c:1814:13:HAL_QSPI_StatusMatchCallback	0	static
../HAL_Driver/Src/stm32f7xx_hal_qspi.c:1829:13:HAL_QSPI_TimeOutCallback	0	static
../HAL_Driver/Src/stm32f7xx_hal_qspi.c:418:6:HAL_QSPI_IRQHandler	8	static
../HAL_Driver/Src/stm32f7xx_hal_qspi.c:1865:23:HAL_QSPI_GetState	0	static
../HAL_Driver/Src/stm32f7xx_hal_qspi.c:1876:10:HAL_QSPI_GetError	0	static
../HAL_Driver/Src/stm32f7xx_hal_qspi.c:1886:19:HAL_QSPI_Abort	16	static
../HAL_Driver/Src/stm32f7xx_hal_qspi.c:1939:19:HAL_QSPI_Abort_IT	8	static
../HAL_Driver/Src/stm32f7xx_hal_qspi.c:1985:6:HAL_QSPI_SetTimeout	0	static
../HAL_Driver/Src/stm32f7xx_hal_qspi.c:1995:19:HAL_QSPI_SetFifoThreshold	4	static,ignoring_inline_asm
../HAL_Driver/Src/stm32f7xx_hal_qspi.c:2027:10:HAL_QSPI_GetFifoThreshold	0	static,ignoring_inline_asm
