../HAL_Driver/Src/stm32f7xx_hal_rtc.c:385:13:HAL_RTC_MspInit	0	static
../HAL_Driver/Src/stm32f7xx_hal_rtc.c:204:19:HAL_RTC_Init	16	static
../HAL_Driver/Src/stm32f7xx_hal_rtc.c:401:13:HAL_RTC_MspDeInit	0	static
../HAL_Driver/Src/stm32f7xx_hal_rtc.c:280:19:HAL_RTC_DeInit	16	static
../HAL_Driver/Src/stm32f7xx_hal_rtc.c:440:19:HAL_RTC_SetTime	32	static
../HAL_Driver/Src/stm32f7xx_hal_rtc.c:575:19:HAL_RTC_GetTime	8	static
../HAL_Driver/Src/stm32f7xx_hal_rtc.c:620:19:HAL_RTC_SetDate	24	static
../HAL_Driver/Src/stm32f7xx_hal_rtc.c:732:19:HAL_RTC_GetDate	8	static
../HAL_Driver/Src/stm32f7xx_hal_rtc.c:787:19:HAL_RTC_SetAlarm	32	static
../HAL_Driver/Src/stm32f7xx_hal_rtc.c:976:19:HAL_RTC_SetAlarm_IT	32	static
../HAL_Driver/Src/stm32f7xx_hal_rtc.c:1166:19:HAL_RTC_DeactivateAlarm	16	static
../HAL_Driver/Src/stm32f7xx_hal_rtc.c:1263:19:HAL_RTC_GetAlarm	20	static
../HAL_Driver/Src/stm32f7xx_hal_rtc.c:1355:13:HAL_RTC_AlarmAEventCallback	0	static
../HAL_Driver/Src/stm32f7xx_hal_rtc.c:1314:6:HAL_RTC_AlarmIRQHandler	8	static
../HAL_Driver/Src/stm32f7xx_hal_rtc.c:1372:19:HAL_RTC_PollForAlarmAEvent	16	static
../HAL_Driver/Src/stm32f7xx_hal_rtc.c:1434:19:HAL_RTC_WaitForSynchro	16	static
../HAL_Driver/Src/stm32f7xx_hal_rtc.c:1480:21:HAL_RTC_GetState	0	static
../HAL_Driver/Src/stm32f7xx_hal_rtc.c:1497:19:RTC_EnterInitMode	16	static
../HAL_Driver/Src/stm32f7xx_hal_rtc.c:1529:9:RTC_ByteToBcd2	0	static
../HAL_Driver/Src/stm32f7xx_hal_rtc.c:1547:9:RTC_Bcd2ToByte	0	static
