../HAL_Driver/Src/stm32f7xx_hal_dfsdm.c:2925:13:DFSDM_InjConvStart	0	static
../HAL_Driver/Src/stm32f7xx_hal_dfsdm.c:433:13:HAL_DFSDM_ChannelMspInit	0	static
../HAL_Driver/Src/stm32f7xx_hal_dfsdm.c:293:19:HAL_DFSDM_ChannelInit	16	static,ignoring_inline_asm
../HAL_Driver/Src/stm32f7xx_hal_dfsdm.c:448:13:HAL_DFSDM_ChannelMspDeInit	0	static
../HAL_Driver/Src/stm32f7xx_hal_dfsdm.c:387:19:HAL_DFSDM_ChannelDeInit	16	static
../HAL_Driver/Src/stm32f7xx_hal_dfsdm.c:487:19:HAL_DFSDM_ChannelCkabStart	32	static,ignoring_inline_asm
../HAL_Driver/Src/stm32f7xx_hal_dfsdm.c:540:19:HAL_DFSDM_ChannelPollForCkab	24	static,ignoring_inline_asm
../HAL_Driver/Src/stm32f7xx_hal_dfsdm.c:590:19:HAL_DFSDM_ChannelCkabStop	4	static,ignoring_inline_asm
../HAL_Driver/Src/stm32f7xx_hal_dfsdm.c:626:19:HAL_DFSDM_ChannelCkabStart_IT	32	static,ignoring_inline_asm
../HAL_Driver/Src/stm32f7xx_hal_dfsdm.c:681:13:HAL_DFSDM_ChannelCkabCallback	0	static
../HAL_Driver/Src/stm32f7xx_hal_dfsdm.c:697:19:HAL_DFSDM_ChannelCkabStop_IT	0	static,ignoring_inline_asm
../HAL_Driver/Src/stm32f7xx_hal_dfsdm.c:737:19:HAL_DFSDM_ChannelScdStart	8	static,ignoring_inline_asm
../HAL_Driver/Src/stm32f7xx_hal_dfsdm.c:774:19:HAL_DFSDM_ChannelPollForScd	24	static,ignoring_inline_asm
../HAL_Driver/Src/stm32f7xx_hal_dfsdm.c:824:19:HAL_DFSDM_ChannelScdStop	4	static,ignoring_inline_asm
../HAL_Driver/Src/stm32f7xx_hal_dfsdm.c:861:19:HAL_DFSDM_ChannelScdStart_IT	8	static,ignoring_inline_asm
../HAL_Driver/Src/stm32f7xx_hal_dfsdm.c:900:13:HAL_DFSDM_ChannelScdCallback	0	static
../HAL_Driver/Src/stm32f7xx_hal_dfsdm.c:916:19:HAL_DFSDM_ChannelScdStop_IT	0	static,ignoring_inline_asm
../HAL_Driver/Src/stm32f7xx_hal_dfsdm.c:951:9:HAL_DFSDM_ChannelGetAwdValue	0	static
../HAL_Driver/Src/stm32f7xx_hal_dfsdm.c:963:19:HAL_DFSDM_ChannelModifyOffset	4	static,ignoring_inline_asm
../HAL_Driver/Src/stm32f7xx_hal_dfsdm.c:1010:32:HAL_DFSDM_ChannelGetState	0	static
../HAL_Driver/Src/stm32f7xx_hal_dfsdm.c:1178:13:HAL_DFSDM_FilterMspInit	0	static
../HAL_Driver/Src/stm32f7xx_hal_dfsdm.c:1040:19:HAL_DFSDM_FilterInit	16	static,ignoring_inline_asm
../HAL_Driver/Src/stm32f7xx_hal_dfsdm.c:1193:13:HAL_DFSDM_FilterMspDeInit	0	static
../HAL_Driver/Src/stm32f7xx_hal_dfsdm.c:1150:19:HAL_DFSDM_FilterDeInit	8	static
../HAL_Driver/Src/stm32f7xx_hal_dfsdm.c:1231:19:HAL_DFSDM_FilterConfigRegChannel	4	static
../HAL_Driver/Src/stm32f7xx_hal_dfsdm.c:1276:19:HAL_DFSDM_FilterConfigInjChannel	0	static
../HAL_Driver/Src/stm32f7xx_hal_dfsdm.c:1346:19:HAL_DFSDM_FilterRegularStart	0	static
../HAL_Driver/Src/stm32f7xx_hal_dfsdm.c:1436:19:HAL_DFSDM_FilterRegularStop	4	static
../HAL_Driver/Src/stm32f7xx_hal_dfsdm.c:1466:19:HAL_DFSDM_FilterRegularStart_IT	4	static
../HAL_Driver/Src/stm32f7xx_hal_dfsdm.c:1497:19:HAL_DFSDM_FilterRegularStop_IT	4	static
../HAL_Driver/Src/stm32f7xx_hal_dfsdm.c:1535:19:HAL_DFSDM_FilterRegularStart_DMA	16	static
../HAL_Driver/Src/stm32f7xx_hal_dfsdm.c:1612:19:HAL_DFSDM_FilterRegularMsbStart_DMA	16	static
../HAL_Driver/Src/stm32f7xx_hal_dfsdm.c:1683:19:HAL_DFSDM_FilterRegularStop_DMA	8	static
../HAL_Driver/Src/stm32f7xx_hal_dfsdm.c:1722:9:HAL_DFSDM_FilterGetRegularValue	0	static,ignoring_inline_asm
../HAL_Driver/Src/stm32f7xx_hal_dfsdm.c:1750:19:HAL_DFSDM_FilterInjectedStart	4	static
../HAL_Driver/Src/stm32f7xx_hal_dfsdm.c:1850:19:HAL_DFSDM_FilterInjectedStop	4	static
../HAL_Driver/Src/stm32f7xx_hal_dfsdm.c:1880:19:HAL_DFSDM_FilterInjectedStart_IT	4	static
../HAL_Driver/Src/stm32f7xx_hal_dfsdm.c:1911:19:HAL_DFSDM_FilterInjectedStop_IT	4	static
../HAL_Driver/Src/stm32f7xx_hal_dfsdm.c:1949:19:HAL_DFSDM_FilterInjectedStart_DMA	16	static
../HAL_Driver/Src/stm32f7xx_hal_dfsdm.c:2024:19:HAL_DFSDM_FilterInjectedMsbStart_DMA	16	static
../HAL_Driver/Src/stm32f7xx_hal_dfsdm.c:2093:19:HAL_DFSDM_FilterInjectedStop_DMA	8	static
../HAL_Driver/Src/stm32f7xx_hal_dfsdm.c:2132:9:HAL_DFSDM_FilterGetInjectedValue	0	static,ignoring_inline_asm
../HAL_Driver/Src/stm32f7xx_hal_dfsdm.c:2159:19:HAL_DFSDM_FilterAwdStart_IT	8	static,ignoring_inline_asm
../HAL_Driver/Src/stm32f7xx_hal_dfsdm.c:2208:19:HAL_DFSDM_FilterAwdStop_IT	4	static
../HAL_Driver/Src/stm32f7xx_hal_dfsdm.c:2248:19:HAL_DFSDM_FilterExdStart	4	static,ignoring_inline_asm
../HAL_Driver/Src/stm32f7xx_hal_dfsdm.c:2279:19:HAL_DFSDM_FilterExdStop	8	static
../HAL_Driver/Src/stm32f7xx_hal_dfsdm.c:2317:9:HAL_DFSDM_FilterGetExdMaxValue	0	static,ignoring_inline_asm
../HAL_Driver/Src/stm32f7xx_hal_dfsdm.c:2345:9:HAL_DFSDM_FilterGetExdMinValue	0	static,ignoring_inline_asm
../HAL_Driver/Src/stm32f7xx_hal_dfsdm.c:2372:10:HAL_DFSDM_FilterGetConvTimeValue	0	static,ignoring_inline_asm
../HAL_Driver/Src/stm32f7xx_hal_dfsdm.c:2556:13:HAL_DFSDM_FilterRegConvCpltCallback	0	static
../HAL_Driver/Src/stm32f7xx_hal_dfsdm.c:2720:13:DFSDM_DMARegularConvCplt	8	static
../HAL_Driver/Src/stm32f7xx_hal_dfsdm.c:2571:13:HAL_DFSDM_FilterRegConvHalfCpltCallback	0	static
../HAL_Driver/Src/stm32f7xx_hal_dfsdm.c:2706:13:DFSDM_DMARegularHalfConvCplt	8	static
../HAL_Driver/Src/stm32f7xx_hal_dfsdm.c:2588:13:HAL_DFSDM_FilterInjConvCpltCallback	0	static
../HAL_Driver/Src/stm32f7xx_hal_dfsdm.c:2748:13:DFSDM_DMAInjectedConvCplt	8	static
../HAL_Driver/Src/stm32f7xx_hal_dfsdm.c:2603:13:HAL_DFSDM_FilterInjConvHalfCpltCallback	0	static
../HAL_Driver/Src/stm32f7xx_hal_dfsdm.c:2734:13:DFSDM_DMAInjectedHalfConvCplt	8	static
../HAL_Driver/Src/stm32f7xx_hal_dfsdm.c:2620:13:HAL_DFSDM_FilterAwdCallback	0	static
../HAL_Driver/Src/stm32f7xx_hal_dfsdm.c:2638:13:HAL_DFSDM_FilterErrorCallback	0	static
../HAL_Driver/Src/stm32f7xx_hal_dfsdm.c:1375:19:HAL_DFSDM_FilterPollForRegConversion	16	static
../HAL_Driver/Src/stm32f7xx_hal_dfsdm.c:2762:13:DFSDM_DMAError	8	static
../HAL_Driver/Src/stm32f7xx_hal_dfsdm.c:1779:19:HAL_DFSDM_FilterPollForInjConversion	16	static
../HAL_Driver/Src/stm32f7xx_hal_dfsdm.c:2395:6:HAL_DFSDM_IRQHandler	16	static,ignoring_inline_asm
../HAL_Driver/Src/stm32f7xx_hal_dfsdm.c:2671:31:HAL_DFSDM_FilterGetState	0	static
../HAL_Driver/Src/stm32f7xx_hal_dfsdm.c:2682:10:HAL_DFSDM_FilterGetError	0	static
