../HAL_Driver/Src/stm32f7xx_hal_mdios.c:246:14:HAL_MDIOS_MspInit	0	static
../HAL_Driver/Src/stm32f7xx_hal_mdios.c:154:19:HAL_MDIOS_Init	8	static
../HAL_Driver/Src/stm32f7xx_hal_mdios.c:261:14:HAL_MDIOS_MspDeInit	0	static
../HAL_Driver/Src/stm32f7xx_hal_mdios.c:211:19:HAL_MDIOS_DeInit	8	static
../HAL_Driver/Src/stm32f7xx_hal_mdios.c:314:19:HAL_MDIOS_WriteReg	4	static
../HAL_Driver/Src/stm32f7xx_hal_mdios.c:343:19:HAL_MDIOS_ReadReg	4	static
../HAL_Driver/Src/stm32f7xx_hal_mdios.c:370:10:HAL_MDIOS_GetWrittenRegAddress	0	static
../HAL_Driver/Src/stm32f7xx_hal_mdios.c:380:10:HAL_MDIOS_GetReadRegAddress	0	static
../HAL_Driver/Src/stm32f7xx_hal_mdios.c:391:19:HAL_MDIOS_ClearWriteRegAddress	4	static
../HAL_Driver/Src/stm32f7xx_hal_mdios.c:414:19:HAL_MDIOS_ClearReadRegAddress	4	static
../HAL_Driver/Src/stm32f7xx_hal_mdios.c:436:19:HAL_MDIOS_EnableEvents	4	static
../HAL_Driver/Src/stm32f7xx_hal_mdios.c:515:14:HAL_MDIOS_WriteCpltCallback	0	static
../HAL_Driver/Src/stm32f7xx_hal_mdios.c:530:14:HAL_MDIOS_ReadCpltCallback	0	static
../HAL_Driver/Src/stm32f7xx_hal_mdios.c:545:14:HAL_MDIOS_ErrorCallback	0	static
../HAL_Driver/Src/stm32f7xx_hal_mdios.c:560:13:HAL_MDIOS_WakeUpCallback	0	static
../HAL_Driver/Src/stm32f7xx_hal_mdios.c:455:6:HAL_MDIOS_IRQHandler	16	static
../HAL_Driver/Src/stm32f7xx_hal_mdios.c:595:10:HAL_MDIOS_GetError	0	static
../HAL_Driver/Src/stm32f7xx_hal_mdios.c:606:24:HAL_MDIOS_GetState	0	static
