../HAL_Driver/Src/stm32f7xx_hal_dma.c:188:19:HAL_DMA_Init	16	static
../HAL_Driver/Src/stm32f7xx_hal_dma.c:322:19:HAL_DMA_DeInit	8	static
../HAL_Driver/Src/stm32f7xx_hal_dma.c:409:19:HAL_DMA_Start	8	static
../HAL_Driver/Src/stm32f7xx_hal_dma.c:453:19:HAL_DMA_Start_IT	8	static
../HAL_Driver/Src/stm32f7xx_hal_dma.c:516:19:HAL_DMA_Abort	16	static
../HAL_Driver/Src/stm32f7xx_hal_dma.c:583:19:HAL_DMA_Abort_IT	0	static
../HAL_Driver/Src/stm32f7xx_hal_dma.c:613:19:HAL_DMA_PollForTransfer	48	static
../HAL_Driver/Src/stm32f7xx_hal_dma.c:740:6:HAL_DMA_IRQHandler	32	static
../HAL_Driver/Src/stm32f7xx_hal_dma.c:961:19:HAL_DMA_RegisterCallback	0	static
../HAL_Driver/Src/stm32f7xx_hal_dma.c:1021:19:HAL_DMA_UnRegisterCallback	0	static
../HAL_Driver/Src/stm32f7xx_hal_dma.c:1106:22:HAL_DMA_GetState	0	static
../HAL_Driver/Src/stm32f7xx_hal_dma.c:1117:10:HAL_DMA_GetError	0	static
