../HAL_Driver/Src/stm32f7xx_hal_pwr.c:118:6:HAL_PWR_DeInit	0	static
../HAL_Driver/Src/stm32f7xx_hal_pwr.c:131:6:HAL_PWR_EnableBkUpAccess	0	static
../HAL_Driver/Src/stm32f7xx_hal_pwr.c:144:6:HAL_PWR_DisableBkUpAccess	0	static
../HAL_Driver/Src/stm32f7xx_hal_pwr.c:278:6:HAL_PWR_ConfigPVD	4	static
../HAL_Driver/Src/stm32f7xx_hal_pwr.c:321:6:HAL_PWR_EnablePVD	0	static
../HAL_Driver/Src/stm32f7xx_hal_pwr.c:331:6:HAL_PWR_DisablePVD	0	static
../HAL_Driver/Src/stm32f7xx_hal_pwr.c:354:6:HAL_PWR_EnableWakeUpPin	0	static
../HAL_Driver/Src/stm32f7xx_hal_pwr.c:378:6:HAL_PWR_DisableWakeUpPin	0	static
../HAL_Driver/Src/stm32f7xx_hal_pwr.c:405:6:HAL_PWR_EnterSLEEPMode	0	static,ignoring_inline_asm
../HAL_Driver/Src/stm32f7xx_hal_pwr.c:448:6:HAL_PWR_EnterSTOPMode	4	static,ignoring_inline_asm
../HAL_Driver/Src/stm32f7xx_hal_pwr.c:497:6:HAL_PWR_EnterSTANDBYMode	0	static,ignoring_inline_asm
../HAL_Driver/Src/stm32f7xx_hal_pwr.c:535:13:HAL_PWR_PVDCallback	0	static
../HAL_Driver/Src/stm32f7xx_hal_pwr.c:518:6:HAL_PWR_PVD_IRQHandler	8	static
../HAL_Driver/Src/stm32f7xx_hal_pwr.c:550:6:HAL_PWR_EnableSleepOnExit	0	static
../HAL_Driver/Src/stm32f7xx_hal_pwr.c:562:6:HAL_PWR_DisableSleepOnExit	0	static
../HAL_Driver/Src/stm32f7xx_hal_pwr.c:574:6:HAL_PWR_EnableSEVOnPend	0	static
../HAL_Driver/Src/stm32f7xx_hal_pwr.c:586:6:HAL_PWR_DisableSEVOnPend	0	static
