../HAL_Driver/Src/stm32f7xx_hal_eth.c:1602:13:ETH_MACDMAConfig	16	static
../HAL_Driver/Src/stm32f7xx_hal_eth.c:475:19:HAL_ETH_DMATxDescListInit	24	static
../HAL_Driver/Src/stm32f7xx_hal_eth.c:542:19:HAL_ETH_DMARxDescListInit	24	static
../HAL_Driver/Src/stm32f7xx_hal_eth.c:609:13:HAL_ETH_MspInit	0	static
../HAL_Driver/Src/stm32f7xx_hal_eth.c:175:19:HAL_ETH_Init	40	static
../HAL_Driver/Src/stm32f7xx_hal_eth.c:625:13:HAL_ETH_MspDeInit	0	static
../HAL_Driver/Src/stm32f7xx_hal_eth.c:448:19:HAL_ETH_DeInit	8	static
../HAL_Driver/Src/stm32f7xx_hal_eth.c:669:19:HAL_ETH_TransmitFrame	12	static
../HAL_Driver/Src/stm32f7xx_hal_eth.c:782:19:HAL_ETH_GetReceivedFrame	4	static
../HAL_Driver/Src/stm32f7xx_hal_eth.c:862:19:HAL_ETH_GetReceivedFrame_IT	8	static
../HAL_Driver/Src/stm32f7xx_hal_eth.c:1006:13:HAL_ETH_TxCpltCallback	0	static
../HAL_Driver/Src/stm32f7xx_hal_eth.c:1022:13:HAL_ETH_RxCpltCallback	0	static
../HAL_Driver/Src/stm32f7xx_hal_eth.c:1038:13:HAL_ETH_ErrorCallback	0	static
../HAL_Driver/Src/stm32f7xx_hal_eth.c:947:6:HAL_ETH_IRQHandler	16	static
../HAL_Driver/Src/stm32f7xx_hal_eth.c:1060:19:HAL_ETH_ReadPHYRegister	16	static
../HAL_Driver/Src/stm32f7xx_hal_eth.c:1132:19:HAL_ETH_WritePHYRegister	16	static
../HAL_Driver/Src/stm32f7xx_hal_eth.c:1224:19:HAL_ETH_Start	32	static
../HAL_Driver/Src/stm32f7xx_hal_eth.c:1263:19:HAL_ETH_Stop	32	static
../HAL_Driver/Src/stm32f7xx_hal_eth.c:1303:19:HAL_ETH_ConfigMAC	24	static
../HAL_Driver/Src/stm32f7xx_hal_eth.c:1470:19:HAL_ETH_ConfigDMA	24	static
../HAL_Driver/Src/stm32f7xx_hal_eth.c:1577:22:HAL_ETH_GetState	0	static
