../HAL_Driver/Src/stm32f7xx_hal_tim_ex.c:267:13:HAL_TIMEx_HallSensor_MspInit	0	static
../HAL_Driver/Src/stm32f7xx_hal_tim_ex.c:166:19:HAL_TIMEx_HallSensor_Init	48	static
../HAL_Driver/Src/stm32f7xx_hal_tim_ex.c:283:13:HAL_TIMEx_HallSensor_MspDeInit	0	static
../HAL_Driver/Src/stm32f7xx_hal_tim_ex.c:239:19:HAL_TIMEx_HallSensor_DeInit	8	static
../HAL_Driver/Src/stm32f7xx_hal_tim_ex.c:299:19:HAL_TIMEx_HallSensor_Start	8	static
../HAL_Driver/Src/stm32f7xx_hal_tim_ex.c:321:19:HAL_TIMEx_HallSensor_Stop	8	static
../HAL_Driver/Src/stm32f7xx_hal_tim_ex.c:343:19:HAL_TIMEx_HallSensor_Start_IT	8	static
../HAL_Driver/Src/stm32f7xx_hal_tim_ex.c:368:19:HAL_TIMEx_HallSensor_Stop_IT	8	static
../HAL_Driver/Src/stm32f7xx_hal_tim_ex.c:395:19:HAL_TIMEx_HallSensor_Start_DMA	16	static
../HAL_Driver/Src/stm32f7xx_hal_tim_ex.c:443:19:HAL_TIMEx_HallSensor_Stop_DMA	8	static
../HAL_Driver/Src/stm32f7xx_hal_tim_ex.c:500:19:HAL_TIMEx_OCN_Start	0	static
../HAL_Driver/Src/stm32f7xx_hal_tim_ex.c:531:19:HAL_TIMEx_OCN_Stop	0	static
../HAL_Driver/Src/stm32f7xx_hal_tim_ex.c:562:19:HAL_TIMEx_OCN_Start_IT	4	static
../HAL_Driver/Src/stm32f7xx_hal_tim_ex.c:630:19:HAL_TIMEx_OCN_Stop_IT	0	static
../HAL_Driver/Src/stm32f7xx_hal_tim_ex.c:706:19:HAL_TIMEx_OCN_Start_DMA	16	static
../HAL_Driver/Src/stm32f7xx_hal_tim_ex.c:822:19:HAL_TIMEx_OCN_Stop_DMA	0	static
../HAL_Driver/Src/stm32f7xx_hal_tim_ex.c:923:19:HAL_TIMEx_PWMN_Start	0	static
../HAL_Driver/Src/stm32f7xx_hal_tim_ex.c:953:19:HAL_TIMEx_PWMN_Stop	0	static
../HAL_Driver/Src/stm32f7xx_hal_tim_ex.c:984:19:HAL_TIMEx_PWMN_Start_IT	4	static
../HAL_Driver/Src/stm32f7xx_hal_tim_ex.c:1052:19:HAL_TIMEx_PWMN_Stop_IT	0	static
../HAL_Driver/Src/stm32f7xx_hal_tim_ex.c:1128:19:HAL_TIMEx_PWMN_Start_DMA	16	static
../HAL_Driver/Src/stm32f7xx_hal_tim_ex.c:1244:19:HAL_TIMEx_PWMN_Stop_DMA	0	static
../HAL_Driver/Src/stm32f7xx_hal_tim_ex.c:1332:19:HAL_TIMEx_OnePulseN_Start	0	static
../HAL_Driver/Src/stm32f7xx_hal_tim_ex.c:1358:19:HAL_TIMEx_OnePulseN_Stop	0	static
../HAL_Driver/Src/stm32f7xx_hal_tim_ex.c:1388:19:HAL_TIMEx_OnePulseN_Start_IT	0	static
../HAL_Driver/Src/stm32f7xx_hal_tim_ex.c:1420:19:HAL_TIMEx_OnePulseN_Stop_IT	0	static
../HAL_Driver/Src/stm32f7xx_hal_tim_ex.c:1490:19:HAL_TIMEx_ConfigCommutationEvent	4	static
../HAL_Driver/Src/stm32f7xx_hal_tim_ex.c:1540:19:HAL_TIMEx_ConfigCommutationEvent_IT	4	static
../HAL_Driver/Src/stm32f7xx_hal_tim_ex.c:1594:19:HAL_TIMEx_ConfigCommutationEvent_DMA	4	static
../HAL_Driver/Src/stm32f7xx_hal_tim_ex.c:1645:19:HAL_TIM_OC_ConfigChannel	16	static
../HAL_Driver/Src/stm32f7xx_hal_tim_ex.c:1745:19:HAL_TIM_PWM_ConfigChannel	16	static
../HAL_Driver/Src/stm32f7xx_hal_tim_ex.c:1890:19:HAL_TIM_ConfigOCrefClear	16	static
../HAL_Driver/Src/stm32f7xx_hal_tim_ex.c:2052:19:HAL_TIMEx_MasterConfigSynchronization	8	static
../HAL_Driver/Src/stm32f7xx_hal_tim_ex.c:2113:19:HAL_TIMEx_ConfigBreakDeadTime	4	static
../HAL_Driver/Src/stm32f7xx_hal_tim_ex.c:2177:19:HAL_TIMEx_ConfigBreakInput	4	static
../HAL_Driver/Src/stm32f7xx_hal_tim_ex.c:2274:19:HAL_TIMEx_RemapConfig	0	static
../HAL_Driver/Src/stm32f7xx_hal_tim_ex.c:2303:19:HAL_TIMEx_GroupChannel5	4	static
../HAL_Driver/Src/stm32f7xx_hal_tim_ex.c:2353:13:HAL_TIMEx_CommutationCallback	0	static
../HAL_Driver/Src/stm32f7xx_hal_tim_ex.c:2419:6:TIMEx_DMACommutationCplt	8	static
../HAL_Driver/Src/stm32f7xx_hal_tim_ex.c:2369:13:HAL_TIMEx_BreakCallback	0	static
../HAL_Driver/Src/stm32f7xx_hal_tim_ex.c:2404:22:HAL_TIMEx_HallSensor_GetState	0	static
