../HAL_Driver/Src/stm32f7xx_hal_rcc.c:216:6:HAL_RCC_DeInit	4	static
../HAL_Driver/Src/stm32f7xx_hal_rcc.c:259:26:HAL_RCC_OscConfig	32	static,ignoring_inline_asm
../HAL_Driver/Src/stm32f7xx_hal_rcc.c:767:6:HAL_RCC_MCOConfig	48	static
../HAL_Driver/Src/stm32f7xx_hal_rcc.c:821:6:HAL_RCC_EnableCSS	0	static
../HAL_Driver/Src/stm32f7xx_hal_rcc.c:830:6:HAL_RCC_DisableCSS	0	static
../HAL_Driver/Src/stm32f7xx_hal_rcc.c:865:10:HAL_RCC_GetSysClockFreq	0	static,ignoring_inline_asm
../HAL_Driver/Src/stm32f7xx_hal_rcc.c:583:19:HAL_RCC_ClockConfig	24	static,ignoring_inline_asm
../HAL_Driver/Src/stm32f7xx_hal_rcc.c:919:10:HAL_RCC_GetHCLKFreq	0	static
../HAL_Driver/Src/stm32f7xx_hal_rcc.c:930:10:HAL_RCC_GetPCLK1Freq	0	static,ignoring_inline_asm
../HAL_Driver/Src/stm32f7xx_hal_rcc.c:942:10:HAL_RCC_GetPCLK2Freq	0	static,ignoring_inline_asm
../HAL_Driver/Src/stm32f7xx_hal_rcc.c:955:6:HAL_RCC_GetOscConfig	4	static,ignoring_inline_asm
../HAL_Driver/Src/stm32f7xx_hal_rcc.c:1034:6:HAL_RCC_GetClockConfig	4	static
../HAL_Driver/Src/stm32f7xx_hal_rcc.c:1077:13:HAL_RCC_CSSCallback	0	static
../HAL_Driver/Src/stm32f7xx_hal_rcc.c:1060:6:HAL_RCC_NMI_IRQHandler	8	static
