../HAL_Driver/Src/stm32f7xx_hal_smartcard.c:1265:13:SMARTCARD_DMATransmitCplt	0	static
../HAL_Driver/Src/stm32f7xx_hal_smartcard.c:280:14:HAL_SMARTCARD_MspInit	0	static
../HAL_Driver/Src/stm32f7xx_hal_smartcard.c:196:19:HAL_SMARTCARD_Init	16	static
../HAL_Driver/Src/stm32f7xx_hal_smartcard.c:295:14:HAL_SMARTCARD_MspDeInit	0	static
../HAL_Driver/Src/stm32f7xx_hal_smartcard.c:249:19:HAL_SMARTCARD_DeInit	8	static
../HAL_Driver/Src/stm32f7xx_hal_smartcard.c:363:19:HAL_SMARTCARD_Transmit	32	static
../HAL_Driver/Src/stm32f7xx_hal_smartcard.c:420:19:HAL_SMARTCARD_Receive	24	static
../HAL_Driver/Src/stm32f7xx_hal_smartcard.c:474:19:HAL_SMARTCARD_Transmit_IT	8	static
../HAL_Driver/Src/stm32f7xx_hal_smartcard.c:518:19:HAL_SMARTCARD_Receive_IT	8	static
../HAL_Driver/Src/stm32f7xx_hal_smartcard.c:565:19:HAL_SMARTCARD_Transmit_DMA	16	static
../HAL_Driver/Src/stm32f7xx_hal_smartcard.c:627:19:HAL_SMARTCARD_Receive_DMA	24	static
../HAL_Driver/Src/stm32f7xx_hal_smartcard.c:821:14:HAL_SMARTCARD_TxCpltCallback	0	static
../HAL_Driver/Src/stm32f7xx_hal_smartcard.c:836:13:HAL_SMARTCARD_RxCpltCallback	0	static
../HAL_Driver/Src/stm32f7xx_hal_smartcard.c:1283:13:SMARTCARD_DMAReceiveCplt	8	static
../HAL_Driver/Src/stm32f7xx_hal_smartcard.c:851:14:HAL_SMARTCARD_ErrorCallback	0	static
../HAL_Driver/Src/stm32f7xx_hal_smartcard.c:1307:13:SMARTCARD_DMAError	8	static
../HAL_Driver/Src/stm32f7xx_hal_smartcard.c:687:6:HAL_SMARTCARD_IRQHandler	16	static
../HAL_Driver/Src/stm32f7xx_hal_smartcard.c:1337:13:SMARTCARD_DMAAbortOnError	8	static
../HAL_Driver/Src/stm32f7xx_hal_smartcard.c:888:28:HAL_SMARTCARD_GetState	0	static
../HAL_Driver/Src/stm32f7xx_hal_smartcard.c:903:10:HAL_SMARTCARD_GetError	0	static
