../HAL_Driver/Src/stm32f7xx_ll_sdmmc.c:213:19:SDMMC_Init	4	static
../HAL_Driver/Src/stm32f7xx_ll_sdmmc.c:266:10:SDMMC_ReadFIFO	0	static
../HAL_Driver/Src/stm32f7xx_ll_sdmmc.c:278:19:SDMMC_WriteFIFO	0	static
../HAL_Driver/Src/stm32f7xx_ll_sdmmc.c:310:19:SDMMC_PowerState_ON	0	static
../HAL_Driver/Src/stm32f7xx_ll_sdmmc.c:323:19:SDMMC_PowerState_OFF	0	static
../HAL_Driver/Src/stm32f7xx_ll_sdmmc.c:340:10:SDMMC_GetPowerState	0	static
../HAL_Driver/Src/stm32f7xx_ll_sdmmc.c:353:19:SDMMC_SendCommand	8	static
../HAL_Driver/Src/stm32f7xx_ll_sdmmc.c:383:9:SDMMC_GetCommandResponse	0	static
../HAL_Driver/Src/stm32f7xx_ll_sdmmc.c:400:10:SDMMC_GetResponse	8	static
../HAL_Driver/Src/stm32f7xx_ll_sdmmc.c:421:19:SDMMC_DataConfig	8	static
../HAL_Driver/Src/stm32f7xx_ll_sdmmc.c:456:10:SDMMC_GetDataCounter	0	static
../HAL_Driver/Src/stm32f7xx_ll_sdmmc.c:466:10:SDMMC_GetFIFOCount	0	static
../HAL_Driver/Src/stm32f7xx_ll_sdmmc.c:481:19:SDMMC_SetSDMMCReadWaitMode	0	static
