../HAL_Driver/Src/stm32f7xx_hal_nand.c:197:13:HAL_NAND_MspInit	0	static
../HAL_Driver/Src/stm32f7xx_hal_nand.c:134:20:HAL_NAND_Init	16	static
../HAL_Driver/Src/stm32f7xx_hal_nand.c:213:13:HAL_NAND_MspDeInit	0	static
../HAL_Driver/Src/stm32f7xx_hal_nand.c:174:19:HAL_NAND_DeInit	8	static
../HAL_Driver/Src/stm32f7xx_hal_nand.c:280:13:HAL_NAND_ITCallback	0	static
../HAL_Driver/Src/stm32f7xx_hal_nand.c:230:6:HAL_NAND_IRQHandler	8	static
../HAL_Driver/Src/stm32f7xx_hal_nand.c:316:19:HAL_NAND_Read_ID	16	static,ignoring_inline_asm
../HAL_Driver/Src/stm32f7xx_hal_nand.c:382:19:HAL_NAND_Reset	0	static
../HAL_Driver/Src/stm32f7xx_hal_nand.c:424:19:HAL_NAND_Read_Page_8b	48	static,ignoring_inline_asm
../HAL_Driver/Src/stm32f7xx_hal_nand.c:521:19:HAL_NAND_Read_Page_16b	40	static,ignoring_inline_asm
../HAL_Driver/Src/stm32f7xx_hal_nand.c:606:19:HAL_NAND_Write_Page_8b	56	static,ignoring_inline_asm
../HAL_Driver/Src/stm32f7xx_hal_nand.c:720:19:HAL_NAND_Write_Page_16b	56	static,ignoring_inline_asm
../HAL_Driver/Src/stm32f7xx_hal_nand.c:822:19:HAL_NAND_Read_SpareArea_8b	48	static,ignoring_inline_asm
../HAL_Driver/Src/stm32f7xx_hal_nand.c:907:19:HAL_NAND_Read_SpareArea_16b	48	static,ignoring_inline_asm
../HAL_Driver/Src/stm32f7xx_hal_nand.c:992:19:HAL_NAND_Write_SpareArea_8b	56	static,ignoring_inline_asm
../HAL_Driver/Src/stm32f7xx_hal_nand.c:1092:19:HAL_NAND_Write_SpareArea_16b	56	static,ignoring_inline_asm
../HAL_Driver/Src/stm32f7xx_hal_nand.c:1190:19:HAL_NAND_Erase_Block	4	static,ignoring_inline_asm
../HAL_Driver/Src/stm32f7xx_hal_nand.c:1244:10:HAL_NAND_Read_Status	0	static
../HAL_Driver/Src/stm32f7xx_hal_nand.c:1280:10:HAL_NAND_Address_Inc	0	static
../HAL_Driver/Src/stm32f7xx_hal_nand.c:1333:20:HAL_NAND_ECC_Enable	8	static
../HAL_Driver/Src/stm32f7xx_hal_nand.c:1359:20:HAL_NAND_ECC_Disable	8	static
../HAL_Driver/Src/stm32f7xx_hal_nand.c:1387:20:HAL_NAND_GetECC	8	static
../HAL_Driver/Src/stm32f7xx_hal_nand.c:1435:23:HAL_NAND_GetState	0	static
