../HAL_Driver/Src/stm32f7xx_hal_dsi.c:307:10:HAL_DSI_GetError	0	static
../HAL_Driver/Src/stm32f7xx_hal_dsi.c:321:19:HAL_DSI_ConfigErrorMonitor	0	static
../HAL_Driver/Src/stm32f7xx_hal_dsi.c:404:13:HAL_DSI_MspInit	0	static
../HAL_Driver/Src/stm32f7xx_hal_dsi.c:142:19:HAL_DSI_Init	16	static
../HAL_Driver/Src/stm32f7xx_hal_dsi.c:420:13:HAL_DSI_MspDeInit	0	static
../HAL_Driver/Src/stm32f7xx_hal_dsi.c:260:19:HAL_DSI_DeInit	8	static
../HAL_Driver/Src/stm32f7xx_hal_dsi.c:556:13:HAL_DSI_TearingEffectCallback	0	static
../HAL_Driver/Src/stm32f7xx_hal_dsi.c:572:13:HAL_DSI_EndOfRefreshCallback	0	static
../HAL_Driver/Src/stm32f7xx_hal_dsi.c:588:13:HAL_DSI_ErrorCallback	0	static
../HAL_Driver/Src/stm32f7xx_hal_dsi.c:453:6:HAL_DSI_IRQHandler	16	static
../HAL_Driver/Src/stm32f7xx_hal_dsi.c:625:19:HAL_DSI_SetGenericVCID	0	static
../HAL_Driver/Src/stm32f7xx_hal_dsi.c:648:19:HAL_DSI_ConfigVideoMode	8	static
../HAL_Driver/Src/stm32f7xx_hal_dsi.c:798:19:HAL_DSI_ConfigAdaptedCommandMode	8	static
../HAL_Driver/Src/stm32f7xx_hal_dsi.c:868:19:HAL_DSI_ConfigCommand	8	static
../HAL_Driver/Src/stm32f7xx_hal_dsi.c:931:19:HAL_DSI_ConfigFlowControl	0	static
../HAL_Driver/Src/stm32f7xx_hal_dsi.c:957:19:HAL_DSI_ConfigPhyTimer	12	static
../HAL_Driver/Src/stm32f7xx_hal_dsi.c:1001:19:HAL_DSI_ConfigHostTimeouts	8	static
../HAL_Driver/Src/stm32f7xx_hal_dsi.c:1054:19:HAL_DSI_Start	0	static
../HAL_Driver/Src/stm32f7xx_hal_dsi.c:1077:19:HAL_DSI_Stop	0	static
../HAL_Driver/Src/stm32f7xx_hal_dsi.c:1100:19:HAL_DSI_Refresh	4	static
../HAL_Driver/Src/stm32f7xx_hal_dsi.c:1122:19:HAL_DSI_ColorMode	0	static
../HAL_Driver/Src/stm32f7xx_hal_dsi.c:1148:19:HAL_DSI_Shutdown	0	static
../HAL_Driver/Src/stm32f7xx_hal_dsi.c:1179:19:HAL_DSI_ShortWrite	32	static
../HAL_Driver/Src/stm32f7xx_hal_dsi.c:1236:19:HAL_DSI_LongWrite	40	static
../HAL_Driver/Src/stm32f7xx_hal_dsi.c:1315:19:HAL_DSI_Read	24	static
../HAL_Driver/Src/stm32f7xx_hal_dsi.c:1429:19:HAL_DSI_EnterULPMData	16	static
../HAL_Driver/Src/stm32f7xx_hal_dsi.c:1485:19:HAL_DSI_ExitULPMData	16	static
../HAL_Driver/Src/stm32f7xx_hal_dsi.c:1544:19:HAL_DSI_EnterULPM	16	static
../HAL_Driver/Src/stm32f7xx_hal_dsi.c:1609:19:HAL_DSI_ExitULPM	16	static
../HAL_Driver/Src/stm32f7xx_hal_dsi.c:1700:19:HAL_DSI_PatternGeneratorStart	4	static
../HAL_Driver/Src/stm32f7xx_hal_dsi.c:1724:19:HAL_DSI_PatternGeneratorStop	4	static
../HAL_Driver/Src/stm32f7xx_hal_dsi.c:1749:19:HAL_DSI_SetSlewRateAndDelayTuning	0	static
../HAL_Driver/Src/stm32f7xx_hal_dsi.c:1819:19:HAL_DSI_SetLowPowerRXFilter	0	static
../HAL_Driver/Src/stm32f7xx_hal_dsi.c:1842:19:HAL_DSI_SetSDD	0	static
../HAL_Driver/Src/stm32f7xx_hal_dsi.c:1871:19:HAL_DSI_SetLanePinsConfiguration	0	static
../HAL_Driver/Src/stm32f7xx_hal_dsi.c:1943:19:HAL_DSI_SetPHYTimings	0	static
../HAL_Driver/Src/stm32f7xx_hal_dsi.c:2090:19:HAL_DSI_ForceTXStopMode	0	static
../HAL_Driver/Src/stm32f7xx_hal_dsi.c:2125:19:HAL_DSI_ForceRXLowPower	0	static
../HAL_Driver/Src/stm32f7xx_hal_dsi.c:2150:19:HAL_DSI_ForceDataLanesInRX	0	static
../HAL_Driver/Src/stm32f7xx_hal_dsi.c:2175:19:HAL_DSI_SetPullDown	0	static
../HAL_Driver/Src/stm32f7xx_hal_dsi.c:2200:19:HAL_DSI_SetContentionDetectionOff	0	static
../HAL_Driver/Src/stm32f7xx_hal_dsi.c:2244:22:HAL_DSI_GetState	0	static
