../HAL_Driver/Src/stm32f7xx_hal_usart.c:273:14:HAL_USART_MspInit	0	static
../HAL_Driver/Src/stm32f7xx_hal_usart.c:191:19:HAL_USART_Init	16	static
../HAL_Driver/Src/stm32f7xx_hal_usart.c:288:14:HAL_USART_MspDeInit	0	static
../HAL_Driver/Src/stm32f7xx_hal_usart.c:239:19:HAL_USART_DeInit	16	static
../HAL_Driver/Src/stm32f7xx_hal_usart.c:367:19:HAL_USART_Transmit	32	static
../HAL_Driver/Src/stm32f7xx_hal_usart.c:438:19:HAL_USART_Receive	32	static
../HAL_Driver/Src/stm32f7xx_hal_usart.c:521:19:HAL_USART_TransmitReceive	40	static
../HAL_Driver/Src/stm32f7xx_hal_usart.c:611:19:HAL_USART_Transmit_IT	12	static
../HAL_Driver/Src/stm32f7xx_hal_usart.c:658:19:HAL_USART_Receive_IT	4	static
../HAL_Driver/Src/stm32f7xx_hal_usart.c:717:19:HAL_USART_TransmitReceive_IT	8	static
../HAL_Driver/Src/stm32f7xx_hal_usart.c:772:19:HAL_USART_Transmit_DMA	24	static
../HAL_Driver/Src/stm32f7xx_hal_usart.c:837:19:HAL_USART_Receive_DMA	24	static
../HAL_Driver/Src/stm32f7xx_hal_usart.c:927:19:HAL_USART_TransmitReceive_DMA	32	static
../HAL_Driver/Src/stm32f7xx_hal_usart.c:1011:19:HAL_USART_DMAPause	0	static
../HAL_Driver/Src/stm32f7xx_hal_usart.c:1048:19:HAL_USART_DMAResume	0	static
../HAL_Driver/Src/stm32f7xx_hal_usart.c:1093:19:HAL_USART_DMAStop	8	static
../HAL_Driver/Src/stm32f7xx_hal_usart.c:1288:13:HAL_USART_TxCpltCallback	0	static
../HAL_Driver/Src/stm32f7xx_hal_usart.c:1676:13:USART_DMATransmitCplt	8	static
../HAL_Driver/Src/stm32f7xx_hal_usart.c:1303:14:HAL_USART_TxHalfCpltCallback	0	static
../HAL_Driver/Src/stm32f7xx_hal_usart.c:1711:13:USART_DMATxHalfCplt	8	static
../HAL_Driver/Src/stm32f7xx_hal_usart.c:1318:13:HAL_USART_RxCpltCallback	0	static
../HAL_Driver/Src/stm32f7xx_hal_usart.c:1499:26:USART_Receive_IT.isra	8	static
../HAL_Driver/Src/stm32f7xx_hal_usart.c:1333:13:HAL_USART_RxHalfCpltCallback	0	static
../HAL_Driver/Src/stm32f7xx_hal_usart.c:1774:13:USART_DMARxHalfCplt	8	static
../HAL_Driver/Src/stm32f7xx_hal_usart.c:1348:13:HAL_USART_TxRxCpltCallback	0	static
../HAL_Driver/Src/stm32f7xx_hal_usart.c:1723:13:USART_DMAReceiveCplt	8	static
../HAL_Driver/Src/stm32f7xx_hal_usart.c:1552:26:USART_TransmitReceive_IT.isra	16	static
../HAL_Driver/Src/stm32f7xx_hal_usart.c:1363:13:HAL_USART_ErrorCallback	0	static
../HAL_Driver/Src/stm32f7xx_hal_usart.c:1786:13:USART_DMAError	8	static
../HAL_Driver/Src/stm32f7xx_hal_usart.c:1142:6:HAL_USART_IRQHandler	16	static
../HAL_Driver/Src/stm32f7xx_hal_usart.c:1819:13:USART_DMAAbortOnError	8	static
../HAL_Driver/Src/stm32f7xx_hal_usart.c:1401:24:HAL_USART_GetState	0	static
../HAL_Driver/Src/stm32f7xx_hal_usart.c:1412:10:HAL_USART_GetError	0	static
