../HAL_Driver/Src/stm32f7xx_hal_dac.c:303:13:HAL_DAC_MspInit	0	static
../HAL_Driver/Src/stm32f7xx_hal_dac.c:230:19:HAL_DAC_Init	8	static
../HAL_Driver/Src/stm32f7xx_hal_dac.c:319:13:HAL_DAC_MspDeInit	0	static
../HAL_Driver/Src/stm32f7xx_hal_dac.c:267:19:HAL_DAC_DeInit	8	static
../HAL_Driver/Src/stm32f7xx_hal_dac.c:361:19:HAL_DAC_Start	4	static
../HAL_Driver/Src/stm32f7xx_hal_dac.c:420:19:HAL_DAC_Stop	4	static
../HAL_Driver/Src/stm32f7xx_hal_dac.c:452:19:HAL_DAC_Start_DMA	24	static
../HAL_Driver/Src/stm32f7xx_hal_dac.c:571:19:HAL_DAC_Stop_DMA	8	static
../HAL_Driver/Src/stm32f7xx_hal_dac.c:621:10:HAL_DAC_GetValue	0	static
../HAL_Driver/Src/stm32f7xx_hal_dac.c:689:13:HAL_DAC_ConvCpltCallbackCh1	0	static
../HAL_Driver/Src/stm32f7xx_hal_dac.c:913:13:DAC_DMAConvCpltCh1	8	static
../HAL_Driver/Src/stm32f7xx_hal_dac.c:705:13:HAL_DAC_ConvHalfCpltCallbackCh1	0	static
../HAL_Driver/Src/stm32f7xx_hal_dac.c:928:13:DAC_DMAHalfConvCpltCh1	8	static
../HAL_Driver/Src/stm32f7xx_hal_dac.c:721:13:HAL_DAC_ErrorCallbackCh1	0	static
../HAL_Driver/Src/stm32f7xx_hal_dac.c:941:13:DAC_DMAErrorCh1	8	static
../HAL_Driver/Src/stm32f7xx_hal_dac.c:737:13:HAL_DAC_DMAUnderrunCallbackCh1	0	static
../HAL_Driver/Src/stm32f7xx_hal_dac.c:643:6:HAL_DAC_IRQHandler	8	static
../HAL_Driver/Src/stm32f7xx_hal_dac.c:777:19:HAL_DAC_ConfigChannel	8	static
../HAL_Driver/Src/stm32f7xx_hal_dac.c:833:19:HAL_DAC_SetValue	16	static
../HAL_Driver/Src/stm32f7xx_hal_dac.c:885:22:HAL_DAC_GetState	0	static
../HAL_Driver/Src/stm32f7xx_hal_dac.c:898:10:HAL_DAC_GetError	0	static
