../HAL_Driver/Src/stm32f7xx_ll_fmc.c:150:20:FMC_NORSRAM_Init	16	static
../HAL_Driver/Src/stm32f7xx_ll_fmc.c:227:19:FMC_NORSRAM_DeInit	0	static
../HAL_Driver/Src/stm32f7xx_ll_fmc.c:264:19:FMC_NORSRAM_Timing_Init	8	static
../HAL_Driver/Src/stm32f7xx_ll_fmc.c:318:20:FMC_NORSRAM_Extended_Timing_Init	8	static
../HAL_Driver/Src/stm32f7xx_ll_fmc.c:386:19:FMC_NORSRAM_WriteOperation_Enable	0	static
../HAL_Driver/Src/stm32f7xx_ll_fmc.c:404:19:FMC_NORSRAM_WriteOperation_Disable	0	static
../HAL_Driver/Src/stm32f7xx_ll_fmc.c:473:19:FMC_NAND_Init	4	static
../HAL_Driver/Src/stm32f7xx_ll_fmc.c:518:19:FMC_NAND_CommonSpace_Timing_Init	8	static
../HAL_Driver/Src/stm32f7xx_ll_fmc.c:557:19:FMC_NAND_AttributeSpace_Timing_Init	8	static
../HAL_Driver/Src/stm32f7xx_ll_fmc.c:593:19:FMC_NAND_DeInit	8	static
../HAL_Driver/Src/stm32f7xx_ll_fmc.c:637:19:FMC_NAND_ECC_Enable	0	static
../HAL_Driver/Src/stm32f7xx_ll_fmc.c:656:19:FMC_NAND_ECC_Disable	0	static
../HAL_Driver/Src/stm32f7xx_ll_fmc.c:676:19:FMC_NAND_GetECC	24	static
../HAL_Driver/Src/stm32f7xx_ll_fmc.c:760:19:FMC_SDRAM_Init	8	static
../HAL_Driver/Src/stm32f7xx_ll_fmc.c:841:19:FMC_SDRAM_Timing_Init	8	static
../HAL_Driver/Src/stm32f7xx_ll_fmc.c:911:19:FMC_SDRAM_DeInit	8	static
../HAL_Driver/Src/stm32f7xx_ll_fmc.c:952:19:FMC_SDRAM_WriteProtection_Enable	0	static
../HAL_Driver/Src/stm32f7xx_ll_fmc.c:969:19:FMC_SDRAM_WriteProtection_Disable	0	static
../HAL_Driver/Src/stm32f7xx_ll_fmc.c:989:19:FMC_SDRAM_SendCommand	24	static
../HAL_Driver/Src/stm32f7xx_ll_fmc.c:1035:19:FMC_SDRAM_ProgramRefreshRate	0	static
../HAL_Driver/Src/stm32f7xx_ll_fmc.c:1053:19:FMC_SDRAM_SetAutoRefreshNumber	0	static
../HAL_Driver/Src/stm32f7xx_ll_fmc.c:1074:10:FMC_SDRAM_GetModeStatus	0	static
