../HAL_Driver/Src/stm32f7xx_hal_spi.c:2663:26:SPI_WaitFlagStateUntilTimeout	24	static
../HAL_Driver/Src/stm32f7xx_hal_spi.c:2800:26:SPI_EndRxTxTransaction.constprop	24	static
../HAL_Driver/Src/stm32f7xx_hal_spi.c:2800:26:SPI_EndRxTxTransaction	24	static
../HAL_Driver/Src/stm32f7xx_hal_spi.c:2768:26:SPI_EndRxTransaction.constprop	24	static
../HAL_Driver/Src/stm32f7xx_hal_spi.c:340:13:HAL_SPI_MspInit	0	static
../HAL_Driver/Src/stm32f7xx_hal_spi.c:197:19:HAL_SPI_Init	24	static
../HAL_Driver/Src/stm32f7xx_hal_spi.c:356:13:HAL_SPI_MspDeInit	0	static
../HAL_Driver/Src/stm32f7xx_hal_spi.c:307:19:HAL_SPI_DeInit	8	static
../HAL_Driver/Src/stm32f7xx_hal_spi.c:412:19:HAL_SPI_Transmit	32	static
../HAL_Driver/Src/stm32f7xx_hal_spi.c:783:19:HAL_SPI_TransmitReceive	40	static
../HAL_Driver/Src/stm32f7xx_hal_spi.c:563:19:HAL_SPI_Receive	40	static
../HAL_Driver/Src/stm32f7xx_hal_spi.c:1030:19:HAL_SPI_Transmit_IT	4	static
../HAL_Driver/Src/stm32f7xx_hal_spi.c:1212:19:HAL_SPI_TransmitReceive_IT	12	static
../HAL_Driver/Src/stm32f7xx_hal_spi.c:1108:19:HAL_SPI_Receive_IT	12	static
../HAL_Driver/Src/stm32f7xx_hal_spi.c:1312:19:HAL_SPI_Transmit_DMA	16	static
../HAL_Driver/Src/stm32f7xx_hal_spi.c:1532:19:HAL_SPI_TransmitReceive_DMA	24	static
../HAL_Driver/Src/stm32f7xx_hal_spi.c:1416:19:HAL_SPI_Receive_DMA	24	static
../HAL_Driver/Src/stm32f7xx_hal_spi.c:1688:19:HAL_SPI_DMAPause	4	static
../HAL_Driver/Src/stm32f7xx_hal_spi.c:1708:19:HAL_SPI_DMAResume	4	static
../HAL_Driver/Src/stm32f7xx_hal_spi.c:1728:19:HAL_SPI_DMAStop	8	static
../HAL_Driver/Src/stm32f7xx_hal_spi.c:1872:13:HAL_SPI_TxCpltCallback	0	static
../HAL_Driver/Src/stm32f7xx_hal_spi.c:1888:13:HAL_SPI_RxCpltCallback	0	static
../HAL_Driver/Src/stm32f7xx_hal_spi.c:1904:13:HAL_SPI_TxRxCpltCallback	0	static
../HAL_Driver/Src/stm32f7xx_hal_spi.c:1920:13:HAL_SPI_TxHalfCpltCallback	0	static
../HAL_Driver/Src/stm32f7xx_hal_spi.c:2229:13:SPI_DMAHalfTransmitCplt	8	static
../HAL_Driver/Src/stm32f7xx_hal_spi.c:1936:13:HAL_SPI_RxHalfCpltCallback	0	static
../HAL_Driver/Src/stm32f7xx_hal_spi.c:2241:13:SPI_DMAHalfReceiveCplt	8	static
../HAL_Driver/Src/stm32f7xx_hal_spi.c:1952:13:HAL_SPI_TxRxHalfCpltCallback	0	static
../HAL_Driver/Src/stm32f7xx_hal_spi.c:2253:13:SPI_DMAHalfTransmitReceiveCplt	8	static
../HAL_Driver/Src/stm32f7xx_hal_spi.c:1968:13:HAL_SPI_ErrorCallback	0	static
../HAL_Driver/Src/stm32f7xx_hal_spi.c:2610:13:SPI_TxISR_8BIT	16	static
../HAL_Driver/Src/stm32f7xx_hal_spi.c:2526:13:SPI_RxISR_8BIT	8	static
../HAL_Driver/Src/stm32f7xx_hal_spi.c:2828:13:SPI_CloseRxTx_ISR	8	static
../HAL_Driver/Src/stm32f7xx_hal_spi.c:2375:13:SPI_2linesTxISR_8BIT	4	static
../HAL_Driver/Src/stm32f7xx_hal_spi.c:2298:13:SPI_2linesRxISR_8BIT	0	static
../HAL_Driver/Src/stm32f7xx_hal_spi.c:2348:13:SPI_2linesRxISR_8BITCRC	16	static
../HAL_Driver/Src/stm32f7xx_hal_spi.c:2470:13:SPI_2linesTxISR_16BIT	4	static
../HAL_Driver/Src/stm32f7xx_hal_spi.c:2417:13:SPI_2linesRxISR_16BIT	4	static
../HAL_Driver/Src/stm32f7xx_hal_spi.c:2283:13:SPI_DMAAbortOnError	8	static
../HAL_Driver/Src/stm32f7xx_hal_spi.c:2265:13:SPI_DMAError	8	static
../HAL_Driver/Src/stm32f7xx_hal_spi.c:2043:13:SPI_DMATransmitCplt	16	static
../HAL_Driver/Src/stm32f7xx_hal_spi.c:2083:13:SPI_DMAReceiveCplt	24	static
../HAL_Driver/Src/stm32f7xx_hal_spi.c:2162:13:SPI_DMATransmitReceiveCplt	24	static
../HAL_Driver/Src/stm32f7xx_hal_spi.c:1759:6:HAL_SPI_IRQHandler	32	static
../HAL_Driver/Src/stm32f7xx_hal_spi.c:2634:13:SPI_TxISR_16BIT	16	static
../HAL_Driver/Src/stm32f7xx_hal_spi.c:2559:13:SPI_RxISR_16BITCRC	16	static
../HAL_Driver/Src/stm32f7xx_hal_spi.c:2504:13:SPI_RxISR_8BITCRC	16	static
../HAL_Driver/Src/stm32f7xx_hal_spi.c:2579:13:SPI_RxISR_16BIT	8	static
../HAL_Driver/Src/stm32f7xx_hal_spi.c:2451:13:SPI_2linesRxISR_16BITCRC	16	static
../HAL_Driver/Src/stm32f7xx_hal_spi.c:2006:22:HAL_SPI_GetState	0	static
../HAL_Driver/Src/stm32f7xx_hal_spi.c:2018:10:HAL_SPI_GetError	0	static
