../HAL_Driver/Src/stm32f7xx_hal_sai.c:566:13:HAL_SAI_MspInit	0	static
../HAL_Driver/Src/stm32f7xx_hal_sai.c:323:19:HAL_SAI_Init	24	static
../HAL_Driver/Src/stm32f7xx_hal_sai.c:284:19:HAL_SAI_InitProtocol	8	static
../HAL_Driver/Src/stm32f7xx_hal_sai.c:582:13:HAL_SAI_MspDeInit	0	static
../HAL_Driver/Src/stm32f7xx_hal_sai.c:525:19:HAL_SAI_DeInit	8	static
../HAL_Driver/Src/stm32f7xx_hal_sai.c:650:19:HAL_SAI_Transmit	40	static
../HAL_Driver/Src/stm32f7xx_hal_sai.c:750:19:HAL_SAI_Receive	32	static
../HAL_Driver/Src/stm32f7xx_hal_sai.c:847:19:HAL_SAI_Transmit_IT	12	static
../HAL_Driver/Src/stm32f7xx_hal_sai.c:909:19:HAL_SAI_Receive_IT	4	static
../HAL_Driver/Src/stm32f7xx_hal_sai.c:967:19:HAL_SAI_DMAPause	4	static
../HAL_Driver/Src/stm32f7xx_hal_sai.c:987:19:HAL_SAI_DMAResume	0	static
../HAL_Driver/Src/stm32f7xx_hal_sai.c:1014:19:HAL_SAI_DMAStop	8	static
../HAL_Driver/Src/stm32f7xx_hal_sai.c:1056:19:HAL_SAI_Abort	8	static
../HAL_Driver/Src/stm32f7xx_hal_sai.c:1110:19:HAL_SAI_Transmit_DMA	24	static
../HAL_Driver/Src/stm32f7xx_hal_sai.c:1179:19:HAL_SAI_Receive_DMA	24	static
../HAL_Driver/Src/stm32f7xx_hal_sai.c:1248:19:HAL_SAI_EnableTxMuteMode	0	static
../HAL_Driver/Src/stm32f7xx_hal_sai.c:1267:19:HAL_SAI_DisableTxMuteMode	0	static
../HAL_Driver/Src/stm32f7xx_hal_sai.c:1285:19:HAL_SAI_EnableRxMuteMode	8	static,ignoring_inline_asm
../HAL_Driver/Src/stm32f7xx_hal_sai.c:1308:19:HAL_SAI_DisableRxMuteMode	0	static
../HAL_Driver/Src/stm32f7xx_hal_sai.c:1493:13:HAL_SAI_TxCpltCallback	0	static
../HAL_Driver/Src/stm32f7xx_hal_sai.c:1934:13:SAI_Transmit_IT32Bit	8	static
../HAL_Driver/Src/stm32f7xx_hal_sai.c:2038:13:SAI_DMATxCplt	8	static
../HAL_Driver/Src/stm32f7xx_hal_sai.c:1885:13:SAI_Transmit_IT8Bit	8	static
../HAL_Driver/Src/stm32f7xx_hal_sai.c:1909:13:SAI_Transmit_IT16Bit	8	static
../HAL_Driver/Src/stm32f7xx_hal_sai.c:1509:14:HAL_SAI_TxHalfCpltCallback	0	static
../HAL_Driver/Src/stm32f7xx_hal_sai.c:2063:13:SAI_DMATxHalfCplt	8	static
../HAL_Driver/Src/stm32f7xx_hal_sai.c:1525:13:HAL_SAI_RxCpltCallback	0	static
../HAL_Driver/Src/stm32f7xx_hal_sai.c:2011:13:SAI_Receive_IT32Bit	8	static
../HAL_Driver/Src/stm32f7xx_hal_sai.c:1985:13:SAI_Receive_IT16Bit	8	static
../HAL_Driver/Src/stm32f7xx_hal_sai.c:1959:13:SAI_Receive_IT8Bit	8	static
../HAL_Driver/Src/stm32f7xx_hal_sai.c:2076:13:SAI_DMARxCplt	8	static
../HAL_Driver/Src/stm32f7xx_hal_sai.c:1541:13:HAL_SAI_RxHalfCpltCallback	0	static
../HAL_Driver/Src/stm32f7xx_hal_sai.c:2099:13:SAI_DMARxHalfCplt	8	static
../HAL_Driver/Src/stm32f7xx_hal_sai.c:1557:13:HAL_SAI_ErrorCallback	0	static
../HAL_Driver/Src/stm32f7xx_hal_sai.c:2111:13:SAI_DMAError	8	static
../HAL_Driver/Src/stm32f7xx_hal_sai.c:1327:6:HAL_SAI_IRQHandler	16	static
../HAL_Driver/Src/stm32f7xx_hal_sai.c:2142:13:SAI_DMAAbort	8	static
../HAL_Driver/Src/stm32f7xx_hal_sai.c:1593:22:HAL_SAI_GetState	0	static
../HAL_Driver/Src/stm32f7xx_hal_sai.c:1604:10:HAL_SAI_GetError	0	static
