../HAL_Driver/Src/stm32f7xx_hal_irda.c:302:13:HAL_IRDA_MspInit	0	static
../HAL_Driver/Src/stm32f7xx_hal_irda.c:219:19:HAL_IRDA_Init	16	static
../HAL_Driver/Src/stm32f7xx_hal_irda.c:318:13:HAL_IRDA_MspDeInit	0	static
../HAL_Driver/Src/stm32f7xx_hal_irda.c:268:19:HAL_IRDA_DeInit	8	static
../HAL_Driver/Src/stm32f7xx_hal_irda.c:393:19:HAL_IRDA_Transmit	32	static
../HAL_Driver/Src/stm32f7xx_hal_irda.c:464:19:HAL_IRDA_Receive	32	static
../HAL_Driver/Src/stm32f7xx_hal_irda.c:537:19:HAL_IRDA_Transmit_IT	8	static
../HAL_Driver/Src/stm32f7xx_hal_irda.c:579:19:HAL_IRDA_Receive_IT	4	static
../HAL_Driver/Src/stm32f7xx_hal_irda.c:631:19:HAL_IRDA_Transmit_DMA	16	static
../HAL_Driver/Src/stm32f7xx_hal_irda.c:696:19:HAL_IRDA_Receive_DMA	16	static
../HAL_Driver/Src/stm32f7xx_hal_irda.c:760:19:HAL_IRDA_DMAPause	0	static
../HAL_Driver/Src/stm32f7xx_hal_irda.c:794:19:HAL_IRDA_DMAResume	0	static
../HAL_Driver/Src/stm32f7xx_hal_irda.c:829:19:HAL_IRDA_DMAStop	8	static
../HAL_Driver/Src/stm32f7xx_hal_irda.c:1053:13:HAL_IRDA_TxHalfCpltCallback	0	static
../HAL_Driver/Src/stm32f7xx_hal_irda.c:1476:13:IRDA_DMATransmitHalfCplt	8	static
../HAL_Driver/Src/stm32f7xx_hal_irda.c:1069:13:HAL_IRDA_TxCpltCallback	0	static
../HAL_Driver/Src/stm32f7xx_hal_irda.c:1447:13:IRDA_DMATransmitCplt	8	static
../HAL_Driver/Src/stm32f7xx_hal_irda.c:1085:13:HAL_IRDA_RxHalfCpltCallback	0	static
../HAL_Driver/Src/stm32f7xx_hal_irda.c:1518:13:IRDA_DMAReceiveHalfCplt	8	static
../HAL_Driver/Src/stm32f7xx_hal_irda.c:1101:13:HAL_IRDA_RxCpltCallback	0	static
../HAL_Driver/Src/stm32f7xx_hal_irda.c:1488:13:IRDA_DMAReceiveCplt	8	static
../HAL_Driver/Src/stm32f7xx_hal_irda.c:1394:26:IRDA_Receive_IT.isra	8	static
../HAL_Driver/Src/stm32f7xx_hal_irda.c:1117:13:HAL_IRDA_ErrorCallback	0	static
../HAL_Driver/Src/stm32f7xx_hal_irda.c:1530:13:IRDA_DMAError	8	static
../HAL_Driver/Src/stm32f7xx_hal_irda.c:889:6:HAL_IRDA_IRQHandler	16	static
../HAL_Driver/Src/stm32f7xx_hal_irda.c:874:13:IRDA_DMAAbortOnError	8	static
../HAL_Driver/Src/stm32f7xx_hal_irda.c:1152:23:HAL_IRDA_GetState	0	static
../HAL_Driver/Src/stm32f7xx_hal_irda.c:1167:10:HAL_IRDA_GetError	0	static
