../HAL_Driver/Src/stm32f7xx_hal_i2c.c:4252:13:I2C_DMASlaveTransmitCplt	0	static
../HAL_Driver/Src/stm32f7xx_hal_i2c.c:4210:13:I2C_DMAMasterTransmitCplt	8	static
../HAL_Driver/Src/stm32f7xx_hal_i2c.c:4264:13:I2C_DMAMasterReceiveCplt	8	static
../HAL_Driver/Src/stm32f7xx_hal_i2c.c:4471:26:I2C_WaitOnRXNEFlagUntilTimeout	16	static
../HAL_Driver/Src/stm32f7xx_hal_i2c.c:4306:13:I2C_DMASlaveReceiveCplt	0	static
../HAL_Driver/Src/stm32f7xx_hal_i2c.c:4400:26:I2C_WaitOnTXISFlagUntilTimeout	24	static
../HAL_Driver/Src/stm32f7xx_hal_i2c.c:4437:26:I2C_WaitOnSTOPFlagUntilTimeout	24	static
../HAL_Driver/Src/stm32f7xx_hal_i2c.c:523:13:HAL_I2C_MspInit	0	static
../HAL_Driver/Src/stm32f7xx_hal_i2c.c:402:19:HAL_I2C_Init	16	static
../HAL_Driver/Src/stm32f7xx_hal_i2c.c:539:13:HAL_I2C_MspDeInit	0	static
../HAL_Driver/Src/stm32f7xx_hal_i2c.c:487:19:HAL_I2C_DeInit	8	static
../HAL_Driver/Src/stm32f7xx_hal_i2c.c:622:19:HAL_I2C_Master_Transmit	32	static
../HAL_Driver/Src/stm32f7xx_hal_i2c.c:745:19:HAL_I2C_Master_Receive	32	static
../HAL_Driver/Src/stm32f7xx_hal_i2c.c:868:19:HAL_I2C_Slave_Transmit	32	static
../HAL_Driver/Src/stm32f7xx_hal_i2c.c:1008:19:HAL_I2C_Slave_Receive	32	static
../HAL_Driver/Src/stm32f7xx_hal_i2c.c:1139:19:HAL_I2C_Master_Transmit_IT	8	static
../HAL_Driver/Src/stm32f7xx_hal_i2c.c:1207:19:HAL_I2C_Master_Receive_IT	8	static
../HAL_Driver/Src/stm32f7xx_hal_i2c.c:1274:19:HAL_I2C_Slave_Transmit_IT	8	static
../HAL_Driver/Src/stm32f7xx_hal_i2c.c:1323:19:HAL_I2C_Slave_Receive_IT	8	static
../HAL_Driver/Src/stm32f7xx_hal_i2c.c:1373:19:HAL_I2C_Master_Transmit_DMA	24	static
../HAL_Driver/Src/stm32f7xx_hal_i2c.c:1457:19:HAL_I2C_Master_Receive_DMA	24	static
../HAL_Driver/Src/stm32f7xx_hal_i2c.c:1550:19:HAL_I2C_Slave_Transmit_DMA	16	static
../HAL_Driver/Src/stm32f7xx_hal_i2c.c:1616:19:HAL_I2C_Slave_Receive_DMA	16	static
../HAL_Driver/Src/stm32f7xx_hal_i2c.c:1685:19:HAL_I2C_Mem_Write	40	static
../HAL_Driver/Src/stm32f7xx_hal_i2c.c:1836:19:HAL_I2C_Mem_Read	32	static
../HAL_Driver/Src/stm32f7xx_hal_i2c.c:1978:19:HAL_I2C_Mem_Write_IT	40	static
../HAL_Driver/Src/stm32f7xx_hal_i2c.c:2076:19:HAL_I2C_Mem_Read_IT	40	static
../HAL_Driver/Src/stm32f7xx_hal_i2c.c:2173:19:HAL_I2C_Mem_Write_DMA	40	static
../HAL_Driver/Src/stm32f7xx_hal_i2c.c:2288:19:HAL_I2C_Mem_Read_DMA	40	static
../HAL_Driver/Src/stm32f7xx_hal_i2c.c:2401:19:HAL_I2C_IsDeviceReady	40	static
../HAL_Driver/Src/stm32f7xx_hal_i2c.c:2519:19:HAL_I2C_Master_Sequential_Transmit_IT	16	static
../HAL_Driver/Src/stm32f7xx_hal_i2c.c:2591:19:HAL_I2C_Master_Sequential_Receive_IT	16	static
../HAL_Driver/Src/stm32f7xx_hal_i2c.c:2662:19:HAL_I2C_Slave_Sequential_Transmit_IT	12	static
../HAL_Driver/Src/stm32f7xx_hal_i2c.c:2728:19:HAL_I2C_Slave_Sequential_Receive_IT	12	static
../HAL_Driver/Src/stm32f7xx_hal_i2c.c:2790:19:HAL_I2C_EnableListen_IT	4	static
../HAL_Driver/Src/stm32f7xx_hal_i2c.c:2814:19:HAL_I2C_DisableListen_IT	4	static
../HAL_Driver/Src/stm32f7xx_hal_i2c.c:2846:19:HAL_I2C_Master_Abort_IT	20	static
../HAL_Driver/Src/stm32f7xx_hal_i2c.c:2896:6:HAL_I2C_EV_IRQHandler	0	static
../HAL_Driver/Src/stm32f7xx_hal_i2c.c:2960:13:HAL_I2C_MasterTxCpltCallback	0	static
../HAL_Driver/Src/stm32f7xx_hal_i2c.c:2976:13:HAL_I2C_MasterRxCpltCallback	0	static
../HAL_Driver/Src/stm32f7xx_hal_i2c.c:2991:13:HAL_I2C_SlaveTxCpltCallback	0	static
../HAL_Driver/Src/stm32f7xx_hal_i2c.c:3007:13:HAL_I2C_SlaveRxCpltCallback	0	static
../HAL_Driver/Src/stm32f7xx_hal_i2c.c:3025:13:HAL_I2C_AddrCallback	0	static
../HAL_Driver/Src/stm32f7xx_hal_i2c.c:3043:13:HAL_I2C_ListenCpltCallback	0	static
../HAL_Driver/Src/stm32f7xx_hal_i2c.c:3059:13:HAL_I2C_MemTxCpltCallback	0	static
../HAL_Driver/Src/stm32f7xx_hal_i2c.c:3075:13:HAL_I2C_MemRxCpltCallback	0	static
../HAL_Driver/Src/stm32f7xx_hal_i2c.c:3091:13:HAL_I2C_ErrorCallback	0	static
../HAL_Driver/Src/stm32f7xx_hal_i2c.c:3107:13:HAL_I2C_AbortCpltCallback	0	static
../HAL_Driver/Src/stm32f7xx_hal_i2c.c:4092:13:I2C_ITError	8	static
../HAL_Driver/Src/stm32f7xx_hal_i2c.c:3946:13:I2C_ITSlaveCplt	16	static
../HAL_Driver/Src/stm32f7xx_hal_i2c.c:3302:26:I2C_Slave_ISR_IT	24	static
../HAL_Driver/Src/stm32f7xx_hal_i2c.c:3504:26:I2C_Slave_ISR_DMA	8	static
../HAL_Driver/Src/stm32f7xx_hal_i2c.c:3854:13:I2C_ITMasterCplt	16	static
../HAL_Driver/Src/stm32f7xx_hal_i2c.c:3190:26:I2C_Master_ISR_IT	32	static
../HAL_Driver/Src/stm32f7xx_hal_i2c.c:3415:26:I2C_Master_ISR_DMA	16	static
../HAL_Driver/Src/stm32f7xx_hal_i2c.c:2915:6:HAL_I2C_ER_IRQHandler	4	static
../HAL_Driver/Src/stm32f7xx_hal_i2c.c:4335:13:I2C_DMAAbort	16	static
../HAL_Driver/Src/stm32f7xx_hal_i2c.c:4318:13:I2C_DMAError	16	static
../HAL_Driver/Src/stm32f7xx_hal_i2c.c:3142:22:HAL_I2C_GetState	0	static
../HAL_Driver/Src/stm32f7xx_hal_i2c.c:3154:21:HAL_I2C_GetMode	0	static
../HAL_Driver/Src/stm32f7xx_hal_i2c.c:3165:10:HAL_I2C_GetError	0	static
