../HAL_Driver/Src/stm32f7xx_hal_can.c:354:19:HAL_CAN_ConfigFilter	12	static
../HAL_Driver/Src/stm32f7xx_hal_can.c:504:13:HAL_CAN_MspInit	0	static
../HAL_Driver/Src/stm32f7xx_hal_can.c:171:19:HAL_CAN_Init	16	static
../HAL_Driver/Src/stm32f7xx_hal_can.c:519:13:HAL_CAN_MspDeInit	0	static
../HAL_Driver/Src/stm32f7xx_hal_can.c:471:19:HAL_CAN_DeInit	8	static
../HAL_Driver/Src/stm32f7xx_hal_can.c:556:19:HAL_CAN_Transmit	32	static
../HAL_Driver/Src/stm32f7xx_hal_can.c:682:19:HAL_CAN_Transmit_IT	8	static
../HAL_Driver/Src/stm32f7xx_hal_can.c:792:19:HAL_CAN_Receive	24	static
../HAL_Driver/Src/stm32f7xx_hal_can.c:895:19:HAL_CAN_Receive_IT	4	static
../HAL_Driver/Src/stm32f7xx_hal_can.c:960:19:HAL_CAN_Sleep	16	static
../HAL_Driver/Src/stm32f7xx_hal_can.c:1015:19:HAL_CAN_WakeUp	16	static
../HAL_Driver/Src/stm32f7xx_hal_can.c:1191:13:HAL_CAN_TxCpltCallback	0	static
../HAL_Driver/Src/stm32f7xx_hal_can.c:1206:13:HAL_CAN_RxCpltCallback	0	static
../HAL_Driver/Src/stm32f7xx_hal_can.c:1323:26:CAN_Receive_IT.isra	16	static
../HAL_Driver/Src/stm32f7xx_hal_can.c:1221:13:HAL_CAN_ErrorCallback	0	static
../HAL_Driver/Src/stm32f7xx_hal_can.c:1067:6:HAL_CAN_IRQHandler	16	static
../HAL_Driver/Src/stm32f7xx_hal_can.c:1256:22:HAL_CAN_GetState	0	static
../HAL_Driver/Src/stm32f7xx_hal_can.c:1268:10:HAL_CAN_GetError	0	static
