../HAL_Driver/Src/stm32f7xx_hal_adc_ex.c:1047:13:ADC_MultiModeDMAError	0	static
../HAL_Driver/Src/stm32f7xx_hal_adc_ex.c:1034:13:ADC_MultiModeDMAHalfConvCplt	0	static
../HAL_Driver/Src/stm32f7xx_hal_adc_ex.c:981:13:ADC_MultiModeDMAConvCplt	0	static
../HAL_Driver/Src/stm32f7xx_hal_adc_ex.c:177:19:HAL_ADCEx_InjectedStart	16	static
../HAL_Driver/Src/stm32f7xx_hal_adc_ex.c:266:19:HAL_ADCEx_InjectedStart_IT	16	static
../HAL_Driver/Src/stm32f7xx_hal_adc_ex.c:363:19:HAL_ADCEx_InjectedStop	4	static
../HAL_Driver/Src/stm32f7xx_hal_adc_ex.c:417:19:HAL_ADCEx_InjectedPollForConversion	16	static
../HAL_Driver/Src/stm32f7xx_hal_adc_ex.c:484:19:HAL_ADCEx_InjectedStop_IT	8	static
../HAL_Driver/Src/stm32f7xx_hal_adc_ex.c:546:10:HAL_ADCEx_InjectedGetValue	16	static
../HAL_Driver/Src/stm32f7xx_hal_adc_ex.c:597:19:HAL_ADCEx_MultiModeStart_DMA	24	static
../HAL_Driver/Src/stm32f7xx_hal_adc_ex.c:710:19:HAL_ADCEx_MultiModeStop_DMA	8	static
../HAL_Driver/Src/stm32f7xx_hal_adc_ex.c:757:10:HAL_ADCEx_MultiModeGetValue	0	static
../HAL_Driver/Src/stm32f7xx_hal_adc_ex.c:769:13:HAL_ADCEx_InjectedConvCpltCallback	0	static
../HAL_Driver/Src/stm32f7xx_hal_adc_ex.c:786:19:HAL_ADCEx_InjectedConfigChannel	20	static
../HAL_Driver/Src/stm32f7xx_hal_adc_ex.c:942:19:HAL_ADCEx_MultiModeConfigChannel	4	static
