../HAL_Driver/Src/stm32f7xx_hal_spdifrx.c:304:13:HAL_SPDIFRX_MspInit	0	static
../HAL_Driver/Src/stm32f7xx_hal_spdifrx.c:199:19:HAL_SPDIFRX_Init	16	static
../HAL_Driver/Src/stm32f7xx_hal_spdifrx.c:319:13:HAL_SPDIFRX_MspDeInit	0	static
../HAL_Driver/Src/stm32f7xx_hal_spdifrx.c:269:19:HAL_SPDIFRX_DeInit	8	static
../HAL_Driver/Src/stm32f7xx_hal_spdifrx.c:336:19:HAL_SPDIFRX_SetDataFormat	4	static
../HAL_Driver/Src/stm32f7xx_hal_spdifrx.c:436:19:HAL_SPDIFRX_ReceiveDataFlow	32	static
../HAL_Driver/Src/stm32f7xx_hal_spdifrx.c:506:19:HAL_SPDIFRX_ReceiveControlFlow	32	static
../HAL_Driver/Src/stm32f7xx_hal_spdifrx.c:574:19:HAL_SPDIFRX_ReceiveDataFlow_IT	16	static
../HAL_Driver/Src/stm32f7xx_hal_spdifrx.c:643:19:HAL_SPDIFRX_ReceiveControlFlow_IT	16	static
../HAL_Driver/Src/stm32f7xx_hal_spdifrx.c:712:19:HAL_SPDIFRX_ReceiveDataFlow_DMA	16	static
../HAL_Driver/Src/stm32f7xx_hal_spdifrx.c:784:19:HAL_SPDIFRX_ReceiveControlFlow_DMA	16	static
../HAL_Driver/Src/stm32f7xx_hal_spdifrx.c:854:19:HAL_SPDIFRX_DMAStop	8	static
../HAL_Driver/Src/stm32f7xx_hal_spdifrx.c:929:13:HAL_SPDIFRX_RxHalfCpltCallback	0	static
../HAL_Driver/Src/stm32f7xx_hal_spdifrx.c:1066:13:SPDIFRX_DMARxHalfCplt	8	static
../HAL_Driver/Src/stm32f7xx_hal_spdifrx.c:944:13:HAL_SPDIFRX_RxCpltCallback	0	static
../HAL_Driver/Src/stm32f7xx_hal_spdifrx.c:1047:13:SPDIFRX_DMARxCplt	8	static
../HAL_Driver/Src/stm32f7xx_hal_spdifrx.c:959:13:HAL_SPDIFRX_CxHalfCpltCallback	0	static
../HAL_Driver/Src/stm32f7xx_hal_spdifrx.c:1096:13:SPDIFRX_DMACxHalfCplt	8	static
../HAL_Driver/Src/stm32f7xx_hal_spdifrx.c:974:13:HAL_SPDIFRX_CxCpltCallback	0	static
../HAL_Driver/Src/stm32f7xx_hal_spdifrx.c:1079:13:SPDIFRX_DMACxCplt	8	static
../HAL_Driver/Src/stm32f7xx_hal_spdifrx.c:989:13:HAL_SPDIFRX_ErrorCallback	0	static
../HAL_Driver/Src/stm32f7xx_hal_spdifrx.c:1108:13:SPDIFRX_DMAError	8	static
../HAL_Driver/Src/stm32f7xx_hal_spdifrx.c:883:6:HAL_SPDIFRX_IRQHandler	24	static
../HAL_Driver/Src/stm32f7xx_hal_spdifrx.c:1023:26:HAL_SPDIFRX_GetState	0	static
../HAL_Driver/Src/stm32f7xx_hal_spdifrx.c:1033:10:HAL_SPDIFRX_GetError	0	static
