../HAL_Driver/Src/stm32f7xx_hal_uart.c:625:13:HAL_UART_MspInit	0	static
../HAL_Driver/Src/stm32f7xx_hal_uart.c:640:13:HAL_UART_MspDeInit	0	static
../HAL_Driver/Src/stm32f7xx_hal_uart.c:587:19:HAL_UART_DeInit	16	static
../HAL_Driver/Src/stm32f7xx_hal_uart.c:718:19:HAL_UART_Transmit	32	static
../HAL_Driver/Src/stm32f7xx_hal_uart.c:787:19:HAL_UART_Receive	32	static
../HAL_Driver/Src/stm32f7xx_hal_uart.c:858:19:HAL_UART_Transmit_IT	8	static
../HAL_Driver/Src/stm32f7xx_hal_uart.c:899:19:HAL_UART_Receive_IT	4	static
../HAL_Driver/Src/stm32f7xx_hal_uart.c:949:19:HAL_UART_Transmit_DMA	16	static
../HAL_Driver/Src/stm32f7xx_hal_uart.c:1014:19:HAL_UART_Receive_DMA	16	static
../HAL_Driver/Src/stm32f7xx_hal_uart.c:1077:19:HAL_UART_DMAPause	0	static
../HAL_Driver/Src/stm32f7xx_hal_uart.c:1110:19:HAL_UART_DMAResume	0	static
../HAL_Driver/Src/stm32f7xx_hal_uart.c:1148:19:HAL_UART_DMAStop	8	static
../HAL_Driver/Src/stm32f7xx_hal_uart.c:1338:19:UART_WaitOnFlagUntilTimeout	24	static
../HAL_Driver/Src/stm32f7xx_hal_uart.c:1491:14:HAL_UART_TxCpltCallback	0	static
../HAL_Driver/Src/stm32f7xx_hal_uart.c:1369:13:UART_DMATransmitCplt	8	static
../HAL_Driver/Src/stm32f7xx_hal_uart.c:1506:14:HAL_UART_TxHalfCpltCallback	0	static
../HAL_Driver/Src/stm32f7xx_hal_uart.c:1397:13:UART_DMATxHalfCplt	8	static
../HAL_Driver/Src/stm32f7xx_hal_uart.c:1521:13:HAL_UART_RxCpltCallback	0	static
../HAL_Driver/Src/stm32f7xx_hal_uart.c:1409:13:UART_DMAReceiveCplt	8	static
../HAL_Driver/Src/stm32f7xx_hal_uart.c:1636:26:UART_Receive_IT.isra	8	static
../HAL_Driver/Src/stm32f7xx_hal_uart.c:1536:13:HAL_UART_RxHalfCpltCallback	0	static
../HAL_Driver/Src/stm32f7xx_hal_uart.c:1437:13:UART_DMARxHalfCplt	8	static
../HAL_Driver/Src/stm32f7xx_hal_uart.c:1551:14:HAL_UART_ErrorCallback	0	static
../HAL_Driver/Src/stm32f7xx_hal_uart.c:1449:13:UART_DMAError	8	static
../HAL_Driver/Src/stm32f7xx_hal_uart.c:1195:6:HAL_UART_IRQHandler	16	static
../HAL_Driver/Src/stm32f7xx_hal_uart.c:1477:13:UART_DMAAbortOnError	8	static
../HAL_Driver/Src/stm32f7xx_hal_uart.c:1791:6:HAL_MultiProcessor_EnterMuteMode	0	static
../HAL_Driver/Src/stm32f7xx_hal_uart.c:1803:23:HAL_UART_GetState	0	static
../HAL_Driver/Src/stm32f7xx_hal_uart.c:1818:10:HAL_UART_GetError	0	static
../HAL_Driver/Src/stm32f7xx_hal_uart.c:1828:19:UART_SetConfig	16	static
../HAL_Driver/Src/stm32f7xx_hal_uart.c:1939:6:UART_AdvFeatureConfig	4	static
../HAL_Driver/Src/stm32f7xx_hal_uart.c:2014:19:UART_CheckIdleState	24	static
../HAL_Driver/Src/stm32f7xx_hal_uart.c:243:19:HAL_UART_Init	8	static
../HAL_Driver/Src/stm32f7xx_hal_uart.c:306:19:HAL_HalfDuplex_Init	8	static
../HAL_Driver/Src/stm32f7xx_hal_uart.c:366:19:HAL_LIN_Init	16	static
../HAL_Driver/Src/stm32f7xx_hal_uart.c:440:19:HAL_MultiProcessor_Init	16	static
../HAL_Driver/Src/stm32f7xx_hal_uart.c:518:19:HAL_RS485Ex_Init	24	static
../HAL_Driver/Src/stm32f7xx_hal_uart.c:1749:19:HAL_MultiProcessor_EnableMuteMode	0	static
../HAL_Driver/Src/stm32f7xx_hal_uart.c:1770:19:HAL_MultiProcessor_DisableMuteMode	0	static
../HAL_Driver/Src/stm32f7xx_hal_uart.c:2061:19:HAL_HalfDuplex_EnableTransmitter	4	static
../HAL_Driver/Src/stm32f7xx_hal_uart.c:2084:19:HAL_HalfDuplex_EnableReceiver	4	static
../HAL_Driver/Src/stm32f7xx_hal_uart.c:2108:19:HAL_LIN_SendBreak	0	static
../HAL_Driver/Src/stm32f7xx_hal_uart.c:2142:19:HAL_MultiProcessorEx_AddressLength_Set	0	static
