../Middlewares/Third_Party/LwIP/src/core/netif.c:139:1:netif_init	0	static
../Middlewares/Third_Party/LwIP/src/core/netif.c:184:1:netif_add	32	static
../Middlewares/Third_Party/LwIP/src/core/netif.c:303:1:netif_set_addr	24	static
../Middlewares/Third_Party/LwIP/src/core/netif.c:319:1:netif_remove	8	static
../Middlewares/Third_Party/LwIP/src/core/netif.c:389:1:netif_find	0	static
../Middlewares/Third_Party/LwIP/src/core/netif.c:423:1:netif_set_ipaddr	24	static
../Middlewares/Third_Party/LwIP/src/core/netif.c:466:1:netif_set_gw	0	static
../Middlewares/Third_Party/LwIP/src/core/netif.c:488:1:netif_set_netmask	0	static
../Middlewares/Third_Party/LwIP/src/core/netif.c:511:1:netif_set_default	0	static
../Middlewares/Third_Party/LwIP/src/core/netif.c:530:1:netif_set_up	0	static
../Middlewares/Third_Party/LwIP/src/core/netif.c:587:1:netif_set_down	0	static
../Middlewares/Third_Party/LwIP/src/core/netif.c:632:1:netif_set_link_up	8	static
../Middlewares/Third_Party/LwIP/src/core/netif.c:660:1:netif_set_link_down	0	static
../Middlewares/Third_Party/LwIP/src/core/netif.c:673:1:netif_set_link_callback	0	static
