../Middlewares/Third_Party/LwIP/src/core/pbuf.c:199:1:pbuf_alloc	24	static
../Middlewares/Third_Party/LwIP/src/core/pbuf.c:431:1:pbuf_realloc	16	static
../Middlewares/Third_Party/LwIP/src/core/pbuf.c:603:1:pbuf_header	8	static
../Middlewares/Third_Party/LwIP/src/core/pbuf.c:613:1:pbuf_header_force	4	static
../Middlewares/Third_Party/LwIP/src/core/pbuf.c:652:1:pbuf_free	16	static
../Middlewares/Third_Party/LwIP/src/core/pbuf.c:738:1:pbuf_clen	0	static
../Middlewares/Third_Party/LwIP/src/core/pbuf.c:757:1:pbuf_ref	0	static
../Middlewares/Third_Party/LwIP/src/core/pbuf.c:779:1:pbuf_cat	0	static
../Middlewares/Third_Party/LwIP/src/core/pbuf.c:820:1:pbuf_chain	0	static
../Middlewares/Third_Party/LwIP/src/core/pbuf.c:837:1:pbuf_dechain	16	static
../Middlewares/Third_Party/LwIP/src/core/pbuf.c:886:1:pbuf_copy	24	static
../Middlewares/Third_Party/LwIP/src/core/pbuf.c:952:1:pbuf_copy_partial	24	static
../Middlewares/Third_Party/LwIP/src/core/pbuf.c:1048:1:pbuf_skip	0	static
../Middlewares/Third_Party/LwIP/src/core/pbuf.c:1075:1:pbuf_take	24	static
../Middlewares/Third_Party/LwIP/src/core/pbuf.c:1117:1:pbuf_take_at	32	static
../Middlewares/Third_Party/LwIP/src/core/pbuf.c:1152:1:pbuf_coalesce	24	static
../Middlewares/Third_Party/LwIP/src/core/pbuf.c:1219:1:pbuf_get_at	0	static
../Middlewares/Third_Party/LwIP/src/core/pbuf.c:1239:1:pbuf_put_at	0	static
../Middlewares/Third_Party/LwIP/src/core/pbuf.c:1260:1:pbuf_memcmp	20	static
../Middlewares/Third_Party/LwIP/src/core/pbuf.c:1296:1:pbuf_memfind	24	static
../Middlewares/Third_Party/LwIP/src/core/pbuf.c:1322:1:pbuf_strstr	24	static
