../Middlewares/Third_Party/LwIP/src/core/udp.c:89:1:udp_init	0	static
../Middlewares/Third_Party/LwIP/src/core/udp.c:154:1:udp_input	56	static
../Middlewares/Third_Party/LwIP/src/core/udp.c:927:1:udp_bind	24	static
../Middlewares/Third_Party/LwIP/src/core/udp.c:707:1:udp_sendto_if_src	48	static
../Middlewares/Third_Party/LwIP/src/core/udp.c:641:1:udp_sendto_if	56	static
../Middlewares/Third_Party/LwIP/src/core/udp.c:558:1:udp_sendto	56	static
../Middlewares/Third_Party/LwIP/src/core/udp.c:521:1:udp_send	56	static
../Middlewares/Third_Party/LwIP/src/core/udp.c:1019:1:udp_connect	16	static
../Middlewares/Third_Party/LwIP/src/core/udp.c:1085:1:udp_disconnect	0	static
../Middlewares/Third_Party/LwIP/src/core/udp.c:1104:1:udp_recv	0	static
../Middlewares/Third_Party/LwIP/src/core/udp.c:1120:1:udp_remove	0	static
../Middlewares/Third_Party/LwIP/src/core/udp.c:1152:1:udp_new	8	static
../Middlewares/Third_Party/LwIP/src/core/udp.c:1198:6:udp_netif_ipv4_addr_changed	4	static
