../Middlewares/Third_Party/LwIP/system/OS/sys_arch.c:52:7:sys_mbox_new	8	static
../Middlewares/Third_Party/LwIP/system/OS/sys_arch.c:76:6:sys_mbox_free	8	static
../Middlewares/Third_Party/LwIP/system/OS/sys_arch.c:98:6:sys_mbox_post	16	static
../Middlewares/Third_Party/LwIP/system/OS/sys_arch.c:106:7:sys_mbox_trypost	16	static
../Middlewares/Third_Party/LwIP/system/OS/sys_arch.c:143:7:sys_arch_mbox_fetch	32	static
../Middlewares/Third_Party/LwIP/system/OS/sys_arch.c:186:7:sys_arch_mbox_tryfetch	16	static
../Middlewares/Third_Party/LwIP/system/OS/sys_arch.c:205:5:sys_mbox_valid	0	static
../Middlewares/Third_Party/LwIP/system/OS/sys_arch.c:213:6:sys_mbox_set_invalid	0	static
../Middlewares/Third_Party/LwIP/system/OS/sys_arch.c:221:7:sys_sem_new	16	static
../Middlewares/Third_Party/LwIP/system/OS/sys_arch.c:263:7:sys_arch_sem_wait	16	static
../Middlewares/Third_Party/LwIP/system/OS/sys_arch.c:296:6:sys_sem_signal	0	static
../Middlewares/Third_Party/LwIP/system/OS/sys_arch.c:303:6:sys_sem_free	0	static
../Middlewares/Third_Party/LwIP/system/OS/sys_arch.c:312:5:sys_sem_valid	0	static
../Middlewares/Third_Party/LwIP/system/OS/sys_arch.c:321:6:sys_sem_set_invalid	0	static
../Middlewares/Third_Party/LwIP/system/OS/sys_arch.c:328:6:sys_init	0	static
../Middlewares/Third_Party/LwIP/system/OS/sys_arch.c:391:14:sys_thread_new	40	static
../Middlewares/Third_Party/LwIP/system/OS/sys_arch.c:432:12:sys_arch_protect	8	static
../Middlewares/Third_Party/LwIP/system/OS/sys_arch.c:444:6:sys_arch_unprotect	0	static
../Middlewares/Third_Party/LwIP/system/OS/sys_arch.c:453:6:sys_assert	8	static
