../Middlewares/Third_Party/LwIP/src/api/api_msg.c:155:1:recv_udp	32	static
../Middlewares/Third_Party/LwIP/src/api/api_msg.c:365:1:err_tcp	24	static
../Middlewares/Third_Party/LwIP/src/api/api_msg.c:226:1:recv_tcp	32	static
../Middlewares/Third_Party/LwIP/src/api/api_msg.c:1416:1:lwip_netconn_do_writemore.isra	32	static
../Middlewares/Third_Party/LwIP/src/api/api_msg.c:775:1:lwip_netconn_do_close_internal.isra	32	static
../Middlewares/Third_Party/LwIP/src/api/api_msg.c:331:1:sent_tcp	16	static
../Middlewares/Third_Party/LwIP/src/api/api_msg.c:290:1:poll_tcp	16	static
../Middlewares/Third_Party/LwIP/src/api/api_msg.c:709:1:netconn_drain	32	static
../Middlewares/Third_Party/LwIP/src/api/api_msg.c:1113:1:lwip_netconn_do_connected	24	static
../Middlewares/Third_Party/LwIP/src/api/api_msg.c:572:1:lwip_netconn_do_newconn	24	static
../Middlewares/Third_Party/LwIP/src/api/api_msg.c:596:1:netconn_alloc	24	static
../Middlewares/Third_Party/LwIP/src/api/api_msg.c:452:1:accept_function	32	static
../Middlewares/Third_Party/LwIP/src/api/api_msg.c:682:1:netconn_free	16	static
../Middlewares/Third_Party/LwIP/src/api/api_msg.c:974:1:lwip_netconn_do_delconn	16	static
../Middlewares/Third_Party/LwIP/src/api/api_msg.c:1074:1:lwip_netconn_do_bind	8	static
../Middlewares/Third_Party/LwIP/src/api/api_msg.c:1163:1:lwip_netconn_do_connect	16	static
../Middlewares/Third_Party/LwIP/src/api/api_msg.c:1232:1:lwip_netconn_do_disconnect	8	static
../Middlewares/Third_Party/LwIP/src/api/api_msg.c:1254:1:lwip_netconn_do_listen	16	static
../Middlewares/Third_Party/LwIP/src/api/api_msg.c:1327:1:lwip_netconn_do_send	8	static
../Middlewares/Third_Party/LwIP/src/api/api_msg.c:1380:1:lwip_netconn_do_recv	24	static
../Middlewares/Third_Party/LwIP/src/api/api_msg.c:1566:1:lwip_netconn_do_write	0	static
../Middlewares/Third_Party/LwIP/src/api/api_msg.c:1620:1:lwip_netconn_do_getaddr	8	static
../Middlewares/Third_Party/LwIP/src/api/api_msg.c:1684:1:lwip_netconn_do_close	8	static
