../Middlewares/Third_Party/LwIP/src/api/netbuf.c:56:9:netbuf_new	8	static
../Middlewares/Third_Party/LwIP/src/api/netbuf.c:87:1:netbuf_delete	8	static
../Middlewares/Third_Party/LwIP/src/api/netbuf.c:107:1:netbuf_alloc	16	static
../Middlewares/Third_Party/LwIP/src/api/netbuf.c:131:1:netbuf_free	8	static
../Middlewares/Third_Party/LwIP/src/api/netbuf.c:150:1:netbuf_ref	16	static
../Middlewares/Third_Party/LwIP/src/api/netbuf.c:174:1:netbuf_chain	16	static
../Middlewares/Third_Party/LwIP/src/api/netbuf.c:193:1:netbuf_data	4	static
../Middlewares/Third_Party/LwIP/src/api/netbuf.c:218:1:netbuf_next	0	static
../Middlewares/Third_Party/LwIP/src/api/netbuf.c:239:1:netbuf_first	0	static
