../Middlewares/Third_Party/LwIP/src/api/tcpip.c:82:1:tcpip_thread	16	static
../Middlewares/Third_Party/LwIP/src/api/tcpip.c:584:1:pbuf_free_int	0	static
../Middlewares/Third_Party/LwIP/src/api/tcpip.c:186:1:tcpip_input	16	static
../Middlewares/Third_Party/LwIP/src/api/tcpip.c:276:1:tcpip_callback_with_block	24	static
../Middlewares/Third_Party/LwIP/src/api/tcpip.c:371:1:tcpip_apimsg	32	static
../Middlewares/Third_Party/LwIP/src/api/tcpip.c:511:1:tcpip_callbackmsg_new	16	static
../Middlewares/Third_Party/LwIP/src/api/tcpip.c:529:1:tcpip_callbackmsg_delete	0	static
../Middlewares/Third_Party/LwIP/src/api/tcpip.c:542:1:tcpip_trycallback	8	static
../Middlewares/Third_Party/LwIP/src/api/tcpip.c:559:1:tcpip_init	24	static
../Middlewares/Third_Party/LwIP/src/api/tcpip.c:597:1:pbuf_free_callback	16	static
../Middlewares/Third_Party/LwIP/src/api/tcpip.c:610:1:mem_free_callback	16	static
