../Middlewares/ST/STM32_USB_Device_Library/Class/AUDIO/Src/usbd_conf.c:69:6:HAL_PCD_MspInit	88	static
../Middlewares/ST/STM32_USB_Device_Library/Class/AUDIO/Src/usbd_conf.c:198:6:HAL_PCD_MspDeInit	0	static
../Middlewares/ST/STM32_USB_Device_Library/Class/AUDIO/Src/usbd_conf.c:223:6:HAL_PCD_SetupStageCallback	0	static
../Middlewares/ST/STM32_USB_Device_Library/Class/AUDIO/Src/usbd_conf.c:234:6:HAL_PCD_DataOutStageCallback	0	static
../Middlewares/ST/STM32_USB_Device_Library/Class/AUDIO/Src/usbd_conf.c:245:6:HAL_PCD_DataInStageCallback	0	static
../Middlewares/ST/STM32_USB_Device_Library/Class/AUDIO/Src/usbd_conf.c:255:6:HAL_PCD_SOFCallback	0	static
../Middlewares/ST/STM32_USB_Device_Library/Class/AUDIO/Src/usbd_conf.c:265:6:HAL_PCD_ResetCallback	16	static
../Middlewares/ST/STM32_USB_Device_Library/Class/AUDIO/Src/usbd_conf.c:296:6:HAL_PCD_SuspendCallback	0	static
../Middlewares/ST/STM32_USB_Device_Library/Class/AUDIO/Src/usbd_conf.c:306:6:HAL_PCD_ResumeCallback	0	static
../Middlewares/ST/STM32_USB_Device_Library/Class/AUDIO/Src/usbd_conf.c:317:6:HAL_PCD_ISOOUTIncompleteCallback	0	static
../Middlewares/ST/STM32_USB_Device_Library/Class/AUDIO/Src/usbd_conf.c:328:6:HAL_PCD_ISOINIncompleteCallback	0	static
../Middlewares/ST/STM32_USB_Device_Library/Class/AUDIO/Src/usbd_conf.c:338:6:HAL_PCD_ConnectCallback	0	static
../Middlewares/ST/STM32_USB_Device_Library/Class/AUDIO/Src/usbd_conf.c:348:6:HAL_PCD_DisconnectCallback	0	static
../Middlewares/ST/STM32_USB_Device_Library/Class/AUDIO/Src/usbd_conf.c:363:20:USBD_LL_Init	16	static
../Middlewares/ST/STM32_USB_Device_Library/Class/AUDIO/Src/usbd_conf.c:437:20:USBD_LL_DeInit	8	static
../Middlewares/ST/STM32_USB_Device_Library/Class/AUDIO/Src/usbd_conf.c:448:20:USBD_LL_Start	8	static
../Middlewares/ST/STM32_USB_Device_Library/Class/AUDIO/Src/usbd_conf.c:459:20:USBD_LL_Stop	8	static
../Middlewares/ST/STM32_USB_Device_Library/Class/AUDIO/Src/usbd_conf.c:473:20:USBD_LL_OpenEP	8	static
../Middlewares/ST/STM32_USB_Device_Library/Class/AUDIO/Src/usbd_conf.c:492:20:USBD_LL_CloseEP	8	static
../Middlewares/ST/STM32_USB_Device_Library/Class/AUDIO/Src/usbd_conf.c:504:20:USBD_LL_FlushEP	8	static
../Middlewares/ST/STM32_USB_Device_Library/Class/AUDIO/Src/usbd_conf.c:516:20:USBD_LL_StallEP	8	static
../Middlewares/ST/STM32_USB_Device_Library/Class/AUDIO/Src/usbd_conf.c:528:20:USBD_LL_ClearStallEP	8	static
../Middlewares/ST/STM32_USB_Device_Library/Class/AUDIO/Src/usbd_conf.c:540:9:USBD_LL_IsStallEP	0	static
../Middlewares/ST/STM32_USB_Device_Library/Class/AUDIO/Src/usbd_conf.c:560:20:USBD_LL_SetUSBAddress	8	static
../Middlewares/ST/STM32_USB_Device_Library/Class/AUDIO/Src/usbd_conf.c:574:20:USBD_LL_Transmit	8	static
../Middlewares/ST/STM32_USB_Device_Library/Class/AUDIO/Src/usbd_conf.c:591:20:USBD_LL_PrepareReceive	8	static
../Middlewares/ST/STM32_USB_Device_Library/Class/AUDIO/Src/usbd_conf.c:606:10:USBD_LL_GetRxDataSize	8	static
../Middlewares/ST/STM32_USB_Device_Library/Class/AUDIO/Src/usbd_conf.c:616:6:USBD_LL_Delay	0	static
