../src/AudioPlayer.c:30:5:AUDIO_PLAYER_GetClock	8	static,ignoring_inline_asm
../src/AudioPlayer.c:45:6:AUDIO_PLAYER_ReleaseClock	16	static,ignoring_inline_asm
../src/AudioPlayer.c:57:5:AUDIO_PLAYER_GetState	0	static
../src/AudioPlayer.c:65:5:AUDIO_PLAYER_GetBuffer	0	static
../src/AudioPlayer.c:71:5:AUDIO_PLAYER_GetActiveBuffer	0	static
../src/AudioPlayer.c:92:20:AUDIO_PLAYER_Init	8	static
../src/AudioPlayer.c:125:20:AUDIO_PLAYER_Start	8	static
../src/AudioPlayer.c:132:6:AUDIO_PLAYER_Restart	8	static
../src/AudioPlayer.c:144:20:AUDIO_PLAYER_Process	0	static
../src/AudioPlayer.c:154:20:AUDIO_PLAYER_Stop	8	static
../src/AudioPlayer.c:165:6:BSP_AUDIO_OUT_TransferComplete_CallBack	16	static,ignoring_inline_asm
../src/AudioPlayer.c:176:6:BSP_AUDIO_OUT_HalfTransfer_CallBack	16	static,ignoring_inline_asm
../src/AudioPlayer.c:187:6:AUDIO_PLAYER_CpyBuf	8	static
../src/AudioPlayer.c:205:6:AUDIO_PLAYER_ClrBuf	0	static
../src/AudioPlayer.c:219:6:AUDIO_PLAYER_QueueBuf	24	static
../src/AudioPlayer.c:256:6:AUDIO_PLAYER_UDANTERestart	0	static
../src/AudioPlayer.c:267:15:AUDIO_PLAYER_GetHeartbeat	0	static
../src/AudioPlayer.c:288:6:AUDIO_PLAYER_IncHeartbeat	0	static
../src/AudioPlayer.c:293:6:AUDIO_Volume	16	static
