../src/main.c:1152:13:UARTCmd_Thread	8	static
../src/main.c:1167:6:Display_FFTPage	8	static
../src/main.c:278:13:Audio_Thread	136	static,ignoring_inline_asm
../src/main.c:1223:6:HAL_DSI_EndOfRefreshCallback	8	static
../src/main.c:1351:6:LTDC_Init	16	static
../src/main.c:1438:6:MPU_Config	32	static
../src/main.c:1515:6:SystemClock_Config	96	static
../src/main.c:1588:6:CPU_CACHE_Enable	8	static,ignoring_inline_asm
../src/main.c:175:5:main	48	static
../src/main.c:1622:6:BSP_AUDIO_IN_TransferComplete_CallBack	0	static
../src/main.c:1626:6:BSP_AUDIO_IN_HalfTransfer_CallBack	0	static
