../src/stm32f7xx_it.c:51:6:NMI_Handler	0	static
../src/stm32f7xx_it.c:69:6:hard_fault_handler_c	8	static
../src/stm32f7xx_it.c:108:6:MemManage_Handler	0	static
../src/stm32f7xx_it.c:121:6:BusFault_Handler	0	static
../src/stm32f7xx_it.c:134:6:UsageFault_Handler	0	static
../src/stm32f7xx_it.c:158:6:DebugMon_Handler	0	static
../src/stm32f7xx_it.c:178:6:SysTick_Handler	8	static
../src/stm32f7xx_it.c:198:6:DSI_IRQHandler	0	static
../src/stm32f7xx_it.c:211:6:OTG_HS_IRQHandler	0	static
../src/stm32f7xx_it.c:222:6:SDMMC2_IRQHandler	0	static
../src/stm32f7xx_it.c:259:6:DMA2_Stream1_IRQHandler	0	static
../src/stm32f7xx_it.c:272:6:DMA2_Stream0_IRQHandler	0	static
../src/stm32f7xx_it.c:285:6:DMA2_Stream5_IRQHandler	0	static
../src/stm32f7xx_it.c:298:6:SPDIF_RX_IRQHandler	0	static
../src/stm32f7xx_it.c:305:6:DMA1_Stream1_IRQHandler	0	static
../src/stm32f7xx_it.c:322:6:DMA2_Stream2_IRQHandler	0	static
../src/stm32f7xx_it.c:343:6:DMA2_Stream4_IRQHandler	0	static
../src/stm32f7xx_it.c:353:6:ETH_IRQHandler	0	static
../src/stm32f7xx_it.c:361:6:USART1_IRQHandler	0	static
