../src/VCP_UART.c:69:6:HAL_UART_MspInit.part.0	48	static
../src/VCP_UART.c:69:6:HAL_UART_MspInit	0	static
../src/VCP_UART.c:118:6:HAL_UART_MspDeInit	8	static
../src/VCP_UART.c:145:6:UART_Init	16	static
../src/VCP_UART.c:168:6:UART_Tx	16	static
../src/VCP_UART.c:192:5:UART_RxChar	8	static,ignoring_inline_asm
../src/VCP_UART.c:229:5:UART_getString	32	static,ignoring_inline_asm
../src/VCP_UART.c:305:5:UART_putString	24	static
../src/VCP_UART.c:325:6:HAL_UART_TxCpltCallback	0	static
../src/VCP_UART.c:337:6:HAL_UART_TxHalfCpltCallback	0	static
../src/VCP_UART.c:348:6:HAL_UART_RxCpltCallback	8	static,ignoring_inline_asm
../src/VCP_UART.c:367:6:HAL_UART_RxHalfCpltCallback	0	static
../src/VCP_UART.c:378:6:HAL_UART_ErrorCallback	0	static
