../Middlewares/Third_Party/LwIP/src/core/ipv4/dhcp.c:1700:1:dhcp_create_msg	24	static
../Middlewares/Third_Party/LwIP/src/core/ipv4/dhcp.c:961:1:dhcp_bind	16	static
../Middlewares/Third_Party/LwIP/src/core/ipv4/dhcp.c:905:1:dhcp_discover	64	static
../Middlewares/Third_Party/LwIP/src/core/ipv4/dhcp.c:1159:1:dhcp_reboot.isra	40	static
../Middlewares/Third_Party/LwIP/src/core/ipv4/dhcp.c:295:1:dhcp_select.isra	80	static
../Middlewares/Third_Party/LwIP/src/core/ipv4/dhcp.c:1590:1:dhcp_recv	72	static
../Middlewares/Third_Party/LwIP/src/core/ipv4/dhcp.c:610:1:dhcp_set_struct	8	static
../Middlewares/Third_Party/LwIP/src/core/ipv4/dhcp.c:629:6:dhcp_cleanup	8	static
../Middlewares/Third_Party/LwIP/src/core/ipv4/dhcp.c:652:1:dhcp_start	16	static
../Middlewares/Third_Party/LwIP/src/core/ipv4/dhcp.c:740:1:dhcp_inform	104	static
../Middlewares/Third_Party/LwIP/src/core/ipv4/dhcp.c:794:1:dhcp_network_changed	0	static
../Middlewares/Third_Party/LwIP/src/core/ipv4/dhcp.c:834:6:dhcp_arp_reply	48	static
../Middlewares/Third_Party/LwIP/src/core/ipv4/dhcp.c:1069:1:dhcp_renew	32	static
../Middlewares/Third_Party/LwIP/src/core/ipv4/dhcp.c:1203:1:dhcp_release	48	static
../Middlewares/Third_Party/LwIP/src/core/ipv4/dhcp.c:351:1:dhcp_coarse_tmr	48	static
../Middlewares/Third_Party/LwIP/src/core/ipv4/dhcp.c:390:1:dhcp_fine_tmr	24	static
../Middlewares/Third_Party/LwIP/src/core/ipv4/dhcp.c:1265:1:dhcp_stop	8	static
../Middlewares/Third_Party/LwIP/src/core/ipv4/dhcp.c:1839:1:dhcp_supplied_address	0	static
