../Utilities/Components/ft6x06/ft6x06.c:164:6:ft6x06_Reset	0	static
../Utilities/Components/ft6x06/ft6x06.c:317:9:ft6x06_TS_ITStatus	0	static
../Utilities/Components/ft6x06/ft6x06.c:176:10:ft6x06_ReadID	8	static
../Utilities/Components/ft6x06/ft6x06.c:214:9:ft6x06_TS_DetectTouch	16	static
../Utilities/Components/ft6x06/ft6x06.c:246:6:ft6x06_TS_GetXY	24	static
../Utilities/Components/ft6x06/ft6x06.c:285:6:ft6x06_TS_EnableIT	0	static
../Utilities/Components/ft6x06/ft6x06.c:192:6:ft6x06_TS_Start	0	static
../Utilities/Components/ft6x06/ft6x06.c:133:6:ft6x06_Init	0	static
../Utilities/Components/ft6x06/ft6x06.c:330:6:ft6x06_TS_ClearIT	0	static
../Utilities/Components/ft6x06/ft6x06.c:300:6:ft6x06_TS_DisableIT	0	static
